#! /usr/bin/vvp
:ivl_version "12.0 (stable)";
:ivl_delay_selection "TYPICAL";
:vpi_time_precision - 12;
:vpi_module "/usr/lib/x86_64-linux-gnu/ivl/system.vpi";
:vpi_module "/usr/lib/x86_64-linux-gnu/ivl/vhdl_sys.vpi";
:vpi_module "/usr/lib/x86_64-linux-gnu/ivl/vhdl_textio.vpi";
:vpi_module "/usr/lib/x86_64-linux-gnu/ivl/v2005_math.vpi";
:vpi_module "/usr/lib/x86_64-linux-gnu/ivl/va_math.vpi";
:vpi_module "/usr/lib/x86_64-linux-gnu/ivl/v2009.vpi";
S_0x5aae8ed2e940 .scope package, "$unit" "$unit" 2 1;
 .timescale 0 0;
S_0x5aae8ecbb3a0 .scope module, "uart_tx_tb" "uart_tx_tb" 3 12;
 .timescale -9 -12;
P_0x5aae8ecd0640 .param/l "CLKS_PER_BIT" 1 3 14, +C4<00000000000000000000000000001010>;
P_0x5aae8ecd0680 .param/l "CLK_PERIOD_NS" 1 3 15, +C4<00000000000000000000000000001010>;
L_0x5aae8ed746a0 .functor BUFZ 1, v0x5aae8ed5dc30_0, C4<0>, C4<0>, C4<0>;
L_0x5aae8ed74760 .functor BUFZ 1, v0x5aae8ed5dcf0_0, C4<0>, C4<0>, C4<0>;
L_0x5aae8ed74820 .functor BUFZ 1, v0x5aae8ed5de70_0, C4<0>, C4<0>, C4<0>;
v0x5aae8ed619f0 .array "bytes", 6 0, 7 0;
v0x5aae8ed61ad0 .array "cap", 511 0, 0 0;
v0x5aae8ed61b90_0 .var/i "ci", 31 0;
v0x5aae8ed61c60_0 .var "clk", 0 0;
v0x5aae8ed61d00_0 .var/i "fail_count", 31 0;
v0x5aae8ed61e30_0 .var "framing_error", 0 0;
v0x5aae8ed61ef0_0 .var/i "i", 31 0;
v0x5aae8ed61fd0_0 .var "last_rx_data", 7 0;
v0x5aae8ed620b0_0 .var "parity_error", 0 0;
v0x5aae8ed62170_0 .var/i "pass_count", 31 0;
v0x5aae8ed62250_0 .var "reset", 0 0;
v0x5aae8ed622f0_0 .net "restart_even", 0 0, L_0x5aae8ed2d590;  1 drivers
v0x5aae8ed62390_0 .net "restart_none", 0 0, L_0x5aae8ed033b0;  1 drivers
v0x5aae8ed62480_0 .net "restart_odd", 0 0, L_0x5aae8ed35250;  1 drivers
v0x5aae8ed62570_0 .var "rx_busy", 0 0;
v0x5aae8ed62630_0 .var "rx_data", 7 0;
v0x5aae8ed62710_0 .var "rx_valid", 0 0;
v0x5aae8ed628e0_0 .var/i "test_num", 31 0;
v0x5aae8ed629c0_0 .net "tick_even", 0 0, L_0x5aae8ed73e20;  1 drivers
v0x5aae8ed62ab0_0 .net "tick_none", 0 0, L_0x5aae8ed739a0;  1 drivers
v0x5aae8ed62ba0_0 .net "tick_odd", 0 0, L_0x5aae8ed74290;  1 drivers
v0x5aae8ed62c90_0 .net "tx_busy", 0 0, L_0x5aae8ed74760;  1 drivers
v0x5aae8ed62d50_0 .net "tx_busy_even", 0 0, v0x5aae8ed5c520_0;  1 drivers
v0x5aae8ed62df0_0 .net "tx_busy_none", 0 0, v0x5aae8ed5dcf0_0;  1 drivers
v0x5aae8ed62e90_0 .net "tx_busy_odd", 0 0, v0x5aae8ed5f370_0;  1 drivers
v0x5aae8ed62f30_0 .var "tx_data", 7 0;
v0x5aae8ed62fd0_0 .net "tx_done", 0 0, L_0x5aae8ed74820;  1 drivers
v0x5aae8ed63070_0 .net "tx_done_even", 0 0, v0x5aae8ed5c6c0_0;  1 drivers
v0x5aae8ed63110_0 .net "tx_done_none", 0 0, v0x5aae8ed5de70_0;  1 drivers
v0x5aae8ed631b0_0 .net "tx_done_odd", 0 0, v0x5aae8ed5f4f0_0;  1 drivers
v0x5aae8ed63250_0 .net "tx_even", 0 0, v0x5aae8ed5c460_0;  1 drivers
v0x5aae8ed632f0_0 .net "tx_line", 0 0, L_0x5aae8ed746a0;  1 drivers
v0x5aae8ed63390_0 .net "tx_none", 0 0, v0x5aae8ed5dc30_0;  1 drivers
v0x5aae8ed63670_0 .net "tx_odd", 0 0, v0x5aae8ed5f2b0_0;  1 drivers
v0x5aae8ed63740_0 .var "tx_start", 0 0;
S_0x5aae8ecbb5d0 .scope module, "bg_even" "baud_gen" 3 35, 4 25 0, S_0x5aae8ecbb3a0;
 .timescale 0 0;
    .port_info 0 /INPUT 1 "clk";
    .port_info 1 /INPUT 1 "reset";
    .port_info 2 /INPUT 1 "restart";
    .port_info 3 /OUTPUT 1 "tick";
P_0x5aae8ed352c0 .param/l "CLKS_PER_BIT" 0 4 26, +C4<00000000000000000000000000001010>;
P_0x5aae8ed35300 .param/l "CW" 1 4 35, +C4<00000000000000000000000000000100>;
v0x5aae8ed0ba00_0 .net *"_ivl_0", 31 0, L_0x5aae8ed73d00;  1 drivers
L_0x783c7d2ce0f0 .functor BUFT 1, C4<0000000000000000000000000000>, C4<0>, C4<0>, C4<0>;
v0x5aae8ed0e5a0_0 .net *"_ivl_3", 27 0, L_0x783c7d2ce0f0;  1 drivers
L_0x783c7d2ce138 .functor BUFT 1, C4<00000000000000000000000000001001>, C4<0>, C4<0>, C4<0>;
v0x5aae8ed05ca0_0 .net/2u *"_ivl_4", 31 0, L_0x783c7d2ce138;  1 drivers
v0x5aae8ed099c0_0 .net "clk", 0 0, v0x5aae8ed61c60_0;  1 drivers
v0x5aae8ed03550_0 .var "count", 3 0;
v0x5aae8ed2d730_0 .net "reset", 0 0, v0x5aae8ed62250_0;  1 drivers
v0x5aae8ed20c40_0 .net "restart", 0 0, L_0x5aae8ed2d590;  alias, 1 drivers
v0x5aae8ed57ab0_0 .net "tick", 0 0, L_0x5aae8ed73e20;  alias, 1 drivers
E_0x5aae8ec7fa70 .event posedge, v0x5aae8ed099c0_0;
L_0x5aae8ed73d00 .concat [ 4 28 0 0], v0x5aae8ed03550_0, L_0x783c7d2ce0f0;
L_0x5aae8ed73e20 .cmp/eq 32, L_0x5aae8ed73d00, L_0x783c7d2ce138;
S_0x5aae8ed57bf0 .scope module, "bg_none" "baud_gen" 3 29, 4 25 0, S_0x5aae8ecbb3a0;
 .timescale 0 0;
    .port_info 0 /INPUT 1 "clk";
    .port_info 1 /INPUT 1 "reset";
    .port_info 2 /INPUT 1 "restart";
    .port_info 3 /OUTPUT 1 "tick";
P_0x5aae8ed3ba70 .param/l "CLKS_PER_BIT" 0 4 26, +C4<00000000000000000000000000001010>;
P_0x5aae8ed3bab0 .param/l "CW" 1 4 35, +C4<00000000000000000000000000000100>;
v0x5aae8ed57f80_0 .net *"_ivl_0", 31 0, L_0x5aae8ed637e0;  1 drivers
L_0x783c7d2ce018 .functor BUFT 1, C4<0000000000000000000000000000>, C4<0>, C4<0>, C4<0>;
v0x5aae8ed58060_0 .net *"_ivl_3", 27 0, L_0x783c7d2ce018;  1 drivers
L_0x783c7d2ce060 .functor BUFT 1, C4<00000000000000000000000000001001>, C4<0>, C4<0>, C4<0>;
v0x5aae8ed58140_0 .net/2u *"_ivl_4", 31 0, L_0x783c7d2ce060;  1 drivers
v0x5aae8ed58230_0 .net "clk", 0 0, v0x5aae8ed61c60_0;  alias, 1 drivers
v0x5aae8ed58300_0 .var "count", 3 0;
v0x5aae8ed58410_0 .net "reset", 0 0, v0x5aae8ed62250_0;  alias, 1 drivers
v0x5aae8ed584b0_0 .net "restart", 0 0, L_0x5aae8ed033b0;  alias, 1 drivers
v0x5aae8ed58550_0 .net "tick", 0 0, L_0x5aae8ed739a0;  alias, 1 drivers
L_0x5aae8ed637e0 .concat [ 4 28 0 0], v0x5aae8ed58300_0, L_0x783c7d2ce018;
L_0x5aae8ed739a0 .cmp/eq 32, L_0x5aae8ed637e0, L_0x783c7d2ce060;
S_0x5aae8ed586c0 .scope module, "bg_odd" "baud_gen" 3 41, 4 25 0, S_0x5aae8ecbb3a0;
 .timescale 0 0;
    .port_info 0 /INPUT 1 "clk";
    .port_info 1 /INPUT 1 "reset";
    .port_info 2 /INPUT 1 "restart";
    .port_info 3 /OUTPUT 1 "tick";
P_0x5aae8ed57e40 .param/l "CLKS_PER_BIT" 0 4 26, +C4<00000000000000000000000000001010>;
P_0x5aae8ed57e80 .param/l "CW" 1 4 35, +C4<00000000000000000000000000000100>;
v0x5aae8ed58a60_0 .net *"_ivl_0", 31 0, L_0x5aae8ed74170;  1 drivers
L_0x783c7d2ce1c8 .functor BUFT 1, C4<0000000000000000000000000000>, C4<0>, C4<0>, C4<0>;
v0x5aae8ed58b40_0 .net *"_ivl_3", 27 0, L_0x783c7d2ce1c8;  1 drivers
L_0x783c7d2ce210 .functor BUFT 1, C4<00000000000000000000000000001001>, C4<0>, C4<0>, C4<0>;
v0x5aae8ed58c20_0 .net/2u *"_ivl_4", 31 0, L_0x783c7d2ce210;  1 drivers
v0x5aae8ed58d10_0 .net "clk", 0 0, v0x5aae8ed61c60_0;  alias, 1 drivers
v0x5aae8ed58e00_0 .var "count", 3 0;
v0x5aae8ed58f30_0 .net "reset", 0 0, v0x5aae8ed62250_0;  alias, 1 drivers
v0x5aae8ed59020_0 .net "restart", 0 0, L_0x5aae8ed35250;  alias, 1 drivers
v0x5aae8ed590e0_0 .net "tick", 0 0, L_0x5aae8ed74290;  alias, 1 drivers
L_0x5aae8ed74170 .concat [ 4 28 0 0], v0x5aae8ed58e00_0, L_0x783c7d2ce1c8;
L_0x5aae8ed74290 .cmp/eq 32, L_0x5aae8ed74170, L_0x783c7d2ce210;
S_0x5aae8ed59220 .scope task, "capture_and_check_even" "capture_and_check_even" 3 94, 3 94 0, S_0x5aae8ecbb3a0;
 .timescale -9 -12;
v0x5aae8ed59460_0 .var/i "base", 31 0;
v0x5aae8ed59560_0 .var "data_byte", 7 0;
v0x5aae8ed59640_0 .var "exp_parity", 0 0;
v0x5aae8ed596e0_0 .var/i "samp", 31 0;
v0x5aae8ed597c0_0 .var/i "seg", 31 0;
v0x5aae8ed598f0_0 .var "seg_ok", 0 0;
v0x5aae8ed599b0_0 .var "seg_val", 0 0;
v0x5aae8ed59a70_0 .var/i "total_bits", 31 0;
E_0x5aae8ecb9170 .event negedge, v0x5aae8ed099c0_0;
E_0x5aae8ec7fd00 .event anyedge, v0x5aae8ed5c460_0;
TD_uart_tx_tb.capture_and_check_even ;
    %pushi/vec4 11, 0, 32;
    %store/vec4 v0x5aae8ed59a70_0, 0, 32;
    %alloc S_0x5aae8ed5f810;
    %load/vec4 v0x5aae8ed59560_0;
    %pushi/vec4 1, 0, 2;
    %store/vec4 v0x5aae8ed5fb80_0, 0, 2;
    %store/vec4 v0x5aae8ed5f9a0_0, 0, 8;
    %callf/vec4 TD_uart_tx_tb.model_parity_bit, S_0x5aae8ed5f810;
    %free S_0x5aae8ed5f810;
    %store/vec4 v0x5aae8ed59640_0, 0, 1;
T_0.0 ;
    %load/vec4 v0x5aae8ed63250_0;
    %pushi/vec4 0, 0, 1;
    %cmp/e;
    %flag_get/vec4 4;
    %cmpi/ne 1, 0, 1;
    %jmp/0xz T_0.1, 6;
    %wait E_0x5aae8ec7fd00;
    %jmp T_0.0;
T_0.1 ;
    %wait E_0x5aae8ecb9170;
    %pushi/vec4 0, 0, 32;
    %store/vec4 v0x5aae8ed61b90_0, 0, 32;
T_0.2 ;
    %load/vec4 v0x5aae8ed61b90_0;
    %load/vec4 v0x5aae8ed59a70_0;
    %muli 10, 0, 32;
    %cmp/s;
    %jmp/0xz T_0.3, 5;
    %load/vec4 v0x5aae8ed63250_0;
    %ix/getv/s 4, v0x5aae8ed61b90_0;
    %store/vec4a v0x5aae8ed61ad0, 4, 0;
    %wait E_0x5aae8ecb9170;
    %load/vec4 v0x5aae8ed61b90_0;
    %addi 1, 0, 32;
    %store/vec4 v0x5aae8ed61b90_0, 0, 32;
    %jmp T_0.2;
T_0.3 ;
    %pushi/vec4 0, 0, 32;
    %store/vec4 v0x5aae8ed597c0_0, 0, 32;
T_0.4 ;
    %load/vec4 v0x5aae8ed597c0_0;
    %load/vec4 v0x5aae8ed59a70_0;
    %cmp/s;
    %jmp/0xz T_0.5, 5;
    %load/vec4 v0x5aae8ed597c0_0;
    %muli 10, 0, 32;
    %store/vec4 v0x5aae8ed59460_0, 0, 32;
    %ix/getv/s 4, v0x5aae8ed59460_0;
    %load/vec4a v0x5aae8ed61ad0, 4;
    %store/vec4 v0x5aae8ed599b0_0, 0, 1;
    %pushi/vec4 1, 0, 1;
    %store/vec4 v0x5aae8ed598f0_0, 0, 1;
    %pushi/vec4 0, 0, 32;
    %store/vec4 v0x5aae8ed596e0_0, 0, 32;
T_0.6 ;
    %load/vec4 v0x5aae8ed596e0_0;
    %cmpi/s 10, 0, 32;
    %jmp/0xz T_0.7, 5;
    %load/vec4 v0x5aae8ed59460_0;
    %load/vec4 v0x5aae8ed596e0_0;
    %add;
    %ix/vec4/s 4;
    %load/vec4a v0x5aae8ed61ad0, 4;
    %load/vec4 v0x5aae8ed599b0_0;
    %cmp/ne;
    %jmp/0xz  T_0.8, 6;
    %pushi/vec4 0, 0, 1;
    %store/vec4 v0x5aae8ed598f0_0, 0, 1;
T_0.8 ;
    %load/vec4 v0x5aae8ed596e0_0;
    %addi 1, 0, 32;
    %store/vec4 v0x5aae8ed596e0_0, 0, 32;
    %jmp T_0.6;
T_0.7 ;
    %load/vec4 v0x5aae8ed597c0_0;
    %cmpi/e 0, 0, 32;
    %jmp/0xz  T_0.10, 4;
    %pushi/vec4 0, 0, 32; draw_string_vec4
    %pushi/vec4 0, 0, 32; draw_string_vec4
    %concat/vec4; draw_string_vec4
    %pushi/vec4 0, 0, 32; draw_string_vec4
    %concat/vec4; draw_string_vec4
    %pushi/vec4 0, 0, 32; draw_string_vec4
    %concat/vec4; draw_string_vec4
    %pushi/vec4 0, 0, 32; draw_string_vec4
    %concat/vec4; draw_string_vec4
    %pushi/vec4 0, 0, 32; draw_string_vec4
    %concat/vec4; draw_string_vec4
    %pushi/vec4 0, 0, 32; draw_string_vec4
    %concat/vec4; draw_string_vec4
    %pushi/vec4 0, 0, 32; draw_string_vec4
    %concat/vec4; draw_string_vec4
    %pushi/vec4 0, 0, 32; draw_string_vec4
    %concat/vec4; draw_string_vec4
    %pushi/vec4 4544069, 0, 32; draw_string_vec4
    %concat/vec4; draw_string_vec4
    %pushi/vec4 1312432243, 0, 32; draw_string_vec4
    %concat/vec4; draw_string_vec4
    %pushi/vec4 1952543348, 0, 32; draw_string_vec4
    %concat/vec4; draw_string_vec4
    %pushi/vec4 543320436, 0, 32; draw_string_vec4
    %concat/vec4; draw_string_vec4
    %store/vec4 v0x5aae8ed5b440_0, 0, 416;
    %load/vec4 v0x5aae8ed598f0_0;
    %flag_set/vec4 8;
    %flag_get/vec4 8;
    %jmp/0 T_0.12, 8;
    %load/vec4 v0x5aae8ed599b0_0;
    %pushi/vec4 0, 0, 1;
    %cmp/e;
    %flag_get/vec4 6;
    %and;
T_0.12;
    %store/vec4 v0x5aae8ed5b360_0, 0, 1;
    %fork TD_uart_tx_tb.check_cond, S_0x5aae8ed5b180;
    %join;
    %jmp T_0.11;
T_0.10 ;
    %load/vec4 v0x5aae8ed597c0_0;
    %cmpi/s 8, 0, 32;
    %flag_or 5, 4;
    %jmp/0xz  T_0.13, 5;
    %pushi/vec4 0, 0, 32; draw_string_vec4
    %pushi/vec4 0, 0, 32; draw_string_vec4
    %concat/vec4; draw_string_vec4
    %pushi/vec4 0, 0, 32; draw_string_vec4
    %concat/vec4; draw_string_vec4
    %pushi/vec4 0, 0, 32; draw_string_vec4
    %concat/vec4; draw_string_vec4
    %pushi/vec4 0, 0, 32; draw_string_vec4
    %concat/vec4; draw_string_vec4
    %pushi/vec4 0, 0, 32; draw_string_vec4
    %concat/vec4; draw_string_vec4
    %pushi/vec4 17750, 0, 32; draw_string_vec4
    %concat/vec4; draw_string_vec4
    %pushi/vec4 1162754592, 0, 32; draw_string_vec4
    %concat/vec4; draw_string_vec4
    %pushi/vec4 1684108385, 0, 32; draw_string_vec4
    %concat/vec4; draw_string_vec4
    %pushi/vec4 543320436, 0, 32; draw_string_vec4
    %concat/vec4; draw_string_vec4
    %pushi/vec4 539511891, 0, 32; draw_string_vec4
    %concat/vec4; draw_string_vec4
    %pushi/vec4 1109419625, 0, 32; draw_string_vec4
    %concat/vec4; draw_string_vec4
    %pushi/vec4 1920169001, 0, 32; draw_string_vec4
    %concat/vec4; draw_string_vec4
    %store/vec4 v0x5aae8ed5b440_0, 0, 416;
    %load/vec4 v0x5aae8ed598f0_0;
    %flag_set/vec4 8;
    %flag_get/vec4 8;
    %jmp/0 T_0.15, 8;
    %load/vec4 v0x5aae8ed599b0_0;
    %load/vec4 v0x5aae8ed59560_0;
    %load/vec4 v0x5aae8ed597c0_0;
    %subi 1, 0, 32;
    %part/s 1;
    %cmp/e;
    %flag_get/vec4 6;
    %and;
T_0.15;
    %store/vec4 v0x5aae8ed5b360_0, 0, 1;
    %fork TD_uart_tx_tb.check_cond, S_0x5aae8ed5b180;
    %join;
    %jmp T_0.14;
T_0.13 ;
    %load/vec4 v0x5aae8ed597c0_0;
    %cmpi/e 9, 0, 32;
    %jmp/0xz  T_0.16, 4;
    %pushi/vec4 0, 0, 32; draw_string_vec4
    %pushi/vec4 0, 0, 32; draw_string_vec4
    %concat/vec4; draw_string_vec4
    %pushi/vec4 0, 0, 32; draw_string_vec4
    %concat/vec4; draw_string_vec4
    %pushi/vec4 0, 0, 32; draw_string_vec4
    %concat/vec4; draw_string_vec4
    %pushi/vec4 0, 0, 32; draw_string_vec4
    %concat/vec4; draw_string_vec4
    %pushi/vec4 0, 0, 32; draw_string_vec4
    %concat/vec4; draw_string_vec4
    %pushi/vec4 0, 0, 32; draw_string_vec4
    %concat/vec4; draw_string_vec4
    %pushi/vec4 0, 0, 32; draw_string_vec4
    %concat/vec4; draw_string_vec4
    %pushi/vec4 0, 0, 32; draw_string_vec4
    %concat/vec4; draw_string_vec4
    %pushi/vec4 1163281742, 0, 32; draw_string_vec4
    %concat/vec4; draw_string_vec4
    %pushi/vec4 975204449, 0, 32; draw_string_vec4
    %concat/vec4; draw_string_vec4
    %pushi/vec4 1919513721, 0, 32; draw_string_vec4
    %concat/vec4; draw_string_vec4
    %pushi/vec4 543320436, 0, 32; draw_string_vec4
    %concat/vec4; draw_string_vec4
    %store/vec4 v0x5aae8ed5b440_0, 0, 416;
    %load/vec4 v0x5aae8ed598f0_0;
    %flag_set/vec4 8;
    %flag_get/vec4 8;
    %jmp/0 T_0.18, 8;
    %load/vec4 v0x5aae8ed599b0_0;
    %load/vec4 v0x5aae8ed59640_0;
    %cmp/e;
    %flag_get/vec4 6;
    %and;
T_0.18;
    %store/vec4 v0x5aae8ed5b360_0, 0, 1;
    %fork TD_uart_tx_tb.check_cond, S_0x5aae8ed5b180;
    %join;
    %jmp T_0.17;
T_0.16 ;
    %pushi/vec4 0, 0, 32; draw_string_vec4
    %pushi/vec4 0, 0, 32; draw_string_vec4
    %concat/vec4; draw_string_vec4
    %pushi/vec4 0, 0, 32; draw_string_vec4
    %concat/vec4; draw_string_vec4
    %pushi/vec4 0, 0, 32; draw_string_vec4
    %concat/vec4; draw_string_vec4
    %pushi/vec4 0, 0, 32; draw_string_vec4
    %concat/vec4; draw_string_vec4
    %pushi/vec4 0, 0, 32; draw_string_vec4
    %concat/vec4; draw_string_vec4
    %pushi/vec4 0, 0, 32; draw_string_vec4
    %concat/vec4; draw_string_vec4
    %pushi/vec4 0, 0, 32; draw_string_vec4
    %concat/vec4; draw_string_vec4
    %pushi/vec4 0, 0, 32; draw_string_vec4
    %concat/vec4; draw_string_vec4
    %pushi/vec4 17750, 0, 32; draw_string_vec4
    %concat/vec4; draw_string_vec4
    %pushi/vec4 1162754592, 0, 32; draw_string_vec4
    %concat/vec4; draw_string_vec4
    %pushi/vec4 1937010544, 0, 32; draw_string_vec4
    %concat/vec4; draw_string_vec4
    %pushi/vec4 543320436, 0, 32; draw_string_vec4
    %concat/vec4; draw_string_vec4
    %store/vec4 v0x5aae8ed5b440_0, 0, 416;
    %load/vec4 v0x5aae8ed598f0_0;
    %flag_set/vec4 8;
    %flag_get/vec4 8;
    %jmp/0 T_0.19, 8;
    %load/vec4 v0x5aae8ed599b0_0;
    %pushi/vec4 1, 0, 1;
    %cmp/e;
    %flag_get/vec4 6;
    %and;
T_0.19;
    %store/vec4 v0x5aae8ed5b360_0, 0, 1;
    %fork TD_uart_tx_tb.check_cond, S_0x5aae8ed5b180;
    %join;
T_0.17 ;
T_0.14 ;
T_0.11 ;
    %load/vec4 v0x5aae8ed597c0_0;
    %addi 1, 0, 32;
    %store/vec4 v0x5aae8ed597c0_0, 0, 32;
    %jmp T_0.4;
T_0.5 ;
    %end;
S_0x5aae8ed59b50 .scope task, "capture_and_check_none" "capture_and_check_none" 3 67, 3 67 0, S_0x5aae8ecbb3a0;
 .timescale -9 -12;
v0x5aae8ed59dc0_0 .var/i "base", 31 0;
v0x5aae8ed59ec0_0 .var "data_byte", 7 0;
v0x5aae8ed59fa0_0 .var/i "samp", 31 0;
v0x5aae8ed5a060_0 .var/i "seg", 31 0;
v0x5aae8ed5a140_0 .var "seg_ok", 0 0;
v0x5aae8ed5a250_0 .var "seg_val", 0 0;
v0x5aae8ed5a310_0 .var/i "total_bits", 31 0;
E_0x5aae8ec7ff50 .event anyedge, v0x5aae8ed5dc30_0;
TD_uart_tx_tb.capture_and_check_none ;
    %pushi/vec4 10, 0, 32;
    %store/vec4 v0x5aae8ed5a310_0, 0, 32;
T_1.20 ;
    %load/vec4 v0x5aae8ed63390_0;
    %pushi/vec4 0, 0, 1;
    %cmp/e;
    %flag_get/vec4 4;
    %cmpi/ne 1, 0, 1;
    %jmp/0xz T_1.21, 6;
    %wait E_0x5aae8ec7ff50;
    %jmp T_1.20;
T_1.21 ;
    %wait E_0x5aae8ecb9170;
    %pushi/vec4 0, 0, 32;
    %store/vec4 v0x5aae8ed61b90_0, 0, 32;
T_1.22 ;
    %load/vec4 v0x5aae8ed61b90_0;
    %load/vec4 v0x5aae8ed5a310_0;
    %muli 10, 0, 32;
    %cmp/s;
    %jmp/0xz T_1.23, 5;
    %load/vec4 v0x5aae8ed63390_0;
    %ix/getv/s 4, v0x5aae8ed61b90_0;
    %store/vec4a v0x5aae8ed61ad0, 4, 0;
    %wait E_0x5aae8ecb9170;
    %load/vec4 v0x5aae8ed61b90_0;
    %addi 1, 0, 32;
    %store/vec4 v0x5aae8ed61b90_0, 0, 32;
    %jmp T_1.22;
T_1.23 ;
    %pushi/vec4 0, 0, 32;
    %store/vec4 v0x5aae8ed5a060_0, 0, 32;
T_1.24 ;
    %load/vec4 v0x5aae8ed5a060_0;
    %load/vec4 v0x5aae8ed5a310_0;
    %cmp/s;
    %jmp/0xz T_1.25, 5;
    %load/vec4 v0x5aae8ed5a060_0;
    %muli 10, 0, 32;
    %store/vec4 v0x5aae8ed59dc0_0, 0, 32;
    %ix/getv/s 4, v0x5aae8ed59dc0_0;
    %load/vec4a v0x5aae8ed61ad0, 4;
    %store/vec4 v0x5aae8ed5a250_0, 0, 1;
    %pushi/vec4 1, 0, 1;
    %store/vec4 v0x5aae8ed5a140_0, 0, 1;
    %pushi/vec4 0, 0, 32;
    %store/vec4 v0x5aae8ed59fa0_0, 0, 32;
T_1.26 ;
    %load/vec4 v0x5aae8ed59fa0_0;
    %cmpi/s 10, 0, 32;
    %jmp/0xz T_1.27, 5;
    %load/vec4 v0x5aae8ed59dc0_0;
    %load/vec4 v0x5aae8ed59fa0_0;
    %add;
    %ix/vec4/s 4;
    %load/vec4a v0x5aae8ed61ad0, 4;
    %load/vec4 v0x5aae8ed5a250_0;
    %cmp/ne;
    %jmp/0xz  T_1.28, 6;
    %pushi/vec4 0, 0, 1;
    %store/vec4 v0x5aae8ed5a140_0, 0, 1;
T_1.28 ;
    %load/vec4 v0x5aae8ed59fa0_0;
    %addi 1, 0, 32;
    %store/vec4 v0x5aae8ed59fa0_0, 0, 32;
    %jmp T_1.26;
T_1.27 ;
    %load/vec4 v0x5aae8ed5a060_0;
    %cmpi/e 0, 0, 32;
    %jmp/0xz  T_1.30, 4;
    %pushi/vec4 0, 0, 32; draw_string_vec4
    %pushi/vec4 0, 0, 32; draw_string_vec4
    %concat/vec4; draw_string_vec4
    %pushi/vec4 0, 0, 32; draw_string_vec4
    %concat/vec4; draw_string_vec4
    %pushi/vec4 0, 0, 32; draw_string_vec4
    %concat/vec4; draw_string_vec4
    %pushi/vec4 0, 0, 32; draw_string_vec4
    %concat/vec4; draw_string_vec4
    %pushi/vec4 0, 0, 32; draw_string_vec4
    %concat/vec4; draw_string_vec4
    %pushi/vec4 0, 0, 32; draw_string_vec4
    %concat/vec4; draw_string_vec4
    %pushi/vec4 0, 0, 32; draw_string_vec4
    %concat/vec4; draw_string_vec4
    %pushi/vec4 0, 0, 32; draw_string_vec4
    %concat/vec4; draw_string_vec4
    %pushi/vec4 5132110, 0, 32; draw_string_vec4
    %concat/vec4; draw_string_vec4
    %pushi/vec4 1161437299, 0, 32; draw_string_vec4
    %concat/vec4; draw_string_vec4
    %pushi/vec4 1952543348, 0, 32; draw_string_vec4
    %concat/vec4; draw_string_vec4
    %pushi/vec4 543320436, 0, 32; draw_string_vec4
    %concat/vec4; draw_string_vec4
    %store/vec4 v0x5aae8ed5b440_0, 0, 416;
    %load/vec4 v0x5aae8ed5a140_0;
    %flag_set/vec4 8;
    %flag_get/vec4 8;
    %jmp/0 T_1.32, 8;
    %load/vec4 v0x5aae8ed5a250_0;
    %pushi/vec4 0, 0, 1;
    %cmp/e;
    %flag_get/vec4 6;
    %and;
T_1.32;
    %store/vec4 v0x5aae8ed5b360_0, 0, 1;
    %fork TD_uart_tx_tb.check_cond, S_0x5aae8ed5b180;
    %join;
    %jmp T_1.31;
T_1.30 ;
    %load/vec4 v0x5aae8ed5a060_0;
    %cmpi/s 8, 0, 32;
    %flag_or 5, 4;
    %jmp/0xz  T_1.33, 5;
    %pushi/vec4 0, 0, 32; draw_string_vec4
    %pushi/vec4 0, 0, 32; draw_string_vec4
    %concat/vec4; draw_string_vec4
    %pushi/vec4 0, 0, 32; draw_string_vec4
    %concat/vec4; draw_string_vec4
    %pushi/vec4 0, 0, 32; draw_string_vec4
    %concat/vec4; draw_string_vec4
    %pushi/vec4 0, 0, 32; draw_string_vec4
    %concat/vec4; draw_string_vec4
    %pushi/vec4 0, 0, 32; draw_string_vec4
    %concat/vec4; draw_string_vec4
    %pushi/vec4 20047, 0, 32; draw_string_vec4
    %concat/vec4; draw_string_vec4
    %pushi/vec4 1313159712, 0, 32; draw_string_vec4
    %concat/vec4; draw_string_vec4
    %pushi/vec4 1684108385, 0, 32; draw_string_vec4
    %concat/vec4; draw_string_vec4
    %pushi/vec4 543320436, 0, 32; draw_string_vec4
    %concat/vec4; draw_string_vec4
    %pushi/vec4 539511891, 0, 32; draw_string_vec4
    %concat/vec4; draw_string_vec4
    %pushi/vec4 1109419625, 0, 32; draw_string_vec4
    %concat/vec4; draw_string_vec4
    %pushi/vec4 1920169001, 0, 32; draw_string_vec4
    %concat/vec4; draw_string_vec4
    %store/vec4 v0x5aae8ed5b440_0, 0, 416;
    %load/vec4 v0x5aae8ed5a140_0;
    %flag_set/vec4 8;
    %flag_get/vec4 8;
    %jmp/0 T_1.35, 8;
    %load/vec4 v0x5aae8ed5a250_0;
    %load/vec4 v0x5aae8ed59ec0_0;
    %load/vec4 v0x5aae8ed5a060_0;
    %subi 1, 0, 32;
    %part/s 1;
    %cmp/e;
    %flag_get/vec4 6;
    %and;
T_1.35;
    %store/vec4 v0x5aae8ed5b360_0, 0, 1;
    %fork TD_uart_tx_tb.check_cond, S_0x5aae8ed5b180;
    %join;
    %jmp T_1.34;
T_1.33 ;
    %pushi/vec4 0, 0, 32; draw_string_vec4
    %pushi/vec4 0, 0, 32; draw_string_vec4
    %concat/vec4; draw_string_vec4
    %pushi/vec4 0, 0, 32; draw_string_vec4
    %concat/vec4; draw_string_vec4
    %pushi/vec4 0, 0, 32; draw_string_vec4
    %concat/vec4; draw_string_vec4
    %pushi/vec4 0, 0, 32; draw_string_vec4
    %concat/vec4; draw_string_vec4
    %pushi/vec4 0, 0, 32; draw_string_vec4
    %concat/vec4; draw_string_vec4
    %pushi/vec4 0, 0, 32; draw_string_vec4
    %concat/vec4; draw_string_vec4
    %pushi/vec4 0, 0, 32; draw_string_vec4
    %concat/vec4; draw_string_vec4
    %pushi/vec4 0, 0, 32; draw_string_vec4
    %concat/vec4; draw_string_vec4
    %pushi/vec4 20047, 0, 32; draw_string_vec4
    %concat/vec4; draw_string_vec4
    %pushi/vec4 1313159712, 0, 32; draw_string_vec4
    %concat/vec4; draw_string_vec4
    %pushi/vec4 1937010544, 0, 32; draw_string_vec4
    %concat/vec4; draw_string_vec4
    %pushi/vec4 543320436, 0, 32; draw_string_vec4
    %concat/vec4; draw_string_vec4
    %store/vec4 v0x5aae8ed5b440_0, 0, 416;
    %load/vec4 v0x5aae8ed5a140_0;
    %flag_set/vec4 8;
    %flag_get/vec4 8;
    %jmp/0 T_1.36, 8;
    %load/vec4 v0x5aae8ed5a250_0;
    %pushi/vec4 1, 0, 1;
    %cmp/e;
    %flag_get/vec4 6;
    %and;
T_1.36;
    %store/vec4 v0x5aae8ed5b360_0, 0, 1;
    %fork TD_uart_tx_tb.check_cond, S_0x5aae8ed5b180;
    %join;
T_1.34 ;
T_1.31 ;
    %load/vec4 v0x5aae8ed5a060_0;
    %addi 1, 0, 32;
    %store/vec4 v0x5aae8ed5a060_0, 0, 32;
    %jmp T_1.24;
T_1.25 ;
    %end;
S_0x5aae8ed5a3f0 .scope task, "capture_and_check_odd" "capture_and_check_odd" 3 124, 3 124 0, S_0x5aae8ecbb3a0;
 .timescale -9 -12;
v0x5aae8ed5a610_0 .var/i "base", 31 0;
v0x5aae8ed5a710_0 .var "data_byte", 7 0;
v0x5aae8ed5a7f0_0 .var "exp_parity", 0 0;
v0x5aae8ed5a890_0 .var/i "samp", 31 0;
v0x5aae8ed5a970_0 .var/i "seg", 31 0;
v0x5aae8ed5aaa0_0 .var "seg_ok", 0 0;
v0x5aae8ed5ab60_0 .var "seg_val", 0 0;
v0x5aae8ed5ac20_0 .var/i "total_bits", 31 0;
E_0x5aae8ecb8850 .event anyedge, v0x5aae8ed5f2b0_0;
TD_uart_tx_tb.capture_and_check_odd ;
    %pushi/vec4 11, 0, 32;
    %store/vec4 v0x5aae8ed5ac20_0, 0, 32;
    %alloc S_0x5aae8ed5f810;
    %load/vec4 v0x5aae8ed5a710_0;
    %pushi/vec4 2, 0, 2;
    %store/vec4 v0x5aae8ed5fb80_0, 0, 2;
    %store/vec4 v0x5aae8ed5f9a0_0, 0, 8;
    %callf/vec4 TD_uart_tx_tb.model_parity_bit, S_0x5aae8ed5f810;
    %free S_0x5aae8ed5f810;
    %store/vec4 v0x5aae8ed5a7f0_0, 0, 1;
T_2.37 ;
    %load/vec4 v0x5aae8ed63670_0;
    %pushi/vec4 0, 0, 1;
    %cmp/e;
    %flag_get/vec4 4;
    %cmpi/ne 1, 0, 1;
    %jmp/0xz T_2.38, 6;
    %wait E_0x5aae8ecb8850;
    %jmp T_2.37;
T_2.38 ;
    %wait E_0x5aae8ecb9170;
    %pushi/vec4 0, 0, 32;
    %store/vec4 v0x5aae8ed61b90_0, 0, 32;
T_2.39 ;
    %load/vec4 v0x5aae8ed61b90_0;
    %load/vec4 v0x5aae8ed5ac20_0;
    %muli 10, 0, 32;
    %cmp/s;
    %jmp/0xz T_2.40, 5;
    %load/vec4 v0x5aae8ed63670_0;
    %ix/getv/s 4, v0x5aae8ed61b90_0;
    %store/vec4a v0x5aae8ed61ad0, 4, 0;
    %wait E_0x5aae8ecb9170;
    %load/vec4 v0x5aae8ed61b90_0;
    %addi 1, 0, 32;
    %store/vec4 v0x5aae8ed61b90_0, 0, 32;
    %jmp T_2.39;
T_2.40 ;
    %pushi/vec4 0, 0, 32;
    %store/vec4 v0x5aae8ed5a970_0, 0, 32;
T_2.41 ;
    %load/vec4 v0x5aae8ed5a970_0;
    %load/vec4 v0x5aae8ed5ac20_0;
    %cmp/s;
    %jmp/0xz T_2.42, 5;
    %load/vec4 v0x5aae8ed5a970_0;
    %muli 10, 0, 32;
    %store/vec4 v0x5aae8ed5a610_0, 0, 32;
    %ix/getv/s 4, v0x5aae8ed5a610_0;
    %load/vec4a v0x5aae8ed61ad0, 4;
    %store/vec4 v0x5aae8ed5ab60_0, 0, 1;
    %pushi/vec4 1, 0, 1;
    %store/vec4 v0x5aae8ed5aaa0_0, 0, 1;
    %pushi/vec4 0, 0, 32;
    %store/vec4 v0x5aae8ed5a890_0, 0, 32;
T_2.43 ;
    %load/vec4 v0x5aae8ed5a890_0;
    %cmpi/s 10, 0, 32;
    %jmp/0xz T_2.44, 5;
    %load/vec4 v0x5aae8ed5a610_0;
    %load/vec4 v0x5aae8ed5a890_0;
    %add;
    %ix/vec4/s 4;
    %load/vec4a v0x5aae8ed61ad0, 4;
    %load/vec4 v0x5aae8ed5ab60_0;
    %cmp/ne;
    %jmp/0xz  T_2.45, 6;
    %pushi/vec4 0, 0, 1;
    %store/vec4 v0x5aae8ed5aaa0_0, 0, 1;
T_2.45 ;
    %load/vec4 v0x5aae8ed5a890_0;
    %addi 1, 0, 32;
    %store/vec4 v0x5aae8ed5a890_0, 0, 32;
    %jmp T_2.43;
T_2.44 ;
    %load/vec4 v0x5aae8ed5a970_0;
    %cmpi/e 0, 0, 32;
    %jmp/0xz  T_2.47, 4;
    %pushi/vec4 0, 0, 32; draw_string_vec4
    %pushi/vec4 0, 0, 32; draw_string_vec4
    %concat/vec4; draw_string_vec4
    %pushi/vec4 0, 0, 32; draw_string_vec4
    %concat/vec4; draw_string_vec4
    %pushi/vec4 0, 0, 32; draw_string_vec4
    %concat/vec4; draw_string_vec4
    %pushi/vec4 0, 0, 32; draw_string_vec4
    %concat/vec4; draw_string_vec4
    %pushi/vec4 0, 0, 32; draw_string_vec4
    %concat/vec4; draw_string_vec4
    %pushi/vec4 0, 0, 32; draw_string_vec4
    %concat/vec4; draw_string_vec4
    %pushi/vec4 0, 0, 32; draw_string_vec4
    %concat/vec4; draw_string_vec4
    %pushi/vec4 0, 0, 32; draw_string_vec4
    %concat/vec4; draw_string_vec4
    %pushi/vec4 20292, 0, 32; draw_string_vec4
    %concat/vec4; draw_string_vec4
    %pushi/vec4 1144660083, 0, 32; draw_string_vec4
    %concat/vec4; draw_string_vec4
    %pushi/vec4 1952543348, 0, 32; draw_string_vec4
    %concat/vec4; draw_string_vec4
    %pushi/vec4 543320436, 0, 32; draw_string_vec4
    %concat/vec4; draw_string_vec4
    %store/vec4 v0x5aae8ed5b440_0, 0, 416;
    %load/vec4 v0x5aae8ed5aaa0_0;
    %flag_set/vec4 8;
    %flag_get/vec4 8;
    %jmp/0 T_2.49, 8;
    %load/vec4 v0x5aae8ed5ab60_0;
    %pushi/vec4 0, 0, 1;
    %cmp/e;
    %flag_get/vec4 6;
    %and;
T_2.49;
    %store/vec4 v0x5aae8ed5b360_0, 0, 1;
    %fork TD_uart_tx_tb.check_cond, S_0x5aae8ed5b180;
    %join;
    %jmp T_2.48;
T_2.47 ;
    %load/vec4 v0x5aae8ed5a970_0;
    %cmpi/s 8, 0, 32;
    %flag_or 5, 4;
    %jmp/0xz  T_2.50, 5;
    %pushi/vec4 0, 0, 32; draw_string_vec4
    %pushi/vec4 0, 0, 32; draw_string_vec4
    %concat/vec4; draw_string_vec4
    %pushi/vec4 0, 0, 32; draw_string_vec4
    %concat/vec4; draw_string_vec4
    %pushi/vec4 0, 0, 32; draw_string_vec4
    %concat/vec4; draw_string_vec4
    %pushi/vec4 0, 0, 32; draw_string_vec4
    %concat/vec4; draw_string_vec4
    %pushi/vec4 0, 0, 32; draw_string_vec4
    %concat/vec4; draw_string_vec4
    %pushi/vec4 79, 0, 32; draw_string_vec4
    %concat/vec4; draw_string_vec4
    %pushi/vec4 1145322016, 0, 32; draw_string_vec4
    %concat/vec4; draw_string_vec4
    %pushi/vec4 1684108385, 0, 32; draw_string_vec4
    %concat/vec4; draw_string_vec4
    %pushi/vec4 543320436, 0, 32; draw_string_vec4
    %concat/vec4; draw_string_vec4
    %pushi/vec4 539511891, 0, 32; draw_string_vec4
    %concat/vec4; draw_string_vec4
    %pushi/vec4 1109419625, 0, 32; draw_string_vec4
    %concat/vec4; draw_string_vec4
    %pushi/vec4 1920169001, 0, 32; draw_string_vec4
    %concat/vec4; draw_string_vec4
    %store/vec4 v0x5aae8ed5b440_0, 0, 416;
    %load/vec4 v0x5aae8ed5aaa0_0;
    %flag_set/vec4 8;
    %flag_get/vec4 8;
    %jmp/0 T_2.52, 8;
    %load/vec4 v0x5aae8ed5ab60_0;
    %load/vec4 v0x5aae8ed5a710_0;
    %load/vec4 v0x5aae8ed5a970_0;
    %subi 1, 0, 32;
    %part/s 1;
    %cmp/e;
    %flag_get/vec4 6;
    %and;
T_2.52;
    %store/vec4 v0x5aae8ed5b360_0, 0, 1;
    %fork TD_uart_tx_tb.check_cond, S_0x5aae8ed5b180;
    %join;
    %jmp T_2.51;
T_2.50 ;
    %load/vec4 v0x5aae8ed5a970_0;
    %cmpi/e 9, 0, 32;
    %jmp/0xz  T_2.53, 4;
    %pushi/vec4 0, 0, 32; draw_string_vec4
    %pushi/vec4 0, 0, 32; draw_string_vec4
    %concat/vec4; draw_string_vec4
    %pushi/vec4 0, 0, 32; draw_string_vec4
    %concat/vec4; draw_string_vec4
    %pushi/vec4 0, 0, 32; draw_string_vec4
    %concat/vec4; draw_string_vec4
    %pushi/vec4 0, 0, 32; draw_string_vec4
    %concat/vec4; draw_string_vec4
    %pushi/vec4 0, 0, 32; draw_string_vec4
    %concat/vec4; draw_string_vec4
    %pushi/vec4 0, 0, 32; draw_string_vec4
    %concat/vec4; draw_string_vec4
    %pushi/vec4 0, 0, 32; draw_string_vec4
    %concat/vec4; draw_string_vec4
    %pushi/vec4 0, 0, 32; draw_string_vec4
    %concat/vec4; draw_string_vec4
    %pushi/vec4 5194820, 0, 32; draw_string_vec4
    %concat/vec4; draw_string_vec4
    %pushi/vec4 975204449, 0, 32; draw_string_vec4
    %concat/vec4; draw_string_vec4
    %pushi/vec4 1919513721, 0, 32; draw_string_vec4
    %concat/vec4; draw_string_vec4
    %pushi/vec4 543320436, 0, 32; draw_string_vec4
    %concat/vec4; draw_string_vec4
    %store/vec4 v0x5aae8ed5b440_0, 0, 416;
    %load/vec4 v0x5aae8ed5aaa0_0;
    %flag_set/vec4 8;
    %flag_get/vec4 8;
    %jmp/0 T_2.55, 8;
    %load/vec4 v0x5aae8ed5ab60_0;
    %load/vec4 v0x5aae8ed5a7f0_0;
    %cmp/e;
    %flag_get/vec4 6;
    %and;
T_2.55;
    %store/vec4 v0x5aae8ed5b360_0, 0, 1;
    %fork TD_uart_tx_tb.check_cond, S_0x5aae8ed5b180;
    %join;
    %jmp T_2.54;
T_2.53 ;
    %pushi/vec4 0, 0, 32; draw_string_vec4
    %pushi/vec4 0, 0, 32; draw_string_vec4
    %concat/vec4; draw_string_vec4
    %pushi/vec4 0, 0, 32; draw_string_vec4
    %concat/vec4; draw_string_vec4
    %pushi/vec4 0, 0, 32; draw_string_vec4
    %concat/vec4; draw_string_vec4
    %pushi/vec4 0, 0, 32; draw_string_vec4
    %concat/vec4; draw_string_vec4
    %pushi/vec4 0, 0, 32; draw_string_vec4
    %concat/vec4; draw_string_vec4
    %pushi/vec4 0, 0, 32; draw_string_vec4
    %concat/vec4; draw_string_vec4
    %pushi/vec4 0, 0, 32; draw_string_vec4
    %concat/vec4; draw_string_vec4
    %pushi/vec4 0, 0, 32; draw_string_vec4
    %concat/vec4; draw_string_vec4
    %pushi/vec4 79, 0, 32; draw_string_vec4
    %concat/vec4; draw_string_vec4
    %pushi/vec4 1145322016, 0, 32; draw_string_vec4
    %concat/vec4; draw_string_vec4
    %pushi/vec4 1937010544, 0, 32; draw_string_vec4
    %concat/vec4; draw_string_vec4
    %pushi/vec4 543320436, 0, 32; draw_string_vec4
    %concat/vec4; draw_string_vec4
    %store/vec4 v0x5aae8ed5b440_0, 0, 416;
    %load/vec4 v0x5aae8ed5aaa0_0;
    %flag_set/vec4 8;
    %flag_get/vec4 8;
    %jmp/0 T_2.56, 8;
    %load/vec4 v0x5aae8ed5ab60_0;
    %pushi/vec4 1, 0, 1;
    %cmp/e;
    %flag_get/vec4 6;
    %and;
T_2.56;
    %store/vec4 v0x5aae8ed5b360_0, 0, 1;
    %fork TD_uart_tx_tb.check_cond, S_0x5aae8ed5b180;
    %join;
T_2.54 ;
T_2.51 ;
T_2.48 ;
    %load/vec4 v0x5aae8ed5a970_0;
    %addi 1, 0, 32;
    %store/vec4 v0x5aae8ed5a970_0, 0, 32;
    %jmp T_2.41;
T_2.42 ;
    %end;
S_0x5aae8ed5ad00 .scope task, "check_byte" "check_byte" 5 145, 5 145 0, S_0x5aae8ecbb3a0;
 .timescale -9 -12;
v0x5aae8ed5aee0_0 .var "actual", 7 0;
v0x5aae8ed5afe0_0 .var "expected", 7 0;
v0x5aae8ed5b0c0_0 .var "name", 415 0;
TD_uart_tx_tb.check_byte ;
    %load/vec4 v0x5aae8ed628e0_0;
    %addi 1, 0, 32;
    %store/vec4 v0x5aae8ed628e0_0, 0, 32;
    %load/vec4 v0x5aae8ed5aee0_0;
    %load/vec4 v0x5aae8ed5afe0_0;
    %cmp/e;
    %jmp/0xz  T_3.57, 6;
    %load/vec4 v0x5aae8ed62170_0;
    %addi 1, 0, 32;
    %store/vec4 v0x5aae8ed62170_0, 0, 32;
    %vpi_call/w 5 150 "$display", "TEST %0d: %-50s PASS  (expected 0x%02h, got 0x%02h)", v0x5aae8ed628e0_0, v0x5aae8ed5b0c0_0, v0x5aae8ed5afe0_0, v0x5aae8ed5aee0_0 {0 0 0};
    %jmp T_3.58;
T_3.57 ;
    %load/vec4 v0x5aae8ed61d00_0;
    %addi 1, 0, 32;
    %store/vec4 v0x5aae8ed61d00_0, 0, 32;
    %vpi_call/w 5 154 "$display", "TEST %0d: %-50s FAIL  (expected 0x%02h, got 0x%02h)", v0x5aae8ed628e0_0, v0x5aae8ed5b0c0_0, v0x5aae8ed5afe0_0, v0x5aae8ed5aee0_0 {0 0 0};
T_3.58 ;
    %end;
S_0x5aae8ed5b180 .scope task, "check_cond" "check_cond" 5 163, 5 163 0, S_0x5aae8ecbb3a0;
 .timescale -9 -12;
v0x5aae8ed5b360_0 .var "cond", 0 0;
v0x5aae8ed5b440_0 .var "name", 415 0;
TD_uart_tx_tb.check_cond ;
    %load/vec4 v0x5aae8ed628e0_0;
    %addi 1, 0, 32;
    %store/vec4 v0x5aae8ed628e0_0, 0, 32;
    %load/vec4 v0x5aae8ed5b360_0;
    %flag_set/vec4 8;
    %jmp/0xz  T_4.59, 8;
    %load/vec4 v0x5aae8ed62170_0;
    %addi 1, 0, 32;
    %store/vec4 v0x5aae8ed62170_0, 0, 32;
    %vpi_call/w 5 168 "$display", "TEST %0d: %-50s PASS", v0x5aae8ed628e0_0, v0x5aae8ed5b440_0 {0 0 0};
    %jmp T_4.60;
T_4.59 ;
    %load/vec4 v0x5aae8ed61d00_0;
    %addi 1, 0, 32;
    %store/vec4 v0x5aae8ed61d00_0, 0, 32;
    %vpi_call/w 5 171 "$display", "TEST %0d: %-50s FAIL", v0x5aae8ed628e0_0, v0x5aae8ed5b440_0 {0 0 0};
T_4.60 ;
    %end;
S_0x5aae8ed5b520 .scope module, "dut_even" "uart_tx" 3 36, 6 60 0, S_0x5aae8ecbb3a0;
 .timescale 0 0;
    .port_info 0 /INPUT 1 "clk";
    .port_info 1 /INPUT 1 "reset";
    .port_info 2 /INPUT 1 "tx_start";
    .port_info 3 /INPUT 8 "tx_data";
    .port_info 4 /INPUT 1 "baud_tick";
    .port_info 5 /OUTPUT 1 "baud_restart";
    .port_info 6 /OUTPUT 1 "tx";
    .port_info 7 /OUTPUT 1 "tx_busy";
    .port_info 8 /OUTPUT 1 "tx_done";
P_0x5aae8ed06c70 .param/l "BIW" 1 6 76, +C4<00000000000000000000000000000011>;
P_0x5aae8ed06cb0 .param/l "DATA_BITS" 0 6 61, +C4<00000000000000000000000000001000>;
P_0x5aae8ed06cf0 .param/l "PARITY_MODE" 0 6 62, C4<01>;
P_0x5aae8ed06d30 .param/l "S_DATA" 1 6 81, C4<010>;
P_0x5aae8ed06d70 .param/l "S_IDLE" 1 6 79, C4<000>;
P_0x5aae8ed06db0 .param/l "S_PARITY" 1 6 82, C4<011>;
P_0x5aae8ed06df0 .param/l "S_START" 1 6 80, C4<001>;
P_0x5aae8ed06e30 .param/l "S_STOP" 1 6 83, C4<100>;
L_0x5aae8ed2d590 .functor AND 1, L_0x5aae8ed74000, v0x5aae8ed63740_0, C4<1>, C4<1>;
L_0x783c7d2ce180 .functor BUFT 1, C4<000>, C4<0>, C4<0>, C4<0>;
v0x5aae8ed5bbd0_0 .net/2u *"_ivl_2", 2 0, L_0x783c7d2ce180;  1 drivers
v0x5aae8ed5bcb0_0 .net *"_ivl_4", 0 0, L_0x5aae8ed74000;  1 drivers
v0x5aae8ed5bd70_0 .net "baud_restart", 0 0, L_0x5aae8ed2d590;  alias, 1 drivers
v0x5aae8ed5be40_0 .net "baud_tick", 0 0, L_0x5aae8ed73e20;  alias, 1 drivers
v0x5aae8ed5bf10_0 .var "bit_index", 2 0;
v0x5aae8ed5c000_0 .net "clk", 0 0, v0x5aae8ed61c60_0;  alias, 1 drivers
v0x5aae8ed5c0a0_0 .net "parity_bit_comb", 0 0, L_0x5aae8ed73f60;  1 drivers
v0x5aae8ed5c140_0 .var "parity_bit_reg", 0 0;
v0x5aae8ed5c200_0 .net "reset", 0 0, v0x5aae8ed62250_0;  alias, 1 drivers
v0x5aae8ed5c2a0_0 .var "shift_reg", 7 0;
v0x5aae8ed5c380_0 .var "state", 2 0;
v0x5aae8ed5c460_0 .var "tx", 0 0;
v0x5aae8ed5c520_0 .var "tx_busy", 0 0;
v0x5aae8ed5c5e0_0 .net "tx_data", 7 0, v0x5aae8ed62f30_0;  1 drivers
v0x5aae8ed5c6c0_0 .var "tx_done", 0 0;
v0x5aae8ed5c780_0 .net "tx_start", 0 0, v0x5aae8ed63740_0;  1 drivers
L_0x5aae8ed73f60 .reduce/xor v0x5aae8ed62f30_0;
L_0x5aae8ed74000 .cmp/eq 3, v0x5aae8ed5c380_0, L_0x783c7d2ce180;
S_0x5aae8ed5c960 .scope module, "dut_none" "uart_tx" 3 30, 6 60 0, S_0x5aae8ecbb3a0;
 .timescale 0 0;
    .port_info 0 /INPUT 1 "clk";
    .port_info 1 /INPUT 1 "reset";
    .port_info 2 /INPUT 1 "tx_start";
    .port_info 3 /INPUT 8 "tx_data";
    .port_info 4 /INPUT 1 "baud_tick";
    .port_info 5 /OUTPUT 1 "baud_restart";
    .port_info 6 /OUTPUT 1 "tx";
    .port_info 7 /OUTPUT 1 "tx_busy";
    .port_info 8 /OUTPUT 1 "tx_done";
P_0x5aae8ed5caf0 .param/l "BIW" 1 6 76, +C4<00000000000000000000000000000011>;
P_0x5aae8ed5cb30 .param/l "DATA_BITS" 0 6 61, +C4<00000000000000000000000000001000>;
P_0x5aae8ed5cb70 .param/l "PARITY_MODE" 0 6 62, C4<00>;
P_0x5aae8ed5cbb0 .param/l "S_DATA" 1 6 81, C4<010>;
P_0x5aae8ed5cbf0 .param/l "S_IDLE" 1 6 79, C4<000>;
P_0x5aae8ed5cc30 .param/l "S_PARITY" 1 6 82, C4<011>;
P_0x5aae8ed5cc70 .param/l "S_START" 1 6 80, C4<001>;
P_0x5aae8ed5ccb0 .param/l "S_STOP" 1 6 83, C4<100>;
L_0x5aae8ed033b0 .functor AND 1, L_0x5aae8ed73bb0, v0x5aae8ed63740_0, C4<1>, C4<1>;
L_0x783c7d2ce0a8 .functor BUFT 1, C4<000>, C4<0>, C4<0>, C4<0>;
v0x5aae8ed5d250_0 .net/2u *"_ivl_2", 2 0, L_0x783c7d2ce0a8;  1 drivers
v0x5aae8ed5d330_0 .net *"_ivl_4", 0 0, L_0x5aae8ed73bb0;  1 drivers
v0x5aae8ed5d3f0_0 .net "baud_restart", 0 0, L_0x5aae8ed033b0;  alias, 1 drivers
v0x5aae8ed5d4f0_0 .net "baud_tick", 0 0, L_0x5aae8ed739a0;  alias, 1 drivers
v0x5aae8ed5d5c0_0 .var "bit_index", 2 0;
v0x5aae8ed5d6b0_0 .net "clk", 0 0, v0x5aae8ed61c60_0;  alias, 1 drivers
v0x5aae8ed5d750_0 .net "parity_bit_comb", 0 0, L_0x5aae8ed73ae0;  1 drivers
v0x5aae8ed5d7f0_0 .var "parity_bit_reg", 0 0;
v0x5aae8ed5d8b0_0 .net "reset", 0 0, v0x5aae8ed62250_0;  alias, 1 drivers
v0x5aae8ed5da70_0 .var "shift_reg", 7 0;
v0x5aae8ed5db50_0 .var "state", 2 0;
v0x5aae8ed5dc30_0 .var "tx", 0 0;
v0x5aae8ed5dcf0_0 .var "tx_busy", 0 0;
v0x5aae8ed5ddb0_0 .net "tx_data", 7 0, v0x5aae8ed62f30_0;  alias, 1 drivers
v0x5aae8ed5de70_0 .var "tx_done", 0 0;
v0x5aae8ed5df10_0 .net "tx_start", 0 0, v0x5aae8ed63740_0;  alias, 1 drivers
L_0x5aae8ed73ae0 .reduce/xor v0x5aae8ed62f30_0;
L_0x5aae8ed73bb0 .cmp/eq 3, v0x5aae8ed5db50_0, L_0x783c7d2ce0a8;
S_0x5aae8ed5e0e0 .scope module, "dut_odd" "uart_tx" 3 42, 6 60 0, S_0x5aae8ecbb3a0;
 .timescale 0 0;
    .port_info 0 /INPUT 1 "clk";
    .port_info 1 /INPUT 1 "reset";
    .port_info 2 /INPUT 1 "tx_start";
    .port_info 3 /INPUT 8 "tx_data";
    .port_info 4 /INPUT 1 "baud_tick";
    .port_info 5 /OUTPUT 1 "baud_restart";
    .port_info 6 /OUTPUT 1 "tx";
    .port_info 7 /OUTPUT 1 "tx_busy";
    .port_info 8 /OUTPUT 1 "tx_done";
P_0x5aae8ed5e270 .param/l "BIW" 1 6 76, +C4<00000000000000000000000000000011>;
P_0x5aae8ed5e2b0 .param/l "DATA_BITS" 0 6 61, +C4<00000000000000000000000000001000>;
P_0x5aae8ed5e2f0 .param/l "PARITY_MODE" 0 6 62, C4<10>;
P_0x5aae8ed5e330 .param/l "S_DATA" 1 6 81, C4<010>;
P_0x5aae8ed5e370 .param/l "S_IDLE" 1 6 79, C4<000>;
P_0x5aae8ed5e3b0 .param/l "S_PARITY" 1 6 82, C4<011>;
P_0x5aae8ed5e3f0 .param/l "S_START" 1 6 80, C4<001>;
P_0x5aae8ed5e430 .param/l "S_STOP" 1 6 83, C4<100>;
L_0x5aae8ed20aa0 .functor NOT 1, L_0x5aae8ed743d0, C4<0>, C4<0>, C4<0>;
L_0x5aae8ed35250 .functor AND 1, L_0x5aae8ed74550, v0x5aae8ed63740_0, C4<1>, C4<1>;
v0x5aae8ed5e9b0_0 .net *"_ivl_1", 0 0, L_0x5aae8ed743d0;  1 drivers
L_0x783c7d2ce258 .functor BUFT 1, C4<000>, C4<0>, C4<0>, C4<0>;
v0x5aae8ed5ea70_0 .net/2u *"_ivl_4", 2 0, L_0x783c7d2ce258;  1 drivers
v0x5aae8ed5eb50_0 .net *"_ivl_6", 0 0, L_0x5aae8ed74550;  1 drivers
v0x5aae8ed5ec20_0 .net "baud_restart", 0 0, L_0x5aae8ed35250;  alias, 1 drivers
v0x5aae8ed5ecf0_0 .net "baud_tick", 0 0, L_0x5aae8ed74290;  alias, 1 drivers
v0x5aae8ed5ed90_0 .var "bit_index", 2 0;
v0x5aae8ed5ee30_0 .net "clk", 0 0, v0x5aae8ed61c60_0;  alias, 1 drivers
v0x5aae8ed5eed0_0 .net "parity_bit_comb", 0 0, L_0x5aae8ed20aa0;  1 drivers
v0x5aae8ed5ef90_0 .var "parity_bit_reg", 0 0;
v0x5aae8ed5f050_0 .net "reset", 0 0, v0x5aae8ed62250_0;  alias, 1 drivers
v0x5aae8ed5f0f0_0 .var "shift_reg", 7 0;
v0x5aae8ed5f1d0_0 .var "state", 2 0;
v0x5aae8ed5f2b0_0 .var "tx", 0 0;
v0x5aae8ed5f370_0 .var "tx_busy", 0 0;
v0x5aae8ed5f430_0 .net "tx_data", 7 0, v0x5aae8ed62f30_0;  alias, 1 drivers
v0x5aae8ed5f4f0_0 .var "tx_done", 0 0;
v0x5aae8ed5f5b0_0 .net "tx_start", 0 0, v0x5aae8ed63740_0;  alias, 1 drivers
L_0x5aae8ed743d0 .reduce/xor v0x5aae8ed62f30_0;
L_0x5aae8ed74550 .cmp/eq 3, v0x5aae8ed5f1d0_0, L_0x783c7d2ce258;
S_0x5aae8ed5f810 .scope autofunction.vec4.s1, "model_parity_bit" "model_parity_bit" 5 43, 5 43 0, S_0x5aae8ecbb3a0;
 .timescale -9 -12;
v0x5aae8ed5f9a0_0 .var "data", 7 0;
v0x5aae8ed5faa0_0 .var/i "i", 31 0;
v0x5aae8ed5fb80_0 .var "mode", 1 0;
; Variable model_parity_bit is vec4 return value of scope S_0x5aae8ed5f810
v0x5aae8ed5fd00_0 .var/i "ones", 31 0;
TD_uart_tx_tb.model_parity_bit ;
    %pushi/vec4 0, 0, 32;
    %store/vec4 v0x5aae8ed5fd00_0, 0, 32;
    %pushi/vec4 0, 0, 32;
    %store/vec4 v0x5aae8ed5faa0_0, 0, 32;
T_5.61 ;
    %load/vec4 v0x5aae8ed5faa0_0;
    %cmpi/s 8, 0, 32;
    %jmp/0xz T_5.62, 5;
    %load/vec4 v0x5aae8ed5fd00_0;
    %load/vec4 v0x5aae8ed5f9a0_0;
    %load/vec4 v0x5aae8ed5faa0_0;
    %part/s 1;
    %pad/u 32;
    %add;
    %store/vec4 v0x5aae8ed5fd00_0, 0, 32;
    %load/vec4 v0x5aae8ed5faa0_0;
    %addi 1, 0, 32;
    %store/vec4 v0x5aae8ed5faa0_0, 0, 32;
    %jmp T_5.61;
T_5.62 ;
    %load/vec4 v0x5aae8ed5fb80_0;
    %cmpi/e 2, 0, 2;
    %jmp/0xz  T_5.63, 4;
    %load/vec4 v0x5aae8ed5fd00_0;
    %pushi/vec4 2, 0, 32;
    %mod/s;
    %cmpi/e 0, 0, 32;
    %flag_mov 8, 4;
    %jmp/0 T_5.65, 8;
    %pushi/vec4 1, 0, 1;
    %jmp/1 T_5.66, 8;
T_5.65 ; End of true expr.
    %pushi/vec4 0, 0, 1;
    %jmp/0 T_5.66, 8;
 ; End of false expr.
    %blend;
T_5.66;
    %ret/vec4 0, 0, 1;  Assign to model_parity_bit (store_vec4_to_lval)
    %jmp T_5.64;
T_5.63 ;
    %load/vec4 v0x5aae8ed5fd00_0;
    %pushi/vec4 2, 0, 32;
    %mod/s;
    %cmpi/e 0, 0, 32;
    %flag_mov 8, 4;
    %jmp/0 T_5.67, 8;
    %pushi/vec4 0, 0, 1;
    %jmp/1 T_5.68, 8;
T_5.67 ; End of true expr.
    %pushi/vec4 1, 0, 1;
    %jmp/0 T_5.68, 8;
 ; End of false expr.
    %blend;
T_5.68;
    %ret/vec4 0, 0, 1;  Assign to model_parity_bit (store_vec4_to_lval)
T_5.64 ;
    %end;
S_0x5aae8ed5fe30 .scope task, "print_summary" "print_summary" 5 179, 5 179 0, S_0x5aae8ecbb3a0;
 .timescale -9 -12;
TD_uart_tx_tb.print_summary ;
    %vpi_call/w 5 181 "$display", "----------------------------------------" {0 0 0};
    %load/vec4 v0x5aae8ed62170_0;
    %load/vec4 v0x5aae8ed61d00_0;
    %add;
    %vpi_call/w 5 182 "$display", "  %0d / %0d tests passed", v0x5aae8ed62170_0, S<0,vec4,s32> {1 0 0};
    %load/vec4 v0x5aae8ed61d00_0;
    %cmpi/e 0, 0, 32;
    %jmp/0xz  T_6.69, 4;
    %vpi_call/w 5 184 "$display", "  ALL TESTS PASSED" {0 0 0};
    %jmp T_6.70;
T_6.69 ;
    %vpi_call/w 5 186 "$display", "  *** %0d TEST(S) FAILED ***", v0x5aae8ed61d00_0 {0 0 0};
T_6.70 ;
    %vpi_call/w 5 187 "$display", "----------------------------------------" {0 0 0};
    %end;
S_0x5aae8ed60010 .scope task, "send_byte" "send_byte" 5 62, 5 62 0, S_0x5aae8ecbb3a0;
 .timescale -9 -12;
v0x5aae8ed601f0_0 .var "data", 7 0;
TD_uart_tx_tb.send_byte ;
    %wait E_0x5aae8ec7fa70;
    %load/vec4 v0x5aae8ed601f0_0;
    %assign/vec4 v0x5aae8ed62f30_0, 0;
    %pushi/vec4 1, 0, 1;
    %assign/vec4 v0x5aae8ed63740_0, 0;
    %wait E_0x5aae8ec7fa70;
    %pushi/vec4 0, 0, 1;
    %assign/vec4 v0x5aae8ed63740_0, 0;
    %end;
S_0x5aae8ed602f0 .scope task, "send_even" "send_even" 3 162, 3 162 0, S_0x5aae8ecbb3a0;
 .timescale -9 -12;
v0x5aae8ed60570_0 .var "b", 7 0;
E_0x5aae8eca37e0 .event anyedge, v0x5aae8ed5c6c0_0;
E_0x5aae8ed60510 .event anyedge, v0x5aae8ed5c520_0;
TD_uart_tx_tb.send_even ;
T_8.71 ;
    %load/vec4 v0x5aae8ed62d50_0;
    %pushi/vec4 0, 0, 1;
    %cmp/e;
    %flag_get/vec4 4;
    %cmpi/ne 1, 0, 1;
    %jmp/0xz T_8.72, 6;
    %wait E_0x5aae8ed60510;
    %jmp T_8.71;
T_8.72 ;
    %wait E_0x5aae8ec7fa70;
    %load/vec4 v0x5aae8ed60570_0;
    %assign/vec4 v0x5aae8ed62f30_0, 0;
    %pushi/vec4 1, 0, 1;
    %assign/vec4 v0x5aae8ed63740_0, 0;
    %wait E_0x5aae8ec7fa70;
    %pushi/vec4 0, 0, 1;
    %assign/vec4 v0x5aae8ed63740_0, 0;
T_8.73 ;
    %load/vec4 v0x5aae8ed63070_0;
    %pushi/vec4 1, 0, 1;
    %cmp/e;
    %flag_get/vec4 4;
    %cmpi/ne 1, 0, 1;
    %jmp/0xz T_8.74, 6;
    %wait E_0x5aae8eca37e0;
    %jmp T_8.73;
T_8.74 ;
    %end;
S_0x5aae8ed60670 .scope task, "send_none" "send_none" 3 154, 3 154 0, S_0x5aae8ecbb3a0;
 .timescale -9 -12;
v0x5aae8ed60930_0 .var "b", 7 0;
E_0x5aae8ed60850 .event anyedge, v0x5aae8ed5de70_0;
E_0x5aae8ed608d0 .event anyedge, v0x5aae8ed5dcf0_0;
TD_uart_tx_tb.send_none ;
T_9.75 ;
    %load/vec4 v0x5aae8ed62df0_0;
    %pushi/vec4 0, 0, 1;
    %cmp/e;
    %flag_get/vec4 4;
    %cmpi/ne 1, 0, 1;
    %jmp/0xz T_9.76, 6;
    %wait E_0x5aae8ed608d0;
    %jmp T_9.75;
T_9.76 ;
    %wait E_0x5aae8ec7fa70;
    %load/vec4 v0x5aae8ed60930_0;
    %assign/vec4 v0x5aae8ed62f30_0, 0;
    %pushi/vec4 1, 0, 1;
    %assign/vec4 v0x5aae8ed63740_0, 0;
    %wait E_0x5aae8ec7fa70;
    %pushi/vec4 0, 0, 1;
    %assign/vec4 v0x5aae8ed63740_0, 0;
T_9.77 ;
    %load/vec4 v0x5aae8ed63110_0;
    %pushi/vec4 1, 0, 1;
    %cmp/e;
    %flag_get/vec4 4;
    %cmpi/ne 1, 0, 1;
    %jmp/0xz T_9.78, 6;
    %wait E_0x5aae8ed60850;
    %jmp T_9.77;
T_9.78 ;
    %end;
S_0x5aae8ed60a30 .scope task, "send_odd" "send_odd" 3 170, 3 170 0, S_0x5aae8ecbb3a0;
 .timescale -9 -12;
v0x5aae8ed60cf0_0 .var "b", 7 0;
E_0x5aae8ed60c10 .event anyedge, v0x5aae8ed5f4f0_0;
E_0x5aae8ed60c90 .event anyedge, v0x5aae8ed5f370_0;
TD_uart_tx_tb.send_odd ;
T_10.79 ;
    %load/vec4 v0x5aae8ed62e90_0;
    %pushi/vec4 0, 0, 1;
    %cmp/e;
    %flag_get/vec4 4;
    %cmpi/ne 1, 0, 1;
    %jmp/0xz T_10.80, 6;
    %wait E_0x5aae8ed60c90;
    %jmp T_10.79;
T_10.80 ;
    %wait E_0x5aae8ec7fa70;
    %load/vec4 v0x5aae8ed60cf0_0;
    %assign/vec4 v0x5aae8ed62f30_0, 0;
    %pushi/vec4 1, 0, 1;
    %assign/vec4 v0x5aae8ed63740_0, 0;
    %wait E_0x5aae8ec7fa70;
    %pushi/vec4 0, 0, 1;
    %assign/vec4 v0x5aae8ed63740_0, 0;
T_10.81 ;
    %load/vec4 v0x5aae8ed631b0_0;
    %pushi/vec4 1, 0, 1;
    %cmp/e;
    %flag_get/vec4 4;
    %cmpi/ne 1, 0, 1;
    %jmp/0xz T_10.82, 6;
    %wait E_0x5aae8ed60c10;
    %jmp T_10.81;
T_10.82 ;
    %end;
S_0x5aae8ed60df0 .scope task, "wait_for_rx_outcome" "wait_for_rx_outcome" 5 100, 5 100 0, S_0x5aae8ecbb3a0;
 .timescale -9 -12;
v0x5aae8ed60fd0_0 .var "got_ferr", 0 0;
v0x5aae8ed610b0_0 .var "got_perr", 0 0;
v0x5aae8ed61170_0 .var "got_valid", 0 0;
v0x5aae8ed61210_0 .var/i "timeout", 31 0;
TD_uart_tx_tb.wait_for_rx_outcome ;
    %pushi/vec4 0, 0, 32;
    %store/vec4 v0x5aae8ed61210_0, 0, 32;
    %pushi/vec4 0, 0, 1;
    %store/vec4 v0x5aae8ed61170_0, 0, 1;
    %pushi/vec4 0, 0, 1;
    %store/vec4 v0x5aae8ed610b0_0, 0, 1;
    %pushi/vec4 0, 0, 1;
    %store/vec4 v0x5aae8ed60fd0_0, 0, 1;
T_11.83 ;
    %load/vec4 v0x5aae8ed61170_0;
    %nor/r;
    %flag_set/vec4 11;
    %flag_get/vec4 11;
    %jmp/0 T_11.87, 11;
    %load/vec4 v0x5aae8ed610b0_0;
    %nor/r;
    %and;
T_11.87;
    %flag_set/vec4 10;
    %flag_get/vec4 10;
    %jmp/0 T_11.86, 10;
    %load/vec4 v0x5aae8ed60fd0_0;
    %nor/r;
    %and;
T_11.86;
    %flag_set/vec4 9;
    %flag_get/vec4 9;
    %jmp/0 T_11.85, 9;
    %load/vec4 v0x5aae8ed61210_0;
    %cmpi/s 200000, 0, 32;
    %flag_get/vec4 5;
    %and;
T_11.85;
    %flag_set/vec4 8;
    %jmp/0xz T_11.84, 8;
    %wait E_0x5aae8ecb9170;
    %load/vec4 v0x5aae8ed62710_0;
    %flag_set/vec4 8;
    %jmp/0xz  T_11.88, 8;
    %pushi/vec4 1, 0, 1;
    %store/vec4 v0x5aae8ed61170_0, 0, 1;
T_11.88 ;
    %load/vec4 v0x5aae8ed620b0_0;
    %flag_set/vec4 8;
    %jmp/0xz  T_11.90, 8;
    %pushi/vec4 1, 0, 1;
    %store/vec4 v0x5aae8ed610b0_0, 0, 1;
T_11.90 ;
    %load/vec4 v0x5aae8ed61e30_0;
    %flag_set/vec4 8;
    %jmp/0xz  T_11.92, 8;
    %pushi/vec4 1, 0, 1;
    %store/vec4 v0x5aae8ed60fd0_0, 0, 1;
T_11.92 ;
    %load/vec4 v0x5aae8ed61210_0;
    %addi 1, 0, 32;
    %store/vec4 v0x5aae8ed61210_0, 0, 32;
    %jmp T_11.83;
T_11.84 ;
    %load/vec4 v0x5aae8ed61170_0;
    %flag_set/vec4 8;
    %jmp/0xz  T_11.94, 8;
    %load/vec4 v0x5aae8ed62630_0;
    %store/vec4 v0x5aae8ed61fd0_0, 0, 8;
T_11.94 ;
    %load/vec4 v0x5aae8ed61210_0;
    %cmpi/s 200000, 0, 32;
    %flag_inv 5; GE is !LT
    %jmp/0xz  T_11.96, 5;
    %vpi_call/w 5 116 "$display", "  *** TIMEOUT waiting for an RX outcome ***" {0 0 0};
    %load/vec4 v0x5aae8ed61d00_0;
    %addi 1, 0, 32;
    %store/vec4 v0x5aae8ed61d00_0, 0, 32;
T_11.96 ;
    %end;
S_0x5aae8ed612f0 .scope task, "wait_for_tx_and_rx" "wait_for_tx_and_rx" 5 131, 5 131 0, S_0x5aae8ecbb3a0;
 .timescale -9 -12;
v0x5aae8ed614d0_0 .var "gf", 0 0;
v0x5aae8ed615b0_0 .var "gp", 0 0;
v0x5aae8ed61670_0 .var "gv", 0 0;
TD_uart_tx_tb.wait_for_tx_and_rx ;
    %fork t_1, S_0x5aae8ed612f0;
    %fork t_2, S_0x5aae8ed612f0;
    %join;
    %join;
    %jmp t_0;
t_1 ;
    %fork TD_uart_tx_tb.wait_for_tx_done, S_0x5aae8ed61710;
    %join;
    %end;
t_2 ;
    %fork TD_uart_tx_tb.wait_for_rx_outcome, S_0x5aae8ed60df0;
    %join;
    %load/vec4 v0x5aae8ed61170_0;
    %store/vec4 v0x5aae8ed61670_0, 0, 1;
    %load/vec4 v0x5aae8ed610b0_0;
    %store/vec4 v0x5aae8ed615b0_0, 0, 1;
    %load/vec4 v0x5aae8ed60fd0_0;
    %store/vec4 v0x5aae8ed614d0_0, 0, 1;
    %end;
    .scope S_0x5aae8ed612f0;
t_0 ;
    %end;
S_0x5aae8ed61710 .scope task, "wait_for_tx_done" "wait_for_tx_done" 5 75, 5 75 0, S_0x5aae8ecbb3a0;
 .timescale -9 -12;
v0x5aae8ed618f0_0 .var/i "timeout", 31 0;
TD_uart_tx_tb.wait_for_tx_done ;
    %pushi/vec4 0, 0, 32;
    %store/vec4 v0x5aae8ed618f0_0, 0, 32;
T_13.98 ;
    %load/vec4 v0x5aae8ed62fd0_0;
    %cmpi/ne 1, 0, 1;
    %flag_get/vec4 6;
    %jmp/0 T_13.100, 6;
    %load/vec4 v0x5aae8ed618f0_0;
    %cmpi/s 200000, 0, 32;
    %flag_get/vec4 5;
    %and;
T_13.100;
    %flag_set/vec4 8;
    %jmp/0xz T_13.99, 8;
    %wait E_0x5aae8ecb9170;
    %load/vec4 v0x5aae8ed618f0_0;
    %addi 1, 0, 32;
    %store/vec4 v0x5aae8ed618f0_0, 0, 32;
    %jmp T_13.98;
T_13.99 ;
    %load/vec4 v0x5aae8ed618f0_0;
    %cmpi/s 200000, 0, 32;
    %flag_inv 5; GE is !LT
    %jmp/0xz  T_13.101, 5;
    %vpi_call/w 5 87 "$display", "  *** TIMEOUT waiting for tx_done ***" {0 0 0};
    %load/vec4 v0x5aae8ed61d00_0;
    %addi 1, 0, 32;
    %store/vec4 v0x5aae8ed61d00_0, 0, 32;
T_13.101 ;
    %end;
    .scope S_0x5aae8ed57bf0;
T_14 ;
    %wait E_0x5aae8ec7fa70;
    %load/vec4 v0x5aae8ed58410_0;
    %flag_set/vec4 8;
    %jmp/0xz  T_14.0, 8;
    %pushi/vec4 0, 0, 4;
    %assign/vec4 v0x5aae8ed58300_0, 0;
    %jmp T_14.1;
T_14.0 ;
    %load/vec4 v0x5aae8ed584b0_0;
    %flag_set/vec4 8;
    %jmp/0xz  T_14.2, 8;
    %pushi/vec4 0, 0, 4;
    %assign/vec4 v0x5aae8ed58300_0, 0;
    %jmp T_14.3;
T_14.2 ;
    %load/vec4 v0x5aae8ed58550_0;
    %flag_set/vec4 8;
    %jmp/0xz  T_14.4, 8;
    %pushi/vec4 0, 0, 4;
    %assign/vec4 v0x5aae8ed58300_0, 0;
    %jmp T_14.5;
T_14.4 ;
    %load/vec4 v0x5aae8ed58300_0;
    %addi 1, 0, 4;
    %assign/vec4 v0x5aae8ed58300_0, 0;
T_14.5 ;
T_14.3 ;
T_14.1 ;
    %jmp T_14;
    .thread T_14;
    .scope S_0x5aae8ed5c960;
T_15 ;
    %wait E_0x5aae8ec7fa70;
    %load/vec4 v0x5aae8ed5d8b0_0;
    %flag_set/vec4 8;
    %jmp/0xz  T_15.0, 8;
    %pushi/vec4 0, 0, 3;
    %assign/vec4 v0x5aae8ed5db50_0, 0;
    %pushi/vec4 1, 0, 1;
    %assign/vec4 v0x5aae8ed5dc30_0, 0;
    %pushi/vec4 0, 0, 1;
    %assign/vec4 v0x5aae8ed5dcf0_0, 0;
    %pushi/vec4 0, 0, 1;
    %assign/vec4 v0x5aae8ed5de70_0, 0;
    %pushi/vec4 0, 0, 8;
    %assign/vec4 v0x5aae8ed5da70_0, 0;
    %pushi/vec4 0, 0, 3;
    %assign/vec4 v0x5aae8ed5d5c0_0, 0;
    %pushi/vec4 0, 0, 1;
    %assign/vec4 v0x5aae8ed5d7f0_0, 0;
    %jmp T_15.1;
T_15.0 ;
    %pushi/vec4 0, 0, 1;
    %assign/vec4 v0x5aae8ed5de70_0, 0;
    %load/vec4 v0x5aae8ed5db50_0;
    %dup/vec4;
    %pushi/vec4 0, 0, 3;
    %cmp/u;
    %jmp/1 T_15.2, 6;
    %dup/vec4;
    %pushi/vec4 1, 0, 3;
    %cmp/u;
    %jmp/1 T_15.3, 6;
    %dup/vec4;
    %pushi/vec4 2, 0, 3;
    %cmp/u;
    %jmp/1 T_15.4, 6;
    %dup/vec4;
    %pushi/vec4 3, 0, 3;
    %cmp/u;
    %jmp/1 T_15.5, 6;
    %dup/vec4;
    %pushi/vec4 4, 0, 3;
    %cmp/u;
    %jmp/1 T_15.6, 6;
    %pushi/vec4 0, 0, 3;
    %assign/vec4 v0x5aae8ed5db50_0, 0;
    %jmp T_15.8;
T_15.2 ;
    %pushi/vec4 1, 0, 1;
    %assign/vec4 v0x5aae8ed5dc30_0, 0;
    %pushi/vec4 0, 0, 1;
    %assign/vec4 v0x5aae8ed5dcf0_0, 0;
    %load/vec4 v0x5aae8ed5df10_0;
    %flag_set/vec4 8;
    %jmp/0xz  T_15.9, 8;
    %load/vec4 v0x5aae8ed5ddb0_0;
    %assign/vec4 v0x5aae8ed5da70_0, 0;
    %load/vec4 v0x5aae8ed5d750_0;
    %assign/vec4 v0x5aae8ed5d7f0_0, 0;
    %pushi/vec4 0, 0, 1;
    %assign/vec4 v0x5aae8ed5dc30_0, 0;
    %pushi/vec4 1, 0, 1;
    %assign/vec4 v0x5aae8ed5dcf0_0, 0;
    %pushi/vec4 0, 0, 3;
    %assign/vec4 v0x5aae8ed5d5c0_0, 0;
    %pushi/vec4 1, 0, 3;
    %assign/vec4 v0x5aae8ed5db50_0, 0;
T_15.9 ;
    %jmp T_15.8;
T_15.3 ;
    %load/vec4 v0x5aae8ed5d4f0_0;
    %flag_set/vec4 8;
    %jmp/0xz  T_15.11, 8;
    %load/vec4 v0x5aae8ed5da70_0;
    %parti/s 1, 0, 2;
    %assign/vec4 v0x5aae8ed5dc30_0, 0;
    %pushi/vec4 2, 0, 3;
    %assign/vec4 v0x5aae8ed5db50_0, 0;
T_15.11 ;
    %jmp T_15.8;
T_15.4 ;
    %load/vec4 v0x5aae8ed5d4f0_0;
    %flag_set/vec4 8;
    %jmp/0xz  T_15.13, 8;
    %load/vec4 v0x5aae8ed5d5c0_0;
    %pad/u 32;
    %cmpi/e 7, 0, 32;
    %jmp/0xz  T_15.15, 4;
    %pushi/vec4 1, 0, 1;
    %assign/vec4 v0x5aae8ed5dc30_0, 0;
    %pushi/vec4 4, 0, 3;
    %assign/vec4 v0x5aae8ed5db50_0, 0;
    %jmp T_15.16;
T_15.15 ;
    %load/vec4 v0x5aae8ed5d5c0_0;
    %addi 1, 0, 3;
    %assign/vec4 v0x5aae8ed5d5c0_0, 0;
    %load/vec4 v0x5aae8ed5da70_0;
    %load/vec4 v0x5aae8ed5d5c0_0;
    %addi 1, 0, 3;
    %part/u 1;
    %assign/vec4 v0x5aae8ed5dc30_0, 0;
T_15.16 ;
T_15.13 ;
    %jmp T_15.8;
T_15.5 ;
    %load/vec4 v0x5aae8ed5d4f0_0;
    %flag_set/vec4 8;
    %jmp/0xz  T_15.17, 8;
    %pushi/vec4 1, 0, 1;
    %assign/vec4 v0x5aae8ed5dc30_0, 0;
    %pushi/vec4 4, 0, 3;
    %assign/vec4 v0x5aae8ed5db50_0, 0;
T_15.17 ;
    %jmp T_15.8;
T_15.6 ;
    %load/vec4 v0x5aae8ed5d4f0_0;
    %flag_set/vec4 8;
    %jmp/0xz  T_15.19, 8;
    %pushi/vec4 1, 0, 1;
    %assign/vec4 v0x5aae8ed5dc30_0, 0;
    %pushi/vec4 0, 0, 1;
    %assign/vec4 v0x5aae8ed5dcf0_0, 0;
    %pushi/vec4 1, 0, 1;
    %assign/vec4 v0x5aae8ed5de70_0, 0;
    %pushi/vec4 0, 0, 3;
    %assign/vec4 v0x5aae8ed5db50_0, 0;
T_15.19 ;
    %jmp T_15.8;
T_15.8 ;
    %pop/vec4 1;
T_15.1 ;
    %jmp T_15;
    .thread T_15;
    .scope S_0x5aae8ecbb5d0;
T_16 ;
    %wait E_0x5aae8ec7fa70;
    %load/vec4 v0x5aae8ed2d730_0;
    %flag_set/vec4 8;
    %jmp/0xz  T_16.0, 8;
    %pushi/vec4 0, 0, 4;
    %assign/vec4 v0x5aae8ed03550_0, 0;
    %jmp T_16.1;
T_16.0 ;
    %load/vec4 v0x5aae8ed20c40_0;
    %flag_set/vec4 8;
    %jmp/0xz  T_16.2, 8;
    %pushi/vec4 0, 0, 4;
    %assign/vec4 v0x5aae8ed03550_0, 0;
    %jmp T_16.3;
T_16.2 ;
    %load/vec4 v0x5aae8ed57ab0_0;
    %flag_set/vec4 8;
    %jmp/0xz  T_16.4, 8;
    %pushi/vec4 0, 0, 4;
    %assign/vec4 v0x5aae8ed03550_0, 0;
    %jmp T_16.5;
T_16.4 ;
    %load/vec4 v0x5aae8ed03550_0;
    %addi 1, 0, 4;
    %assign/vec4 v0x5aae8ed03550_0, 0;
T_16.5 ;
T_16.3 ;
T_16.1 ;
    %jmp T_16;
    .thread T_16;
    .scope S_0x5aae8ed5b520;
T_17 ;
    %wait E_0x5aae8ec7fa70;
    %load/vec4 v0x5aae8ed5c200_0;
    %flag_set/vec4 8;
    %jmp/0xz  T_17.0, 8;
    %pushi/vec4 0, 0, 3;
    %assign/vec4 v0x5aae8ed5c380_0, 0;
    %pushi/vec4 1, 0, 1;
    %assign/vec4 v0x5aae8ed5c460_0, 0;
    %pushi/vec4 0, 0, 1;
    %assign/vec4 v0x5aae8ed5c520_0, 0;
    %pushi/vec4 0, 0, 1;
    %assign/vec4 v0x5aae8ed5c6c0_0, 0;
    %pushi/vec4 0, 0, 8;
    %assign/vec4 v0x5aae8ed5c2a0_0, 0;
    %pushi/vec4 0, 0, 3;
    %assign/vec4 v0x5aae8ed5bf10_0, 0;
    %pushi/vec4 0, 0, 1;
    %assign/vec4 v0x5aae8ed5c140_0, 0;
    %jmp T_17.1;
T_17.0 ;
    %pushi/vec4 0, 0, 1;
    %assign/vec4 v0x5aae8ed5c6c0_0, 0;
    %load/vec4 v0x5aae8ed5c380_0;
    %dup/vec4;
    %pushi/vec4 0, 0, 3;
    %cmp/u;
    %jmp/1 T_17.2, 6;
    %dup/vec4;
    %pushi/vec4 1, 0, 3;
    %cmp/u;
    %jmp/1 T_17.3, 6;
    %dup/vec4;
    %pushi/vec4 2, 0, 3;
    %cmp/u;
    %jmp/1 T_17.4, 6;
    %dup/vec4;
    %pushi/vec4 3, 0, 3;
    %cmp/u;
    %jmp/1 T_17.5, 6;
    %dup/vec4;
    %pushi/vec4 4, 0, 3;
    %cmp/u;
    %jmp/1 T_17.6, 6;
    %pushi/vec4 0, 0, 3;
    %assign/vec4 v0x5aae8ed5c380_0, 0;
    %jmp T_17.8;
T_17.2 ;
    %pushi/vec4 1, 0, 1;
    %assign/vec4 v0x5aae8ed5c460_0, 0;
    %pushi/vec4 0, 0, 1;
    %assign/vec4 v0x5aae8ed5c520_0, 0;
    %load/vec4 v0x5aae8ed5c780_0;
    %flag_set/vec4 8;
    %jmp/0xz  T_17.9, 8;
    %load/vec4 v0x5aae8ed5c5e0_0;
    %assign/vec4 v0x5aae8ed5c2a0_0, 0;
    %load/vec4 v0x5aae8ed5c0a0_0;
    %assign/vec4 v0x5aae8ed5c140_0, 0;
    %pushi/vec4 0, 0, 1;
    %assign/vec4 v0x5aae8ed5c460_0, 0;
    %pushi/vec4 1, 0, 1;
    %assign/vec4 v0x5aae8ed5c520_0, 0;
    %pushi/vec4 0, 0, 3;
    %assign/vec4 v0x5aae8ed5bf10_0, 0;
    %pushi/vec4 1, 0, 3;
    %assign/vec4 v0x5aae8ed5c380_0, 0;
T_17.9 ;
    %jmp T_17.8;
T_17.3 ;
    %load/vec4 v0x5aae8ed5be40_0;
    %flag_set/vec4 8;
    %jmp/0xz  T_17.11, 8;
    %load/vec4 v0x5aae8ed5c2a0_0;
    %parti/s 1, 0, 2;
    %assign/vec4 v0x5aae8ed5c460_0, 0;
    %pushi/vec4 2, 0, 3;
    %assign/vec4 v0x5aae8ed5c380_0, 0;
T_17.11 ;
    %jmp T_17.8;
T_17.4 ;
    %load/vec4 v0x5aae8ed5be40_0;
    %flag_set/vec4 8;
    %jmp/0xz  T_17.13, 8;
    %load/vec4 v0x5aae8ed5bf10_0;
    %pad/u 32;
    %cmpi/e 7, 0, 32;
    %jmp/0xz  T_17.15, 4;
    %load/vec4 v0x5aae8ed5c140_0;
    %assign/vec4 v0x5aae8ed5c460_0, 0;
    %pushi/vec4 3, 0, 3;
    %assign/vec4 v0x5aae8ed5c380_0, 0;
    %jmp T_17.16;
T_17.15 ;
    %load/vec4 v0x5aae8ed5bf10_0;
    %addi 1, 0, 3;
    %assign/vec4 v0x5aae8ed5bf10_0, 0;
    %load/vec4 v0x5aae8ed5c2a0_0;
    %load/vec4 v0x5aae8ed5bf10_0;
    %addi 1, 0, 3;
    %part/u 1;
    %assign/vec4 v0x5aae8ed5c460_0, 0;
T_17.16 ;
T_17.13 ;
    %jmp T_17.8;
T_17.5 ;
    %load/vec4 v0x5aae8ed5be40_0;
    %flag_set/vec4 8;
    %jmp/0xz  T_17.17, 8;
    %pushi/vec4 1, 0, 1;
    %assign/vec4 v0x5aae8ed5c460_0, 0;
    %pushi/vec4 4, 0, 3;
    %assign/vec4 v0x5aae8ed5c380_0, 0;
T_17.17 ;
    %jmp T_17.8;
T_17.6 ;
    %load/vec4 v0x5aae8ed5be40_0;
    %flag_set/vec4 8;
    %jmp/0xz  T_17.19, 8;
    %pushi/vec4 1, 0, 1;
    %assign/vec4 v0x5aae8ed5c460_0, 0;
    %pushi/vec4 0, 0, 1;
    %assign/vec4 v0x5aae8ed5c520_0, 0;
    %pushi/vec4 1, 0, 1;
    %assign/vec4 v0x5aae8ed5c6c0_0, 0;
    %pushi/vec4 0, 0, 3;
    %assign/vec4 v0x5aae8ed5c380_0, 0;
T_17.19 ;
    %jmp T_17.8;
T_17.8 ;
    %pop/vec4 1;
T_17.1 ;
    %jmp T_17;
    .thread T_17;
    .scope S_0x5aae8ed586c0;
T_18 ;
    %wait E_0x5aae8ec7fa70;
    %load/vec4 v0x5aae8ed58f30_0;
    %flag_set/vec4 8;
    %jmp/0xz  T_18.0, 8;
    %pushi/vec4 0, 0, 4;
    %assign/vec4 v0x5aae8ed58e00_0, 0;
    %jmp T_18.1;
T_18.0 ;
    %load/vec4 v0x5aae8ed59020_0;
    %flag_set/vec4 8;
    %jmp/0xz  T_18.2, 8;
    %pushi/vec4 0, 0, 4;
    %assign/vec4 v0x5aae8ed58e00_0, 0;
    %jmp T_18.3;
T_18.2 ;
    %load/vec4 v0x5aae8ed590e0_0;
    %flag_set/vec4 8;
    %jmp/0xz  T_18.4, 8;
    %pushi/vec4 0, 0, 4;
    %assign/vec4 v0x5aae8ed58e00_0, 0;
    %jmp T_18.5;
T_18.4 ;
    %load/vec4 v0x5aae8ed58e00_0;
    %addi 1, 0, 4;
    %assign/vec4 v0x5aae8ed58e00_0, 0;
T_18.5 ;
T_18.3 ;
T_18.1 ;
    %jmp T_18;
    .thread T_18;
    .scope S_0x5aae8ed5e0e0;
T_19 ;
    %wait E_0x5aae8ec7fa70;
    %load/vec4 v0x5aae8ed5f050_0;
    %flag_set/vec4 8;
    %jmp/0xz  T_19.0, 8;
    %pushi/vec4 0, 0, 3;
    %assign/vec4 v0x5aae8ed5f1d0_0, 0;
    %pushi/vec4 1, 0, 1;
    %assign/vec4 v0x5aae8ed5f2b0_0, 0;
    %pushi/vec4 0, 0, 1;
    %assign/vec4 v0x5aae8ed5f370_0, 0;
    %pushi/vec4 0, 0, 1;
    %assign/vec4 v0x5aae8ed5f4f0_0, 0;
    %pushi/vec4 0, 0, 8;
    %assign/vec4 v0x5aae8ed5f0f0_0, 0;
    %pushi/vec4 0, 0, 3;
    %assign/vec4 v0x5aae8ed5ed90_0, 0;
    %pushi/vec4 0, 0, 1;
    %assign/vec4 v0x5aae8ed5ef90_0, 0;
    %jmp T_19.1;
T_19.0 ;
    %pushi/vec4 0, 0, 1;
    %assign/vec4 v0x5aae8ed5f4f0_0, 0;
    %load/vec4 v0x5aae8ed5f1d0_0;
    %dup/vec4;
    %pushi/vec4 0, 0, 3;
    %cmp/u;
    %jmp/1 T_19.2, 6;
    %dup/vec4;
    %pushi/vec4 1, 0, 3;
    %cmp/u;
    %jmp/1 T_19.3, 6;
    %dup/vec4;
    %pushi/vec4 2, 0, 3;
    %cmp/u;
    %jmp/1 T_19.4, 6;
    %dup/vec4;
    %pushi/vec4 3, 0, 3;
    %cmp/u;
    %jmp/1 T_19.5, 6;
    %dup/vec4;
    %pushi/vec4 4, 0, 3;
    %cmp/u;
    %jmp/1 T_19.6, 6;
    %pushi/vec4 0, 0, 3;
    %assign/vec4 v0x5aae8ed5f1d0_0, 0;
    %jmp T_19.8;
T_19.2 ;
    %pushi/vec4 1, 0, 1;
    %assign/vec4 v0x5aae8ed5f2b0_0, 0;
    %pushi/vec4 0, 0, 1;
    %assign/vec4 v0x5aae8ed5f370_0, 0;
    %load/vec4 v0x5aae8ed5f5b0_0;
    %flag_set/vec4 8;
    %jmp/0xz  T_19.9, 8;
    %load/vec4 v0x5aae8ed5f430_0;
    %assign/vec4 v0x5aae8ed5f0f0_0, 0;
    %load/vec4 v0x5aae8ed5eed0_0;
    %assign/vec4 v0x5aae8ed5ef90_0, 0;
    %pushi/vec4 0, 0, 1;
    %assign/vec4 v0x5aae8ed5f2b0_0, 0;
    %pushi/vec4 1, 0, 1;
    %assign/vec4 v0x5aae8ed5f370_0, 0;
    %pushi/vec4 0, 0, 3;
    %assign/vec4 v0x5aae8ed5ed90_0, 0;
    %pushi/vec4 1, 0, 3;
    %assign/vec4 v0x5aae8ed5f1d0_0, 0;
T_19.9 ;
    %jmp T_19.8;
T_19.3 ;
    %load/vec4 v0x5aae8ed5ecf0_0;
    %flag_set/vec4 8;
    %jmp/0xz  T_19.11, 8;
    %load/vec4 v0x5aae8ed5f0f0_0;
    %parti/s 1, 0, 2;
    %assign/vec4 v0x5aae8ed5f2b0_0, 0;
    %pushi/vec4 2, 0, 3;
    %assign/vec4 v0x5aae8ed5f1d0_0, 0;
T_19.11 ;
    %jmp T_19.8;
T_19.4 ;
    %load/vec4 v0x5aae8ed5ecf0_0;
    %flag_set/vec4 8;
    %jmp/0xz  T_19.13, 8;
    %load/vec4 v0x5aae8ed5ed90_0;
    %pad/u 32;
    %cmpi/e 7, 0, 32;
    %jmp/0xz  T_19.15, 4;
    %load/vec4 v0x5aae8ed5ef90_0;
    %assign/vec4 v0x5aae8ed5f2b0_0, 0;
    %pushi/vec4 3, 0, 3;
    %assign/vec4 v0x5aae8ed5f1d0_0, 0;
    %jmp T_19.16;
T_19.15 ;
    %load/vec4 v0x5aae8ed5ed90_0;
    %addi 1, 0, 3;
    %assign/vec4 v0x5aae8ed5ed90_0, 0;
    %load/vec4 v0x5aae8ed5f0f0_0;
    %load/vec4 v0x5aae8ed5ed90_0;
    %addi 1, 0, 3;
    %part/u 1;
    %assign/vec4 v0x5aae8ed5f2b0_0, 0;
T_19.16 ;
T_19.13 ;
    %jmp T_19.8;
T_19.5 ;
    %load/vec4 v0x5aae8ed5ecf0_0;
    %flag_set/vec4 8;
    %jmp/0xz  T_19.17, 8;
    %pushi/vec4 1, 0, 1;
    %assign/vec4 v0x5aae8ed5f2b0_0, 0;
    %pushi/vec4 4, 0, 3;
    %assign/vec4 v0x5aae8ed5f1d0_0, 0;
T_19.17 ;
    %jmp T_19.8;
T_19.6 ;
    %load/vec4 v0x5aae8ed5ecf0_0;
    %flag_set/vec4 8;
    %jmp/0xz  T_19.19, 8;
    %pushi/vec4 1, 0, 1;
    %assign/vec4 v0x5aae8ed5f2b0_0, 0;
    %pushi/vec4 0, 0, 1;
    %assign/vec4 v0x5aae8ed5f370_0, 0;
    %pushi/vec4 1, 0, 1;
    %assign/vec4 v0x5aae8ed5f4f0_0, 0;
    %pushi/vec4 0, 0, 3;
    %assign/vec4 v0x5aae8ed5f1d0_0, 0;
T_19.19 ;
    %jmp T_19.8;
T_19.8 ;
    %pop/vec4 1;
T_19.1 ;
    %jmp T_19;
    .thread T_19;
    .scope S_0x5aae8ecbb3a0;
T_20 ;
    %pushi/vec4 0, 0, 1;
    %store/vec4 v0x5aae8ed61c60_0, 0, 1;
    %pushi/vec4 1, 0, 1;
    %store/vec4 v0x5aae8ed62250_0, 0, 1;
    %pushi/vec4 0, 0, 8;
    %store/vec4 v0x5aae8ed62630_0, 0, 8;
    %pushi/vec4 0, 0, 1;
    %store/vec4 v0x5aae8ed62710_0, 0, 1;
    %pushi/vec4 0, 0, 1;
    %store/vec4 v0x5aae8ed62570_0, 0, 1;
    %pushi/vec4 0, 0, 1;
    %store/vec4 v0x5aae8ed620b0_0, 0, 1;
    %pushi/vec4 0, 0, 1;
    %store/vec4 v0x5aae8ed61e30_0, 0, 1;
    %pushi/vec4 0, 0, 32;
    %store/vec4 v0x5aae8ed62170_0, 0, 32;
    %pushi/vec4 0, 0, 32;
    %store/vec4 v0x5aae8ed61d00_0, 0, 32;
    %pushi/vec4 0, 0, 32;
    %store/vec4 v0x5aae8ed628e0_0, 0, 32;
    %end;
    .thread T_20, $init;
    .scope S_0x5aae8ecbb3a0;
T_21 ;
    %delay 5000, 0;
    %load/vec4 v0x5aae8ed61c60_0;
    %inv;
    %store/vec4 v0x5aae8ed61c60_0, 0, 1;
    %jmp T_21;
    .thread T_21;
    .scope S_0x5aae8ecbb3a0;
T_22 ;
    %pushi/vec4 0, 0, 1;
    %store/vec4 v0x5aae8ed63740_0, 0, 1;
    %pushi/vec4 0, 0, 8;
    %store/vec4 v0x5aae8ed62f30_0, 0, 8;
    %vpi_call/w 3 194 "$display", "----------------------------------------" {0 0 0};
    %vpi_call/w 3 195 "$display", "UART TX UNIT TEST (NONE / EVEN / ODD parity)" {0 0 0};
    %vpi_call/w 3 196 "$display", "----------------------------------------" {0 0 0};
    %pushi/vec4 3, 0, 32;
T_22.0 %dup/vec4;
    %pushi/vec4 0, 0, 32;
    %cmp/s;
    %jmp/1xz T_22.1, 5;
    %jmp/1 T_22.1, 4;
    %pushi/vec4 1, 0, 32;
    %sub;
    %wait E_0x5aae8ec7fa70;
    %jmp T_22.0;
T_22.1 ;
    %pop/vec4 1;
    %wait E_0x5aae8ecb9170;
    %pushi/vec4 0, 0, 32; draw_string_vec4
    %pushi/vec4 0, 0, 32; draw_string_vec4
    %concat/vec4; draw_string_vec4
    %pushi/vec4 0, 0, 32; draw_string_vec4
    %concat/vec4; draw_string_vec4
    %pushi/vec4 0, 0, 32; draw_string_vec4
    %concat/vec4; draw_string_vec4
    %pushi/vec4 0, 0, 32; draw_string_vec4
    %concat/vec4; draw_string_vec4
    %pushi/vec4 5399923, 0, 32; draw_string_vec4
    %concat/vec4; draw_string_vec4
    %pushi/vec4 1702115872, 0, 32; draw_string_vec4
    %concat/vec4; draw_string_vec4
    %pushi/vec4 1954029673, 0, 32; draw_string_vec4
    %concat/vec4; draw_string_vec4
    %pushi/vec4 1684825376, 0, 32; draw_string_vec4
    %concat/vec4; draw_string_vec4
    %pushi/vec4 1751738216, 0, 32; draw_string_vec4
    %concat/vec4; draw_string_vec4
    %pushi/vec4 539512399, 0, 32; draw_string_vec4
    %concat/vec4; draw_string_vec4
    %pushi/vec4 1313153129, 0, 32; draw_string_vec4
    %concat/vec4; draw_string_vec4
    %pushi/vec4 1853060137, 0, 32; draw_string_vec4
    %concat/vec4; draw_string_vec4
    %store/vec4 v0x5aae8ed5b440_0, 0, 416;
    %load/vec4 v0x5aae8ed63390_0;
    %pushi/vec4 1, 0, 1;
    %cmp/e;
    %flag_get/vec4 6;
    %store/vec4 v0x5aae8ed5b360_0, 0, 1;
    %fork TD_uart_tx_tb.check_cond, S_0x5aae8ed5b180;
    %join;
    %pushi/vec4 0, 0, 32; draw_string_vec4
    %pushi/vec4 0, 0, 32; draw_string_vec4
    %concat/vec4; draw_string_vec4
    %pushi/vec4 0, 0, 32; draw_string_vec4
    %concat/vec4; draw_string_vec4
    %pushi/vec4 0, 0, 32; draw_string_vec4
    %concat/vec4; draw_string_vec4
    %pushi/vec4 0, 0, 32; draw_string_vec4
    %concat/vec4; draw_string_vec4
    %pushi/vec4 5399923, 0, 32; draw_string_vec4
    %concat/vec4; draw_string_vec4
    %pushi/vec4 1702115872, 0, 32; draw_string_vec4
    %concat/vec4; draw_string_vec4
    %pushi/vec4 1954029673, 0, 32; draw_string_vec4
    %concat/vec4; draw_string_vec4
    %pushi/vec4 1684825376, 0, 32; draw_string_vec4
    %concat/vec4; draw_string_vec4
    %pushi/vec4 1751738216, 0, 32; draw_string_vec4
    %concat/vec4; draw_string_vec4
    %pushi/vec4 539510102, 0, 32; draw_string_vec4
    %concat/vec4; draw_string_vec4
    %pushi/vec4 1162748009, 0, 32; draw_string_vec4
    %concat/vec4; draw_string_vec4
    %pushi/vec4 1853060137, 0, 32; draw_string_vec4
    %concat/vec4; draw_string_vec4
    %store/vec4 v0x5aae8ed5b440_0, 0, 416;
    %load/vec4 v0x5aae8ed63250_0;
    %pushi/vec4 1, 0, 1;
    %cmp/e;
    %flag_get/vec4 6;
    %store/vec4 v0x5aae8ed5b360_0, 0, 1;
    %fork TD_uart_tx_tb.check_cond, S_0x5aae8ed5b180;
    %join;
    %pushi/vec4 0, 0, 32; draw_string_vec4
    %pushi/vec4 0, 0, 32; draw_string_vec4
    %concat/vec4; draw_string_vec4
    %pushi/vec4 0, 0, 32; draw_string_vec4
    %concat/vec4; draw_string_vec4
    %pushi/vec4 0, 0, 32; draw_string_vec4
    %concat/vec4; draw_string_vec4
    %pushi/vec4 0, 0, 32; draw_string_vec4
    %concat/vec4; draw_string_vec4
    %pushi/vec4 21093, 0, 32; draw_string_vec4
    %concat/vec4; draw_string_vec4
    %pushi/vec4 1936028730, 0, 32; draw_string_vec4
    %concat/vec4; draw_string_vec4
    %pushi/vec4 544503840, 0, 32; draw_string_vec4
    %concat/vec4; draw_string_vec4
    %pushi/vec4 1768189029, 0, 32; draw_string_vec4
    %concat/vec4; draw_string_vec4
    %pushi/vec4 543713639, 0, 32; draw_string_vec4
    %concat/vec4; draw_string_vec4
    %pushi/vec4 1746937935, 0, 32; draw_string_vec4
    %concat/vec4; draw_string_vec4
    %pushi/vec4 1145315433, 0, 32; draw_string_vec4
    %concat/vec4; draw_string_vec4
    %pushi/vec4 1853060137, 0, 32; draw_string_vec4
    %concat/vec4; draw_string_vec4
    %store/vec4 v0x5aae8ed5b440_0, 0, 416;
    %load/vec4 v0x5aae8ed63670_0;
    %pushi/vec4 1, 0, 1;
    %cmp/e;
    %flag_get/vec4 6;
    %store/vec4 v0x5aae8ed5b360_0, 0, 1;
    %fork TD_uart_tx_tb.check_cond, S_0x5aae8ed5b180;
    %join;
    %pushi/vec4 0, 0, 32; draw_string_vec4
    %pushi/vec4 0, 0, 32; draw_string_vec4
    %concat/vec4; draw_string_vec4
    %pushi/vec4 0, 0, 32; draw_string_vec4
    %concat/vec4; draw_string_vec4
    %pushi/vec4 0, 0, 32; draw_string_vec4
    %concat/vec4; draw_string_vec4
    %pushi/vec4 0, 0, 32; draw_string_vec4
    %concat/vec4; draw_string_vec4
    %pushi/vec4 21093, 0, 32; draw_string_vec4
    %concat/vec4; draw_string_vec4
    %pushi/vec4 1936028730, 0, 32; draw_string_vec4
    %concat/vec4; draw_string_vec4
    %pushi/vec4 544503903, 0, 32; draw_string_vec4
    %concat/vec4; draw_string_vec4
    %pushi/vec4 1651864441, 0, 32; draw_string_vec4
    %concat/vec4; draw_string_vec4
    %pushi/vec4 543977335, 0, 32; draw_string_vec4
    %concat/vec4; draw_string_vec4
    %pushi/vec4 539512399, 0, 32; draw_string_vec4
    %concat/vec4; draw_string_vec4
    %pushi/vec4 1313153129, 0, 32; draw_string_vec4
    %concat/vec4; draw_string_vec4
    %pushi/vec4 1853060137, 0, 32; draw_string_vec4
    %concat/vec4; draw_string_vec4
    %store/vec4 v0x5aae8ed5b440_0, 0, 416;
    %load/vec4 v0x5aae8ed62df0_0;
    %pushi/vec4 0, 0, 1;
    %cmp/e;
    %flag_get/vec4 6;
    %store/vec4 v0x5aae8ed5b360_0, 0, 1;
    %fork TD_uart_tx_tb.check_cond, S_0x5aae8ed5b180;
    %join;
    %pushi/vec4 0, 0, 1;
    %store/vec4 v0x5aae8ed62250_0, 0, 1;
    %wait E_0x5aae8ec7fa70;
    %pushi/vec4 0, 0, 8;
    %ix/load 4, 0, 0;
    %flag_set/imm 4, 0;
    %store/vec4a v0x5aae8ed619f0, 4, 0;
    %pushi/vec4 255, 0, 8;
    %ix/load 4, 1, 0;
    %flag_set/imm 4, 0;
    %store/vec4a v0x5aae8ed619f0, 4, 0;
    %pushi/vec4 85, 0, 8;
    %ix/load 4, 2, 0;
    %flag_set/imm 4, 0;
    %store/vec4a v0x5aae8ed619f0, 4, 0;
    %pushi/vec4 170, 0, 8;
    %ix/load 4, 3, 0;
    %flag_set/imm 4, 0;
    %store/vec4a v0x5aae8ed619f0, 4, 0;
    %pushi/vec4 195, 0, 8;
    %ix/load 4, 4, 0;
    %flag_set/imm 4, 0;
    %store/vec4a v0x5aae8ed619f0, 4, 0;
    %pushi/vec4 1, 0, 8;
    %ix/load 4, 5, 0;
    %flag_set/imm 4, 0;
    %store/vec4a v0x5aae8ed619f0, 4, 0;
    %pushi/vec4 254, 0, 8;
    %ix/load 4, 6, 0;
    %flag_set/imm 4, 0;
    %store/vec4a v0x5aae8ed619f0, 4, 0;
    %pushi/vec4 0, 0, 32;
    %store/vec4 v0x5aae8ed61ef0_0, 0, 32;
T_22.2 ;
    %load/vec4 v0x5aae8ed61ef0_0;
    %cmpi/s 7, 0, 32;
    %jmp/0xz T_22.3, 5;
    %fork t_4, S_0x5aae8ecbb3a0;
    %fork t_5, S_0x5aae8ecbb3a0;
    %join;
    %join;
    %jmp t_3;
t_4 ;
    %ix/getv/s 4, v0x5aae8ed61ef0_0;
    %load/vec4a v0x5aae8ed619f0, 4;
    %store/vec4 v0x5aae8ed59ec0_0, 0, 8;
    %fork TD_uart_tx_tb.capture_and_check_none, S_0x5aae8ed59b50;
    %join;
    %end;
t_5 ;
    %ix/getv/s 4, v0x5aae8ed61ef0_0;
    %load/vec4a v0x5aae8ed619f0, 4;
    %store/vec4 v0x5aae8ed60930_0, 0, 8;
    %fork TD_uart_tx_tb.send_none, S_0x5aae8ed60670;
    %join;
    %end;
    .scope S_0x5aae8ecbb3a0;
t_3 ;
    %load/vec4 v0x5aae8ed61ef0_0;
    %addi 1, 0, 32;
    %store/vec4 v0x5aae8ed61ef0_0, 0, 32;
    %jmp T_22.2;
T_22.3 ;
    %pushi/vec4 0, 0, 32;
    %store/vec4 v0x5aae8ed61ef0_0, 0, 32;
T_22.4 ;
    %load/vec4 v0x5aae8ed61ef0_0;
    %cmpi/s 7, 0, 32;
    %jmp/0xz T_22.5, 5;
    %fork t_7, S_0x5aae8ecbb3a0;
    %fork t_8, S_0x5aae8ecbb3a0;
    %join;
    %join;
    %jmp t_6;
t_7 ;
    %ix/getv/s 4, v0x5aae8ed61ef0_0;
    %load/vec4a v0x5aae8ed619f0, 4;
    %store/vec4 v0x5aae8ed59560_0, 0, 8;
    %fork TD_uart_tx_tb.capture_and_check_even, S_0x5aae8ed59220;
    %join;
    %end;
t_8 ;
    %ix/getv/s 4, v0x5aae8ed61ef0_0;
    %load/vec4a v0x5aae8ed619f0, 4;
    %store/vec4 v0x5aae8ed60570_0, 0, 8;
    %fork TD_uart_tx_tb.send_even, S_0x5aae8ed602f0;
    %join;
    %end;
    .scope S_0x5aae8ecbb3a0;
t_6 ;
    %load/vec4 v0x5aae8ed61ef0_0;
    %addi 1, 0, 32;
    %store/vec4 v0x5aae8ed61ef0_0, 0, 32;
    %jmp T_22.4;
T_22.5 ;
    %pushi/vec4 0, 0, 32;
    %store/vec4 v0x5aae8ed61ef0_0, 0, 32;
T_22.6 ;
    %load/vec4 v0x5aae8ed61ef0_0;
    %cmpi/s 7, 0, 32;
    %jmp/0xz T_22.7, 5;
    %fork t_10, S_0x5aae8ecbb3a0;
    %fork t_11, S_0x5aae8ecbb3a0;
    %join;
    %join;
    %jmp t_9;
t_10 ;
    %ix/getv/s 4, v0x5aae8ed61ef0_0;
    %load/vec4a v0x5aae8ed619f0, 4;
    %store/vec4 v0x5aae8ed5a710_0, 0, 8;
    %fork TD_uart_tx_tb.capture_and_check_odd, S_0x5aae8ed5a3f0;
    %join;
    %end;
t_11 ;
    %ix/getv/s 4, v0x5aae8ed61ef0_0;
    %load/vec4a v0x5aae8ed619f0, 4;
    %store/vec4 v0x5aae8ed60cf0_0, 0, 8;
    %fork TD_uart_tx_tb.send_odd, S_0x5aae8ed60a30;
    %join;
    %end;
    .scope S_0x5aae8ecbb3a0;
t_9 ;
    %load/vec4 v0x5aae8ed61ef0_0;
    %addi 1, 0, 32;
    %store/vec4 v0x5aae8ed61ef0_0, 0, 32;
    %jmp T_22.6;
T_22.7 ;
    %fork TD_uart_tx_tb.print_summary, S_0x5aae8ed5fe30;
    %join;
    %vpi_call/w 3 237 "$finish" {0 0 0};
    %end;
    .thread T_22;
    .scope S_0x5aae8ecbb3a0;
T_23 ;
    %delay 2000000000, 0;
    %vpi_call/w 3 242 "$display", "*** WATCHDOG TIMEOUT ***" {0 0 0};
    %vpi_call/w 3 243 "$finish" {0 0 0};
    %end;
    .thread T_23;
# The file index is used to find the file name in the following table.
:file_names 7;
    "N/A";
    "<interactive>";
    "-";
    "tb/uart_tx_tb.v";
    "rtl/baud_gen.v";
    "tb/uart_tasks.v";
    "rtl/uart_tx.v";
