#! /usr/bin/vvp
:ivl_version "12.0 (stable)";
:ivl_delay_selection "TYPICAL";
:vpi_time_precision - 12;
:vpi_module "/usr/lib/x86_64-linux-gnu/ivl/system.vpi";
:vpi_module "/usr/lib/x86_64-linux-gnu/ivl/vhdl_sys.vpi";
:vpi_module "/usr/lib/x86_64-linux-gnu/ivl/vhdl_textio.vpi";
:vpi_module "/usr/lib/x86_64-linux-gnu/ivl/v2005_math.vpi";
:vpi_module "/usr/lib/x86_64-linux-gnu/ivl/va_math.vpi";
:vpi_module "/usr/lib/x86_64-linux-gnu/ivl/v2009.vpi";
S_0x633e95df8940 .scope package, "$unit" "$unit" 2 1;
 .timescale 0 0;
S_0x633e95df9620 .scope module, "uart_rx_tb" "uart_rx_tb" 3 18;
 .timescale -9 -12;
P_0x633e95e18700 .param/l "BREAK_CYCLES" 1 3 169, +C4<00000000000000000000000001111000>;
P_0x633e95e18740 .param/l "CLKS_PER_BIT" 1 3 20, +C4<00000000000000000000000000001010>;
P_0x633e95e18780 .param/l "FRAME_BITS_EVEN" 1 3 168, +C4<00000000000000000000000000001011>;
L_0x633e95e0d6e0 .functor BUFZ 8, v0x633e95e3bb90_0, C4<00000000>, C4<00000000>, C4<00000000>;
L_0x633e95e01300 .functor BUFZ 1, v0x633e95e3c050_0, C4<0>, C4<0>, C4<0>;
L_0x633e95e1c8b0 .functor BUFZ 1, v0x633e95e3bad0_0, C4<0>, C4<0>, C4<0>;
L_0x633e95e19f70 .functor BUFZ 1, v0x633e95e3b890_0, C4<0>, C4<0>, C4<0>;
L_0x633e95e53120 .functor BUFZ 1, v0x633e95e3b6f0_0, C4<0>, C4<0>, C4<0>;
L_0x633e95e531e0 .functor BUFZ 1, L_0x633e95e52920, C4<0>, C4<0>, C4<0>;
L_0x633e95e53290 .functor BUFZ 1, v0x633e95e41ec0_0, C4<0>, C4<0>, C4<0>;
v0x633e95e40850_0 .net "break_detected", 0 0, L_0x633e95e531e0;  1 drivers
v0x633e95e40930_0 .net "break_detected_even", 0 0, L_0x633e95e52920;  1 drivers
v0x633e95e40a20_0 .net "break_detected_odd", 0 0, L_0x633e95e52d30;  1 drivers
v0x633e95e40b20 .array "bytes", 4 0, 7 0;
v0x633e95e40bc0_0 .var "clk", 0 0;
v0x633e95e40d00_0 .var/i "fail_count", 31 0;
v0x633e95e40da0_0 .net "framing_error", 0 0, L_0x633e95e53120;  1 drivers
v0x633e95e40e40_0 .net "framing_error_even", 0 0, v0x633e95e3b6f0_0;  1 drivers
v0x633e95e40ee0_0 .net "framing_error_odd", 0 0, v0x633e95e3d820_0;  1 drivers
v0x633e95e40f80_0 .var "got_ferr", 0 0;
v0x633e95e41020_0 .var "got_ferr_o", 0 0;
v0x633e95e410c0_0 .var "got_perr", 0 0;
v0x633e95e41180_0 .var "got_perr_o", 0 0;
v0x633e95e41240_0 .var "got_valid", 0 0;
v0x633e95e41300_0 .var "got_valid_o", 0 0;
v0x633e95e413c0_0 .var/i "i", 31 0;
v0x633e95e414a0_0 .var "last_rx_data", 7 0;
v0x633e95e41690_0 .net "parity_error", 0 0, L_0x633e95e19f70;  1 drivers
v0x633e95e41750_0 .net "parity_error_even", 0 0, v0x633e95e3b890_0;  1 drivers
v0x633e95e41820_0 .net "parity_error_odd", 0 0, v0x633e95e3d9c0_0;  1 drivers
v0x633e95e418f0_0 .var/i "pass_count", 31 0;
v0x633e95e41990_0 .var "reset", 0 0;
v0x633e95e41a30_0 .net "rx_busy", 0 0, L_0x633e95e1c8b0;  1 drivers
v0x633e95e41af0_0 .net "rx_busy_even", 0 0, v0x633e95e3bad0_0;  1 drivers
v0x633e95e41b90_0 .net "rx_busy_odd", 0 0, v0x633e95e3dbf0_0;  1 drivers
v0x633e95e41c60_0 .net "rx_data", 7 0, L_0x633e95e0d6e0;  1 drivers
v0x633e95e41d00_0 .net "rx_data_even", 7 0, v0x633e95e3bb90_0;  1 drivers
v0x633e95e41df0_0 .net "rx_data_odd", 7 0, v0x633e95e3dcb0_0;  1 drivers
v0x633e95e41ec0_0 .var "rx_line_even", 0 0;
v0x633e95e41f90_0 .var "rx_line_odd", 0 0;
v0x633e95e42060_0 .net "rx_valid", 0 0, L_0x633e95e01300;  1 drivers
v0x633e95e42100_0 .net "rx_valid_even", 0 0, v0x633e95e3c050_0;  1 drivers
v0x633e95e421d0_0 .net "rx_valid_odd", 0 0, v0x633e95e3e170_0;  1 drivers
v0x633e95e422a0_0 .var/i "test_num", 31 0;
v0x633e95e42340_0 .var "tx_busy", 0 0;
v0x633e95e423e0_0 .var "tx_data", 7 0;
v0x633e95e424a0_0 .var "tx_done", 0 0;
v0x633e95e42560_0 .net "tx_line", 0 0, L_0x633e95e53290;  1 drivers
v0x633e95e42620_0 .var "tx_start", 0 0;
S_0x633e95df92a0 .scope begin, "at_threshold" "at_threshold" 3 351, 3 351 0, S_0x633e95df9620;
 .timescale -9 -12;
v0x633e95dda420_0 .var "seen_break", 0 0;
S_0x633e95d8fe20 .scope begin, "break_watch" "break_watch" 3 356, 3 356 0, S_0x633e95df92a0;
 .timescale -9 -12;
v0x633e95dda010_0 .var/i "t", 31 0;
E_0x633e95d80bc0 .event negedge, v0x633e95e3b490_0;
S_0x633e95e37e20 .scope begin, "b2b_watch" "b2b_watch" 3 281, 3 281 0, S_0x633e95df9620;
 .timescale -9 -12;
v0x633e95dd96d0_0 .var/i "n_perr", 31 0;
v0x633e95dd9d70_0 .var/i "n_valid", 31 0;
v0x633e95dfdf20 .array "seen", 1 0, 7 0;
v0x633e95e11a50_0 .var/i "t", 31 0;
S_0x633e95e380e0 .scope begin, "below_threshold" "below_threshold" 3 332, 3 332 0, S_0x633e95df9620;
 .timescale -9 -12;
v0x633e95e0bf80_0 .var/i "n_ferr", 31 0;
v0x633e95e38300_0 .var/i "t", 31 0;
S_0x633e95e383e0 .scope task, "check_byte" "check_byte" 4 145, 4 145 0, S_0x633e95df9620;
 .timescale -9 -12;
v0x633e95e385c0_0 .var "actual", 7 0;
v0x633e95e386c0_0 .var "expected", 7 0;
v0x633e95e387a0_0 .var "name", 415 0;
TD_uart_rx_tb.check_byte ;
    %load/vec4 v0x633e95e422a0_0;
    %addi 1, 0, 32;
    %store/vec4 v0x633e95e422a0_0, 0, 32;
    %load/vec4 v0x633e95e385c0_0;
    %load/vec4 v0x633e95e386c0_0;
    %cmp/e;
    %jmp/0xz  T_0.0, 6;
    %load/vec4 v0x633e95e418f0_0;
    %addi 1, 0, 32;
    %store/vec4 v0x633e95e418f0_0, 0, 32;
    %vpi_call/w 4 150 "$display", "TEST %0d: %-50s PASS  (expected 0x%02h, got 0x%02h)", v0x633e95e422a0_0, v0x633e95e387a0_0, v0x633e95e386c0_0, v0x633e95e385c0_0 {0 0 0};
    %jmp T_0.1;
T_0.0 ;
    %load/vec4 v0x633e95e40d00_0;
    %addi 1, 0, 32;
    %store/vec4 v0x633e95e40d00_0, 0, 32;
    %vpi_call/w 4 154 "$display", "TEST %0d: %-50s FAIL  (expected 0x%02h, got 0x%02h)", v0x633e95e422a0_0, v0x633e95e387a0_0, v0x633e95e386c0_0, v0x633e95e385c0_0 {0 0 0};
T_0.1 ;
    %end;
S_0x633e95e38890 .scope task, "check_cond" "check_cond" 4 163, 4 163 0, S_0x633e95df9620;
 .timescale -9 -12;
v0x633e95e38ac0_0 .var "cond", 0 0;
v0x633e95e38ba0_0 .var "name", 415 0;
TD_uart_rx_tb.check_cond ;
    %load/vec4 v0x633e95e422a0_0;
    %addi 1, 0, 32;
    %store/vec4 v0x633e95e422a0_0, 0, 32;
    %load/vec4 v0x633e95e38ac0_0;
    %flag_set/vec4 8;
    %jmp/0xz  T_1.2, 8;
    %load/vec4 v0x633e95e418f0_0;
    %addi 1, 0, 32;
    %store/vec4 v0x633e95e418f0_0, 0, 32;
    %vpi_call/w 4 168 "$display", "TEST %0d: %-50s PASS", v0x633e95e422a0_0, v0x633e95e38ba0_0 {0 0 0};
    %jmp T_1.3;
T_1.2 ;
    %load/vec4 v0x633e95e40d00_0;
    %addi 1, 0, 32;
    %store/vec4 v0x633e95e40d00_0, 0, 32;
    %vpi_call/w 4 171 "$display", "TEST %0d: %-50s FAIL", v0x633e95e422a0_0, v0x633e95e38ba0_0 {0 0 0};
T_1.3 ;
    %end;
S_0x633e95e38c80 .scope begin, "combined_wait" "combined_wait" 3 257, 3 257 0, S_0x633e95df9620;
 .timescale -9 -12;
v0x633e95e38e60_0 .var "gf", 0 0;
v0x633e95e38f40_0 .var "gp", 0 0;
v0x633e95e39000_0 .var "gv", 0 0;
v0x633e95e390a0_0 .var/i "t", 31 0;
S_0x633e95e39180 .scope task, "drive_bit_even" "drive_bit_even" 3 77, 3 77 0, S_0x633e95df9620;
 .timescale -9 -12;
v0x633e95e39360_0 .var "v", 0 0;
TD_uart_rx_tb.drive_bit_even ;
    %wait E_0x633e95d80bc0;
    %load/vec4 v0x633e95e39360_0;
    %store/vec4 v0x633e95e41ec0_0, 0, 1;
    %pushi/vec4 9, 0, 32;
T_2.4 %dup/vec4;
    %pushi/vec4 0, 0, 32;
    %cmp/s;
    %jmp/1xz T_2.5, 5;
    %jmp/1 T_2.5, 4;
    %pushi/vec4 1, 0, 32;
    %sub;
    %wait E_0x633e95d80bc0;
    %jmp T_2.4;
T_2.5 ;
    %pop/vec4 1;
    %end;
S_0x633e95e39440 .scope task, "drive_bit_odd" "drive_bit_odd" 3 83, 3 83 0, S_0x633e95df9620;
 .timescale -9 -12;
v0x633e95e39620_0 .var "v", 0 0;
TD_uart_rx_tb.drive_bit_odd ;
    %wait E_0x633e95d80bc0;
    %load/vec4 v0x633e95e39620_0;
    %store/vec4 v0x633e95e41f90_0, 0, 1;
    %pushi/vec4 9, 0, 32;
T_3.6 %dup/vec4;
    %pushi/vec4 0, 0, 32;
    %cmp/s;
    %jmp/1xz T_3.7, 5;
    %jmp/1 T_3.7, 4;
    %pushi/vec4 1, 0, 32;
    %sub;
    %wait E_0x633e95d80bc0;
    %jmp T_3.6;
T_3.7 ;
    %pop/vec4 1;
    %end;
S_0x633e95e39700 .scope task, "drive_frame_even" "drive_frame_even" 3 92, 3 92 0, S_0x633e95df9620;
 .timescale -9 -12;
v0x633e95e39920_0 .var "data", 7 0;
v0x633e95e39a20_0 .var/i "i", 31 0;
v0x633e95e39b00_0 .var "inject_bad_parity", 0 0;
v0x633e95e39bd0_0 .var "inject_bad_stop", 0 0;
v0x633e95e39c90_0 .var "p", 0 0;
E_0x633e95d7ac20 .event anyedge, v0x633e95e3bad0_0;
TD_uart_rx_tb.drive_frame_even ;
T_4.8 ;
    %load/vec4 v0x633e95e41af0_0;
    %pushi/vec4 0, 0, 1;
    %cmp/e;
    %flag_get/vec4 4;
    %cmpi/ne 1, 0, 1;
    %jmp/0xz T_4.9, 6;
    %wait E_0x633e95d7ac20;
    %jmp T_4.8;
T_4.9 ;
    %alloc S_0x633e95e3ea80;
    %load/vec4 v0x633e95e39920_0;
    %pushi/vec4 1, 0, 2;
    %store/vec4 v0x633e95e3ee40_0, 0, 2;
    %store/vec4 v0x633e95e3ec60_0, 0, 8;
    %callf/vec4 TD_uart_rx_tb.model_parity_bit, S_0x633e95e3ea80;
    %free S_0x633e95e3ea80;
    %store/vec4 v0x633e95e39c90_0, 0, 1;
    %load/vec4 v0x633e95e39b00_0;
    %flag_set/vec4 8;
    %jmp/0xz  T_4.10, 8;
    %load/vec4 v0x633e95e39c90_0;
    %inv;
    %store/vec4 v0x633e95e39c90_0, 0, 1;
T_4.10 ;
    %pushi/vec4 0, 0, 1;
    %store/vec4 v0x633e95e39360_0, 0, 1;
    %fork TD_uart_rx_tb.drive_bit_even, S_0x633e95e39180;
    %join;
    %pushi/vec4 0, 0, 32;
    %store/vec4 v0x633e95e39a20_0, 0, 32;
T_4.12 ;
    %load/vec4 v0x633e95e39a20_0;
    %cmpi/s 8, 0, 32;
    %jmp/0xz T_4.13, 5;
    %load/vec4 v0x633e95e39920_0;
    %load/vec4 v0x633e95e39a20_0;
    %part/s 1;
    %store/vec4 v0x633e95e39360_0, 0, 1;
    %fork TD_uart_rx_tb.drive_bit_even, S_0x633e95e39180;
    %join;
    %load/vec4 v0x633e95e39a20_0;
    %addi 1, 0, 32;
    %store/vec4 v0x633e95e39a20_0, 0, 32;
    %jmp T_4.12;
T_4.13 ;
    %load/vec4 v0x633e95e39c90_0;
    %store/vec4 v0x633e95e39360_0, 0, 1;
    %fork TD_uart_rx_tb.drive_bit_even, S_0x633e95e39180;
    %join;
    %load/vec4 v0x633e95e39bd0_0;
    %flag_set/vec4 8;
    %jmp/0 T_4.14, 8;
    %pushi/vec4 0, 0, 1;
    %jmp/1 T_4.15, 8;
T_4.14 ; End of true expr.
    %pushi/vec4 1, 0, 1;
    %jmp/0 T_4.15, 8;
 ; End of false expr.
    %blend;
T_4.15;
    %store/vec4 v0x633e95e39360_0, 0, 1;
    %fork TD_uart_rx_tb.drive_bit_even, S_0x633e95e39180;
    %join;
    %pushi/vec4 1, 0, 1;
    %store/vec4 v0x633e95e41ec0_0, 0, 1;
    %end;
S_0x633e95e39d50 .scope task, "drive_frame_odd" "drive_frame_odd" 3 109, 3 109 0, S_0x633e95df9620;
 .timescale -9 -12;
v0x633e95e39f70_0 .var "data", 7 0;
v0x633e95e3a070_0 .var/i "i", 31 0;
v0x633e95e3a150_0 .var "inject_bad_parity", 0 0;
v0x633e95e3a1f0_0 .var "inject_bad_stop", 0 0;
v0x633e95e3a2b0_0 .var "p", 0 0;
E_0x633e95d7ada0 .event anyedge, v0x633e95e3dbf0_0;
TD_uart_rx_tb.drive_frame_odd ;
T_5.16 ;
    %load/vec4 v0x633e95e41b90_0;
    %pushi/vec4 0, 0, 1;
    %cmp/e;
    %flag_get/vec4 4;
    %cmpi/ne 1, 0, 1;
    %jmp/0xz T_5.17, 6;
    %wait E_0x633e95d7ada0;
    %jmp T_5.16;
T_5.17 ;
    %alloc S_0x633e95e3ea80;
    %load/vec4 v0x633e95e39f70_0;
    %pushi/vec4 2, 0, 2;
    %store/vec4 v0x633e95e3ee40_0, 0, 2;
    %store/vec4 v0x633e95e3ec60_0, 0, 8;
    %callf/vec4 TD_uart_rx_tb.model_parity_bit, S_0x633e95e3ea80;
    %free S_0x633e95e3ea80;
    %store/vec4 v0x633e95e3a2b0_0, 0, 1;
    %load/vec4 v0x633e95e3a150_0;
    %flag_set/vec4 8;
    %jmp/0xz  T_5.18, 8;
    %load/vec4 v0x633e95e3a2b0_0;
    %inv;
    %store/vec4 v0x633e95e3a2b0_0, 0, 1;
T_5.18 ;
    %pushi/vec4 0, 0, 1;
    %store/vec4 v0x633e95e39620_0, 0, 1;
    %fork TD_uart_rx_tb.drive_bit_odd, S_0x633e95e39440;
    %join;
    %pushi/vec4 0, 0, 32;
    %store/vec4 v0x633e95e3a070_0, 0, 32;
T_5.20 ;
    %load/vec4 v0x633e95e3a070_0;
    %cmpi/s 8, 0, 32;
    %jmp/0xz T_5.21, 5;
    %load/vec4 v0x633e95e39f70_0;
    %load/vec4 v0x633e95e3a070_0;
    %part/s 1;
    %store/vec4 v0x633e95e39620_0, 0, 1;
    %fork TD_uart_rx_tb.drive_bit_odd, S_0x633e95e39440;
    %join;
    %load/vec4 v0x633e95e3a070_0;
    %addi 1, 0, 32;
    %store/vec4 v0x633e95e3a070_0, 0, 32;
    %jmp T_5.20;
T_5.21 ;
    %load/vec4 v0x633e95e3a2b0_0;
    %store/vec4 v0x633e95e39620_0, 0, 1;
    %fork TD_uart_rx_tb.drive_bit_odd, S_0x633e95e39440;
    %join;
    %load/vec4 v0x633e95e3a1f0_0;
    %flag_set/vec4 8;
    %jmp/0 T_5.22, 8;
    %pushi/vec4 0, 0, 1;
    %jmp/1 T_5.23, 8;
T_5.22 ; End of true expr.
    %pushi/vec4 1, 0, 1;
    %jmp/0 T_5.23, 8;
 ; End of false expr.
    %blend;
T_5.23;
    %store/vec4 v0x633e95e39620_0, 0, 1;
    %fork TD_uart_rx_tb.drive_bit_odd, S_0x633e95e39440;
    %join;
    %pushi/vec4 1, 0, 1;
    %store/vec4 v0x633e95e41f90_0, 0, 1;
    %end;
S_0x633e95e3a3c0 .scope task, "drive_glitch_even" "drive_glitch_even" 3 126, 3 126 0, S_0x633e95df9620;
 .timescale -9 -12;
TD_uart_rx_tb.drive_glitch_even ;
    %wait E_0x633e95d80bc0;
    %pushi/vec4 0, 0, 1;
    %store/vec4 v0x633e95e41ec0_0, 0, 1;
    %pushi/vec4 3, 0, 32;
T_6.24 %dup/vec4;
    %pushi/vec4 0, 0, 32;
    %cmp/s;
    %jmp/1xz T_6.25, 5;
    %jmp/1 T_6.25, 4;
    %pushi/vec4 1, 0, 32;
    %sub;
    %wait E_0x633e95d80bc0;
    %jmp T_6.24;
T_6.25 ;
    %pop/vec4 1;
    %pushi/vec4 1, 0, 1;
    %store/vec4 v0x633e95e41ec0_0, 0, 1;
    %end;
S_0x633e95e3a5a0 .scope module, "dut_even" "uart_rx" 3 34, 5 101 0, S_0x633e95df9620;
 .timescale 0 0;
    .port_info 0 /INPUT 1 "clk";
    .port_info 1 /INPUT 1 "reset";
    .port_info 2 /INPUT 1 "rx";
    .port_info 3 /OUTPUT 8 "rx_data";
    .port_info 4 /OUTPUT 1 "rx_valid";
    .port_info 5 /OUTPUT 1 "rx_busy";
    .port_info 6 /OUTPUT 1 "parity_error";
    .port_info 7 /OUTPUT 1 "framing_error";
    .port_info 8 /OUTPUT 1 "break_detected";
P_0x633e95e04cd0 .param/l "BIW" 1 5 124, +C4<00000000000000000000000000000011>;
P_0x633e95e04d10 .param/l "BREAK_THRESHOLD_BITS" 0 5 109, +C4<00000000000000000000000000001100>;
P_0x633e95e04d50 .param/l "BREAK_THRESHOLD_CYCLES" 1 5 144, +C4<00000000000000000000000001111000>;
P_0x633e95e04d90 .param/l "CLKS_PER_BIT" 0 5 102, +C4<00000000000000000000000000001010>;
P_0x633e95e04dd0 .param/l "CW" 1 5 181, +C4<00000000000000000000000000000100>;
P_0x633e95e04e10 .param/l "DATA_BITS" 0 5 103, +C4<00000000000000000000000000001000>;
P_0x633e95e04e50 .param/l "HALF_PERIOD" 1 5 180, +C4<00000000000000000000000000000101>;
P_0x633e95e04e90 .param/l "LRCW" 1 5 145, +C4<00000000000000000000000000000111>;
P_0x633e95e04ed0 .param/l "PARITY_MODE" 0 5 104, C4<01>;
P_0x633e95e04f10 .param/l "S_BREAK" 1 5 174, C4<101>;
P_0x633e95e04f50 .param/l "S_DATA" 1 5 171, C4<010>;
P_0x633e95e04f90 .param/l "S_IDLE" 1 5 169, C4<000>;
P_0x633e95e04fd0 .param/l "S_PARITY" 1 5 172, C4<011>;
P_0x633e95e05010 .param/l "S_START" 1 5 170, C4<001>;
P_0x633e95e05050 .param/l "S_STOP" 1 5 173, C4<100>;
L_0x633e95d6a640 .functor BUFZ 1, v0x633e95e3bf90_0, C4<0>, C4<0>, C4<0>;
v0x633e95e3afd0_0 .net *"_ivl_2", 31 0, L_0x633e95e42760;  1 drivers
L_0x71d7140ce018 .functor BUFT 1, C4<0000000000000000000000000>, C4<0>, C4<0>, C4<0>;
v0x633e95e3b0d0_0 .net *"_ivl_5", 24 0, L_0x71d7140ce018;  1 drivers
L_0x71d7140ce060 .functor BUFT 1, C4<00000000000000000000000001111000>, C4<0>, C4<0>, C4<0>;
v0x633e95e3b1b0_0 .net/2u *"_ivl_6", 31 0, L_0x71d7140ce060;  1 drivers
v0x633e95e3b2a0_0 .var "bit_index", 2 0;
v0x633e95e3b380_0 .net "break_detected", 0 0, L_0x633e95e52920;  alias, 1 drivers
v0x633e95e3b490_0 .net "clk", 0 0, v0x633e95e40bc0_0;  1 drivers
v0x633e95e3b550_0 .var "cycle_count", 3 0;
v0x633e95e3b630_0 .net "expected_parity", 0 0, L_0x633e95e52ab0;  1 drivers
v0x633e95e3b6f0_0 .var "framing_error", 0 0;
v0x633e95e3b7b0_0 .var "low_run_count", 6 0;
v0x633e95e3b890_0 .var "parity_error", 0 0;
v0x633e95e3b950_0 .net "reset", 0 0, v0x633e95e41990_0;  1 drivers
v0x633e95e3ba10_0 .net "rx", 0 0, v0x633e95e41ec0_0;  1 drivers
v0x633e95e3bad0_0 .var "rx_busy", 0 0;
v0x633e95e3bb90_0 .var "rx_data", 7 0;
v0x633e95e3bc70_0 .var "rx_parity_bit", 0 0;
v0x633e95e3bd30_0 .net "rx_s", 0 0, L_0x633e95d6a640;  1 drivers
v0x633e95e3bdf0_0 .var "rx_shift", 7 0;
v0x633e95e3bed0_0 .var "rx_sync1", 0 0;
v0x633e95e3bf90_0 .var "rx_sync2", 0 0;
v0x633e95e3c050_0 .var "rx_valid", 0 0;
v0x633e95e3c110_0 .var "state", 2 0;
E_0x633e95d79a80 .event posedge, v0x633e95e3b490_0;
L_0x633e95e42760 .concat [ 7 25 0 0], v0x633e95e3b7b0_0, L_0x71d7140ce018;
L_0x633e95e52920 .cmp/eq 32, L_0x633e95e42760, L_0x71d7140ce060;
L_0x633e95e52ab0 .reduce/xor v0x633e95e3bdf0_0;
S_0x633e95e3c310 .scope module, "dut_odd" "uart_rx" 3 40, 5 101 0, S_0x633e95df9620;
 .timescale 0 0;
    .port_info 0 /INPUT 1 "clk";
    .port_info 1 /INPUT 1 "reset";
    .port_info 2 /INPUT 1 "rx";
    .port_info 3 /OUTPUT 8 "rx_data";
    .port_info 4 /OUTPUT 1 "rx_valid";
    .port_info 5 /OUTPUT 1 "rx_busy";
    .port_info 6 /OUTPUT 1 "parity_error";
    .port_info 7 /OUTPUT 1 "framing_error";
    .port_info 8 /OUTPUT 1 "break_detected";
P_0x633e95e3c4a0 .param/l "BIW" 1 5 124, +C4<00000000000000000000000000000011>;
P_0x633e95e3c4e0 .param/l "BREAK_THRESHOLD_BITS" 0 5 109, +C4<00000000000000000000000000001100>;
P_0x633e95e3c520 .param/l "BREAK_THRESHOLD_CYCLES" 1 5 144, +C4<00000000000000000000000001111000>;
P_0x633e95e3c560 .param/l "CLKS_PER_BIT" 0 5 102, +C4<00000000000000000000000000001010>;
P_0x633e95e3c5a0 .param/l "CW" 1 5 181, +C4<00000000000000000000000000000100>;
P_0x633e95e3c5e0 .param/l "DATA_BITS" 0 5 103, +C4<00000000000000000000000000001000>;
P_0x633e95e3c620 .param/l "HALF_PERIOD" 1 5 180, +C4<00000000000000000000000000000101>;
P_0x633e95e3c660 .param/l "LRCW" 1 5 145, +C4<00000000000000000000000000000111>;
P_0x633e95e3c6a0 .param/l "PARITY_MODE" 0 5 104, C4<10>;
P_0x633e95e3c6e0 .param/l "S_BREAK" 1 5 174, C4<101>;
P_0x633e95e3c720 .param/l "S_DATA" 1 5 171, C4<010>;
P_0x633e95e3c760 .param/l "S_IDLE" 1 5 169, C4<000>;
P_0x633e95e3c7a0 .param/l "S_PARITY" 1 5 172, C4<011>;
P_0x633e95e3c7e0 .param/l "S_START" 1 5 170, C4<001>;
P_0x633e95e3c820 .param/l "S_STOP" 1 5 173, C4<100>;
L_0x633e95dd9c50 .functor BUFZ 1, v0x633e95e3e0b0_0, C4<0>, C4<0>, C4<0>;
L_0x633e95dfd050 .functor NOT 1, L_0x633e95e52ec0, C4<0>, C4<0>, C4<0>;
v0x633e95e3d0a0_0 .net *"_ivl_11", 0 0, L_0x633e95e52ec0;  1 drivers
v0x633e95e3d160_0 .net *"_ivl_2", 31 0, L_0x633e95e52b80;  1 drivers
L_0x71d7140ce0a8 .functor BUFT 1, C4<0000000000000000000000000>, C4<0>, C4<0>, C4<0>;
v0x633e95e3d240_0 .net *"_ivl_5", 24 0, L_0x71d7140ce0a8;  1 drivers
L_0x71d7140ce0f0 .functor BUFT 1, C4<00000000000000000000000001111000>, C4<0>, C4<0>, C4<0>;
v0x633e95e3d330_0 .net/2u *"_ivl_6", 31 0, L_0x71d7140ce0f0;  1 drivers
v0x633e95e3d410_0 .var "bit_index", 2 0;
v0x633e95e3d540_0 .net "break_detected", 0 0, L_0x633e95e52d30;  alias, 1 drivers
v0x633e95e3d600_0 .net "clk", 0 0, v0x633e95e40bc0_0;  alias, 1 drivers
v0x633e95e3d6a0_0 .var "cycle_count", 3 0;
v0x633e95e3d760_0 .net "expected_parity", 0 0, L_0x633e95dfd050;  1 drivers
v0x633e95e3d820_0 .var "framing_error", 0 0;
v0x633e95e3d8e0_0 .var "low_run_count", 6 0;
v0x633e95e3d9c0_0 .var "parity_error", 0 0;
v0x633e95e3da80_0 .net "reset", 0 0, v0x633e95e41990_0;  alias, 1 drivers
v0x633e95e3db50_0 .net "rx", 0 0, v0x633e95e41f90_0;  1 drivers
v0x633e95e3dbf0_0 .var "rx_busy", 0 0;
v0x633e95e3dcb0_0 .var "rx_data", 7 0;
v0x633e95e3dd90_0 .var "rx_parity_bit", 0 0;
v0x633e95e3de50_0 .net "rx_s", 0 0, L_0x633e95dd9c50;  1 drivers
v0x633e95e3df10_0 .var "rx_shift", 7 0;
v0x633e95e3dff0_0 .var "rx_sync1", 0 0;
v0x633e95e3e0b0_0 .var "rx_sync2", 0 0;
v0x633e95e3e170_0 .var "rx_valid", 0 0;
v0x633e95e3e230_0 .var "state", 2 0;
L_0x633e95e52b80 .concat [ 7 25 0 0], v0x633e95e3d8e0_0, L_0x71d7140ce0a8;
L_0x633e95e52d30 .cmp/eq 32, L_0x633e95e52b80, L_0x71d7140ce0f0;
L_0x633e95e52ec0 .reduce/xor v0x633e95e3df10_0;
S_0x633e95e3e430 .scope begin, "glitch_watch" "glitch_watch" 3 308, 3 308 0, S_0x633e95df9620;
 .timescale -9 -12;
v0x633e95e3e5c0_0 .var/i "t", 31 0;
S_0x633e95e3e6c0 .scope task, "hold_low_even" "hold_low_even" 3 135, 3 135 0, S_0x633e95df9620;
 .timescale -9 -12;
v0x633e95e3e8a0_0 .var/i "k", 31 0;
v0x633e95e3e9a0_0 .var/i "n_cycles", 31 0;
TD_uart_rx_tb.hold_low_even ;
    %wait E_0x633e95d80bc0;
    %pushi/vec4 0, 0, 1;
    %store/vec4 v0x633e95e41ec0_0, 0, 1;
    %pushi/vec4 1, 0, 32;
    %store/vec4 v0x633e95e3e8a0_0, 0, 32;
T_7.26 ;
    %load/vec4 v0x633e95e3e8a0_0;
    %load/vec4 v0x633e95e3e9a0_0;
    %cmp/s;
    %jmp/0xz T_7.27, 5;
    %wait E_0x633e95d80bc0;
    %load/vec4 v0x633e95e3e8a0_0;
    %addi 1, 0, 32;
    %store/vec4 v0x633e95e3e8a0_0, 0, 32;
    %jmp T_7.26;
T_7.27 ;
    %pushi/vec4 1, 0, 1;
    %store/vec4 v0x633e95e41ec0_0, 0, 1;
    %end;
S_0x633e95e3ea80 .scope autofunction.vec4.s1, "model_parity_bit" "model_parity_bit" 4 43, 4 43 0, S_0x633e95df9620;
 .timescale -9 -12;
v0x633e95e3ec60_0 .var "data", 7 0;
v0x633e95e3ed60_0 .var/i "i", 31 0;
v0x633e95e3ee40_0 .var "mode", 1 0;
; Variable model_parity_bit is vec4 return value of scope S_0x633e95e3ea80
v0x633e95e3eff0_0 .var/i "ones", 31 0;
TD_uart_rx_tb.model_parity_bit ;
    %pushi/vec4 0, 0, 32;
    %store/vec4 v0x633e95e3eff0_0, 0, 32;
    %pushi/vec4 0, 0, 32;
    %store/vec4 v0x633e95e3ed60_0, 0, 32;
T_8.28 ;
    %load/vec4 v0x633e95e3ed60_0;
    %cmpi/s 8, 0, 32;
    %jmp/0xz T_8.29, 5;
    %load/vec4 v0x633e95e3eff0_0;
    %load/vec4 v0x633e95e3ec60_0;
    %load/vec4 v0x633e95e3ed60_0;
    %part/s 1;
    %pad/u 32;
    %add;
    %store/vec4 v0x633e95e3eff0_0, 0, 32;
    %load/vec4 v0x633e95e3ed60_0;
    %addi 1, 0, 32;
    %store/vec4 v0x633e95e3ed60_0, 0, 32;
    %jmp T_8.28;
T_8.29 ;
    %load/vec4 v0x633e95e3ee40_0;
    %cmpi/e 2, 0, 2;
    %jmp/0xz  T_8.30, 4;
    %load/vec4 v0x633e95e3eff0_0;
    %pushi/vec4 2, 0, 32;
    %mod/s;
    %cmpi/e 0, 0, 32;
    %flag_mov 8, 4;
    %jmp/0 T_8.32, 8;
    %pushi/vec4 1, 0, 1;
    %jmp/1 T_8.33, 8;
T_8.32 ; End of true expr.
    %pushi/vec4 0, 0, 1;
    %jmp/0 T_8.33, 8;
 ; End of false expr.
    %blend;
T_8.33;
    %ret/vec4 0, 0, 1;  Assign to model_parity_bit (store_vec4_to_lval)
    %jmp T_8.31;
T_8.30 ;
    %load/vec4 v0x633e95e3eff0_0;
    %pushi/vec4 2, 0, 32;
    %mod/s;
    %cmpi/e 0, 0, 32;
    %flag_mov 8, 4;
    %jmp/0 T_8.34, 8;
    %pushi/vec4 0, 0, 1;
    %jmp/1 T_8.35, 8;
T_8.34 ; End of true expr.
    %pushi/vec4 1, 0, 1;
    %jmp/0 T_8.35, 8;
 ; End of false expr.
    %blend;
T_8.35;
    %ret/vec4 0, 0, 1;  Assign to model_parity_bit (store_vec4_to_lval)
T_8.31 ;
    %end;
S_0x633e95e3f120 .scope task, "print_summary" "print_summary" 4 179, 4 179 0, S_0x633e95df9620;
 .timescale -9 -12;
TD_uart_rx_tb.print_summary ;
    %vpi_call/w 4 181 "$display", "----------------------------------------" {0 0 0};
    %load/vec4 v0x633e95e418f0_0;
    %load/vec4 v0x633e95e40d00_0;
    %add;
    %vpi_call/w 4 182 "$display", "  %0d / %0d tests passed", v0x633e95e418f0_0, S<0,vec4,s32> {1 0 0};
    %load/vec4 v0x633e95e40d00_0;
    %cmpi/e 0, 0, 32;
    %jmp/0xz  T_9.36, 4;
    %vpi_call/w 4 184 "$display", "  ALL TESTS PASSED" {0 0 0};
    %jmp T_9.37;
T_9.36 ;
    %vpi_call/w 4 186 "$display", "  *** %0d TEST(S) FAILED ***", v0x633e95e40d00_0 {0 0 0};
T_9.37 ;
    %vpi_call/w 4 187 "$display", "----------------------------------------" {0 0 0};
    %end;
S_0x633e95e3f410 .scope task, "send_byte" "send_byte" 4 62, 4 62 0, S_0x633e95df9620;
 .timescale -9 -12;
v0x633e95e3f5f0_0 .var "data", 7 0;
TD_uart_rx_tb.send_byte ;
    %wait E_0x633e95d79a80;
    %load/vec4 v0x633e95e3f5f0_0;
    %assign/vec4 v0x633e95e423e0_0, 0;
    %pushi/vec4 1, 0, 1;
    %assign/vec4 v0x633e95e42620_0, 0;
    %wait E_0x633e95d79a80;
    %pushi/vec4 0, 0, 1;
    %assign/vec4 v0x633e95e42620_0, 0;
    %end;
S_0x633e95e3f6f0 .scope task, "wait_for_rx_outcome" "wait_for_rx_outcome" 4 100, 4 100 0, S_0x633e95df9620;
 .timescale -9 -12;
v0x633e95e3f8d0_0 .var "got_ferr", 0 0;
v0x633e95e3f9b0_0 .var "got_perr", 0 0;
v0x633e95e3fa70_0 .var "got_valid", 0 0;
v0x633e95e3fb10_0 .var/i "timeout", 31 0;
TD_uart_rx_tb.wait_for_rx_outcome ;
    %pushi/vec4 0, 0, 32;
    %store/vec4 v0x633e95e3fb10_0, 0, 32;
    %pushi/vec4 0, 0, 1;
    %store/vec4 v0x633e95e3fa70_0, 0, 1;
    %pushi/vec4 0, 0, 1;
    %store/vec4 v0x633e95e3f9b0_0, 0, 1;
    %pushi/vec4 0, 0, 1;
    %store/vec4 v0x633e95e3f8d0_0, 0, 1;
T_11.38 ;
    %load/vec4 v0x633e95e3fa70_0;
    %nor/r;
    %flag_set/vec4 11;
    %flag_get/vec4 11;
    %jmp/0 T_11.42, 11;
    %load/vec4 v0x633e95e3f9b0_0;
    %nor/r;
    %and;
T_11.42;
    %flag_set/vec4 10;
    %flag_get/vec4 10;
    %jmp/0 T_11.41, 10;
    %load/vec4 v0x633e95e3f8d0_0;
    %nor/r;
    %and;
T_11.41;
    %flag_set/vec4 9;
    %flag_get/vec4 9;
    %jmp/0 T_11.40, 9;
    %load/vec4 v0x633e95e3fb10_0;
    %cmpi/s 200000, 0, 32;
    %flag_get/vec4 5;
    %and;
T_11.40;
    %flag_set/vec4 8;
    %jmp/0xz T_11.39, 8;
    %wait E_0x633e95d80bc0;
    %load/vec4 v0x633e95e42060_0;
    %flag_set/vec4 8;
    %jmp/0xz  T_11.43, 8;
    %pushi/vec4 1, 0, 1;
    %store/vec4 v0x633e95e3fa70_0, 0, 1;
T_11.43 ;
    %load/vec4 v0x633e95e41690_0;
    %flag_set/vec4 8;
    %jmp/0xz  T_11.45, 8;
    %pushi/vec4 1, 0, 1;
    %store/vec4 v0x633e95e3f9b0_0, 0, 1;
T_11.45 ;
    %load/vec4 v0x633e95e40da0_0;
    %flag_set/vec4 8;
    %jmp/0xz  T_11.47, 8;
    %pushi/vec4 1, 0, 1;
    %store/vec4 v0x633e95e3f8d0_0, 0, 1;
T_11.47 ;
    %load/vec4 v0x633e95e3fb10_0;
    %addi 1, 0, 32;
    %store/vec4 v0x633e95e3fb10_0, 0, 32;
    %jmp T_11.38;
T_11.39 ;
    %load/vec4 v0x633e95e3fa70_0;
    %flag_set/vec4 8;
    %jmp/0xz  T_11.49, 8;
    %load/vec4 v0x633e95e41c60_0;
    %store/vec4 v0x633e95e414a0_0, 0, 8;
T_11.49 ;
    %load/vec4 v0x633e95e3fb10_0;
    %cmpi/s 200000, 0, 32;
    %flag_inv 5; GE is !LT
    %jmp/0xz  T_11.51, 5;
    %vpi_call/w 4 116 "$display", "  *** TIMEOUT waiting for an RX outcome ***" {0 0 0};
    %load/vec4 v0x633e95e40d00_0;
    %addi 1, 0, 32;
    %store/vec4 v0x633e95e40d00_0, 0, 32;
T_11.51 ;
    %end;
S_0x633e95e3fbf0 .scope task, "wait_for_rx_outcome_odd" "wait_for_rx_outcome_odd" 3 144, 3 144 0, S_0x633e95df9620;
 .timescale -9 -12;
v0x633e95e3fdd0_0 .var "got_ferr", 0 0;
v0x633e95e3feb0_0 .var "got_perr", 0 0;
v0x633e95e3ff70_0 .var "got_valid", 0 0;
v0x633e95e40040_0 .var/i "timeout", 31 0;
TD_uart_rx_tb.wait_for_rx_outcome_odd ;
    %pushi/vec4 0, 0, 32;
    %store/vec4 v0x633e95e40040_0, 0, 32;
    %pushi/vec4 0, 0, 1;
    %store/vec4 v0x633e95e3ff70_0, 0, 1;
    %pushi/vec4 0, 0, 1;
    %store/vec4 v0x633e95e3feb0_0, 0, 1;
    %pushi/vec4 0, 0, 1;
    %store/vec4 v0x633e95e3fdd0_0, 0, 1;
T_12.53 ;
    %load/vec4 v0x633e95e3ff70_0;
    %nor/r;
    %flag_set/vec4 11;
    %flag_get/vec4 11;
    %jmp/0 T_12.57, 11;
    %load/vec4 v0x633e95e3feb0_0;
    %nor/r;
    %and;
T_12.57;
    %flag_set/vec4 10;
    %flag_get/vec4 10;
    %jmp/0 T_12.56, 10;
    %load/vec4 v0x633e95e3fdd0_0;
    %nor/r;
    %and;
T_12.56;
    %flag_set/vec4 9;
    %flag_get/vec4 9;
    %jmp/0 T_12.55, 9;
    %load/vec4 v0x633e95e40040_0;
    %cmpi/s 200000, 0, 32;
    %flag_get/vec4 5;
    %and;
T_12.55;
    %flag_set/vec4 8;
    %jmp/0xz T_12.54, 8;
    %wait E_0x633e95d80bc0;
    %load/vec4 v0x633e95e421d0_0;
    %flag_set/vec4 8;
    %jmp/0xz  T_12.58, 8;
    %pushi/vec4 1, 0, 1;
    %store/vec4 v0x633e95e3ff70_0, 0, 1;
T_12.58 ;
    %load/vec4 v0x633e95e41820_0;
    %flag_set/vec4 8;
    %jmp/0xz  T_12.60, 8;
    %pushi/vec4 1, 0, 1;
    %store/vec4 v0x633e95e3feb0_0, 0, 1;
T_12.60 ;
    %load/vec4 v0x633e95e40ee0_0;
    %flag_set/vec4 8;
    %jmp/0xz  T_12.62, 8;
    %pushi/vec4 1, 0, 1;
    %store/vec4 v0x633e95e3fdd0_0, 0, 1;
T_12.62 ;
    %load/vec4 v0x633e95e40040_0;
    %addi 1, 0, 32;
    %store/vec4 v0x633e95e40040_0, 0, 32;
    %jmp T_12.53;
T_12.54 ;
    %end;
S_0x633e95e40120 .scope task, "wait_for_tx_and_rx" "wait_for_tx_and_rx" 4 131, 4 131 0, S_0x633e95df9620;
 .timescale -9 -12;
v0x633e95e40300_0 .var "gf", 0 0;
v0x633e95e403e0_0 .var "gp", 0 0;
v0x633e95e404a0_0 .var "gv", 0 0;
TD_uart_rx_tb.wait_for_tx_and_rx ;
    %fork t_1, S_0x633e95e40120;
    %fork t_2, S_0x633e95e40120;
    %join;
    %join;
    %jmp t_0;
t_1 ;
    %fork TD_uart_rx_tb.wait_for_tx_done, S_0x633e95e40570;
    %join;
    %end;
t_2 ;
    %fork TD_uart_rx_tb.wait_for_rx_outcome, S_0x633e95e3f6f0;
    %join;
    %load/vec4 v0x633e95e3fa70_0;
    %store/vec4 v0x633e95e404a0_0, 0, 1;
    %load/vec4 v0x633e95e3f9b0_0;
    %store/vec4 v0x633e95e403e0_0, 0, 1;
    %load/vec4 v0x633e95e3f8d0_0;
    %store/vec4 v0x633e95e40300_0, 0, 1;
    %end;
    .scope S_0x633e95e40120;
t_0 ;
    %end;
S_0x633e95e40570 .scope task, "wait_for_tx_done" "wait_for_tx_done" 4 75, 4 75 0, S_0x633e95df9620;
 .timescale -9 -12;
v0x633e95e40750_0 .var/i "timeout", 31 0;
TD_uart_rx_tb.wait_for_tx_done ;
    %pushi/vec4 0, 0, 32;
    %store/vec4 v0x633e95e40750_0, 0, 32;
T_14.64 ;
    %load/vec4 v0x633e95e424a0_0;
    %cmpi/ne 1, 0, 1;
    %flag_get/vec4 6;
    %jmp/0 T_14.66, 6;
    %load/vec4 v0x633e95e40750_0;
    %cmpi/s 200000, 0, 32;
    %flag_get/vec4 5;
    %and;
T_14.66;
    %flag_set/vec4 8;
    %jmp/0xz T_14.65, 8;
    %wait E_0x633e95d80bc0;
    %load/vec4 v0x633e95e40750_0;
    %addi 1, 0, 32;
    %store/vec4 v0x633e95e40750_0, 0, 32;
    %jmp T_14.64;
T_14.65 ;
    %load/vec4 v0x633e95e40750_0;
    %cmpi/s 200000, 0, 32;
    %flag_inv 5; GE is !LT
    %jmp/0xz  T_14.67, 5;
    %vpi_call/w 4 87 "$display", "  *** TIMEOUT waiting for tx_done ***" {0 0 0};
    %load/vec4 v0x633e95e40d00_0;
    %addi 1, 0, 32;
    %store/vec4 v0x633e95e40d00_0, 0, 32;
T_14.67 ;
    %end;
    .scope S_0x633e95e3a5a0;
T_15 ;
    %wait E_0x633e95d79a80;
    %load/vec4 v0x633e95e3b950_0;
    %flag_set/vec4 8;
    %jmp/0xz  T_15.0, 8;
    %pushi/vec4 1, 0, 1;
    %assign/vec4 v0x633e95e3bed0_0, 0;
    %pushi/vec4 1, 0, 1;
    %assign/vec4 v0x633e95e3bf90_0, 0;
    %jmp T_15.1;
T_15.0 ;
    %load/vec4 v0x633e95e3ba10_0;
    %assign/vec4 v0x633e95e3bed0_0, 0;
    %load/vec4 v0x633e95e3bed0_0;
    %assign/vec4 v0x633e95e3bf90_0, 0;
T_15.1 ;
    %jmp T_15;
    .thread T_15;
    .scope S_0x633e95e3a5a0;
T_16 ;
    %wait E_0x633e95d79a80;
    %load/vec4 v0x633e95e3b950_0;
    %flag_set/vec4 8;
    %jmp/0xz  T_16.0, 8;
    %pushi/vec4 0, 0, 7;
    %assign/vec4 v0x633e95e3b7b0_0, 0;
    %jmp T_16.1;
T_16.0 ;
    %load/vec4 v0x633e95e3bd30_0;
    %cmpi/e 0, 0, 1;
    %jmp/0xz  T_16.2, 4;
    %load/vec4 v0x633e95e3b7b0_0;
    %pad/u 32;
    %cmpi/u 120, 0, 32;
    %jmp/0xz  T_16.4, 5;
    %load/vec4 v0x633e95e3b7b0_0;
    %addi 1, 0, 7;
    %assign/vec4 v0x633e95e3b7b0_0, 0;
T_16.4 ;
    %jmp T_16.3;
T_16.2 ;
    %pushi/vec4 0, 0, 7;
    %assign/vec4 v0x633e95e3b7b0_0, 0;
T_16.3 ;
T_16.1 ;
    %jmp T_16;
    .thread T_16;
    .scope S_0x633e95e3a5a0;
T_17 ;
    %wait E_0x633e95d79a80;
    %load/vec4 v0x633e95e3b950_0;
    %flag_set/vec4 8;
    %jmp/0xz  T_17.0, 8;
    %pushi/vec4 0, 0, 3;
    %assign/vec4 v0x633e95e3c110_0, 0;
    %pushi/vec4 0, 0, 4;
    %assign/vec4 v0x633e95e3b550_0, 0;
    %pushi/vec4 0, 0, 3;
    %assign/vec4 v0x633e95e3b2a0_0, 0;
    %pushi/vec4 0, 0, 8;
    %assign/vec4 v0x633e95e3bdf0_0, 0;
    %pushi/vec4 0, 0, 1;
    %assign/vec4 v0x633e95e3bc70_0, 0;
    %pushi/vec4 0, 0, 8;
    %assign/vec4 v0x633e95e3bb90_0, 0;
    %pushi/vec4 0, 0, 1;
    %assign/vec4 v0x633e95e3c050_0, 0;
    %pushi/vec4 0, 0, 1;
    %assign/vec4 v0x633e95e3bad0_0, 0;
    %pushi/vec4 0, 0, 1;
    %assign/vec4 v0x633e95e3b890_0, 0;
    %pushi/vec4 0, 0, 1;
    %assign/vec4 v0x633e95e3b6f0_0, 0;
    %jmp T_17.1;
T_17.0 ;
    %pushi/vec4 0, 0, 1;
    %assign/vec4 v0x633e95e3c050_0, 0;
    %pushi/vec4 0, 0, 1;
    %assign/vec4 v0x633e95e3b890_0, 0;
    %pushi/vec4 0, 0, 1;
    %assign/vec4 v0x633e95e3b6f0_0, 0;
    %load/vec4 v0x633e95e3b380_0;
    %flag_set/vec4 10;
    %flag_get/vec4 10;
    %jmp/0 T_17.5, 10;
    %load/vec4 v0x633e95e3c110_0;
    %pushi/vec4 0, 0, 3;
    %cmp/ne;
    %flag_get/vec4 4;
    %and;
T_17.5;
    %flag_set/vec4 9;
    %flag_get/vec4 9;
    %jmp/0 T_17.4, 9;
    %load/vec4 v0x633e95e3c110_0;
    %pushi/vec4 5, 0, 3;
    %cmp/ne;
    %flag_get/vec4 4;
    %and;
T_17.4;
    %flag_set/vec4 8;
    %jmp/0xz  T_17.2, 8;
    %pushi/vec4 5, 0, 3;
    %assign/vec4 v0x633e95e3c110_0, 0;
    %pushi/vec4 1, 0, 1;
    %assign/vec4 v0x633e95e3bad0_0, 0;
    %jmp T_17.3;
T_17.2 ;
    %load/vec4 v0x633e95e3c110_0;
    %dup/vec4;
    %pushi/vec4 0, 0, 3;
    %cmp/u;
    %jmp/1 T_17.6, 6;
    %dup/vec4;
    %pushi/vec4 1, 0, 3;
    %cmp/u;
    %jmp/1 T_17.7, 6;
    %dup/vec4;
    %pushi/vec4 2, 0, 3;
    %cmp/u;
    %jmp/1 T_17.8, 6;
    %dup/vec4;
    %pushi/vec4 3, 0, 3;
    %cmp/u;
    %jmp/1 T_17.9, 6;
    %dup/vec4;
    %pushi/vec4 4, 0, 3;
    %cmp/u;
    %jmp/1 T_17.10, 6;
    %dup/vec4;
    %pushi/vec4 5, 0, 3;
    %cmp/u;
    %jmp/1 T_17.11, 6;
    %pushi/vec4 0, 0, 3;
    %assign/vec4 v0x633e95e3c110_0, 0;
    %jmp T_17.13;
T_17.6 ;
    %pushi/vec4 0, 0, 1;
    %assign/vec4 v0x633e95e3bad0_0, 0;
    %load/vec4 v0x633e95e3bd30_0;
    %cmpi/e 0, 0, 1;
    %jmp/0xz  T_17.14, 4;
    %pushi/vec4 1, 0, 1;
    %assign/vec4 v0x633e95e3bad0_0, 0;
    %pushi/vec4 0, 0, 4;
    %assign/vec4 v0x633e95e3b550_0, 0;
    %pushi/vec4 1, 0, 3;
    %assign/vec4 v0x633e95e3c110_0, 0;
T_17.14 ;
    %jmp T_17.13;
T_17.7 ;
    %load/vec4 v0x633e95e3b550_0;
    %pad/u 32;
    %cmpi/e 4, 0, 32;
    %jmp/0xz  T_17.16, 4;
    %load/vec4 v0x633e95e3bd30_0;
    %cmpi/e 0, 0, 1;
    %jmp/0xz  T_17.18, 4;
    %pushi/vec4 0, 0, 4;
    %assign/vec4 v0x633e95e3b550_0, 0;
    %pushi/vec4 0, 0, 3;
    %assign/vec4 v0x633e95e3b2a0_0, 0;
    %pushi/vec4 2, 0, 3;
    %assign/vec4 v0x633e95e3c110_0, 0;
    %jmp T_17.19;
T_17.18 ;
    %pushi/vec4 0, 0, 1;
    %assign/vec4 v0x633e95e3bad0_0, 0;
    %pushi/vec4 0, 0, 3;
    %assign/vec4 v0x633e95e3c110_0, 0;
T_17.19 ;
    %jmp T_17.17;
T_17.16 ;
    %load/vec4 v0x633e95e3b550_0;
    %addi 1, 0, 4;
    %assign/vec4 v0x633e95e3b550_0, 0;
T_17.17 ;
    %jmp T_17.13;
T_17.8 ;
    %load/vec4 v0x633e95e3b550_0;
    %pad/u 32;
    %cmpi/e 9, 0, 32;
    %jmp/0xz  T_17.20, 4;
    %pushi/vec4 0, 0, 4;
    %assign/vec4 v0x633e95e3b550_0, 0;
    %load/vec4 v0x633e95e3bd30_0;
    %ix/load 5, 0, 0;
    %ix/getv 4, v0x633e95e3b2a0_0;
    %assign/vec4/off/d v0x633e95e3bdf0_0, 4, 5;
    %load/vec4 v0x633e95e3b2a0_0;
    %pad/u 32;
    %cmpi/e 7, 0, 32;
    %jmp/0xz  T_17.22, 4;
    %pushi/vec4 3, 0, 3;
    %assign/vec4 v0x633e95e3c110_0, 0;
    %jmp T_17.23;
T_17.22 ;
    %load/vec4 v0x633e95e3b2a0_0;
    %addi 1, 0, 3;
    %assign/vec4 v0x633e95e3b2a0_0, 0;
T_17.23 ;
    %jmp T_17.21;
T_17.20 ;
    %load/vec4 v0x633e95e3b550_0;
    %addi 1, 0, 4;
    %assign/vec4 v0x633e95e3b550_0, 0;
T_17.21 ;
    %jmp T_17.13;
T_17.9 ;
    %load/vec4 v0x633e95e3b550_0;
    %pad/u 32;
    %cmpi/e 9, 0, 32;
    %jmp/0xz  T_17.24, 4;
    %pushi/vec4 0, 0, 4;
    %assign/vec4 v0x633e95e3b550_0, 0;
    %load/vec4 v0x633e95e3bd30_0;
    %assign/vec4 v0x633e95e3bc70_0, 0;
    %pushi/vec4 4, 0, 3;
    %assign/vec4 v0x633e95e3c110_0, 0;
    %jmp T_17.25;
T_17.24 ;
    %load/vec4 v0x633e95e3b550_0;
    %addi 1, 0, 4;
    %assign/vec4 v0x633e95e3b550_0, 0;
T_17.25 ;
    %jmp T_17.13;
T_17.10 ;
    %load/vec4 v0x633e95e3b550_0;
    %pad/u 32;
    %cmpi/e 9, 0, 32;
    %jmp/0xz  T_17.26, 4;
    %pushi/vec4 0, 0, 1;
    %assign/vec4 v0x633e95e3bad0_0, 0;
    %pushi/vec4 0, 0, 3;
    %assign/vec4 v0x633e95e3c110_0, 0;
    %load/vec4 v0x633e95e3bdf0_0;
    %assign/vec4 v0x633e95e3bb90_0, 0;
    %load/vec4 v0x633e95e3bd30_0;
    %cmpi/e 1, 0, 1;
    %jmp/0xz  T_17.28, 4;
    %pushi/vec4 0, 0, 1;
    %flag_set/vec4 8;
    %jmp/1 T_17.32, 8;
    %load/vec4 v0x633e95e3bc70_0;
    %load/vec4 v0x633e95e3b630_0;
    %cmp/e;
    %flag_or 8, 4;
T_17.32;
    %jmp/0xz  T_17.30, 8;
    %pushi/vec4 1, 0, 1;
    %assign/vec4 v0x633e95e3c050_0, 0;
    %jmp T_17.31;
T_17.30 ;
    %pushi/vec4 1, 0, 1;
    %assign/vec4 v0x633e95e3b890_0, 0;
T_17.31 ;
    %jmp T_17.29;
T_17.28 ;
    %pushi/vec4 1, 0, 1;
    %assign/vec4 v0x633e95e3b6f0_0, 0;
    %pushi/vec4 1, 0, 1;
    %flag_set/vec4 9;
    %flag_get/vec4 9;
    %jmp/0 T_17.35, 9;
    %load/vec4 v0x633e95e3bc70_0;
    %load/vec4 v0x633e95e3b630_0;
    %cmp/ne;
    %flag_get/vec4 4;
    %and;
T_17.35;
    %flag_set/vec4 8;
    %jmp/0xz  T_17.33, 8;
    %pushi/vec4 1, 0, 1;
    %assign/vec4 v0x633e95e3b890_0, 0;
T_17.33 ;
T_17.29 ;
    %jmp T_17.27;
T_17.26 ;
    %load/vec4 v0x633e95e3b550_0;
    %addi 1, 0, 4;
    %assign/vec4 v0x633e95e3b550_0, 0;
T_17.27 ;
    %jmp T_17.13;
T_17.11 ;
    %pushi/vec4 1, 0, 1;
    %assign/vec4 v0x633e95e3bad0_0, 0;
    %load/vec4 v0x633e95e3bd30_0;
    %cmpi/e 1, 0, 1;
    %jmp/0xz  T_17.36, 4;
    %pushi/vec4 0, 0, 1;
    %assign/vec4 v0x633e95e3bad0_0, 0;
    %pushi/vec4 0, 0, 3;
    %assign/vec4 v0x633e95e3c110_0, 0;
T_17.36 ;
    %jmp T_17.13;
T_17.13 ;
    %pop/vec4 1;
T_17.3 ;
T_17.1 ;
    %jmp T_17;
    .thread T_17;
    .scope S_0x633e95e3c310;
T_18 ;
    %wait E_0x633e95d79a80;
    %load/vec4 v0x633e95e3da80_0;
    %flag_set/vec4 8;
    %jmp/0xz  T_18.0, 8;
    %pushi/vec4 1, 0, 1;
    %assign/vec4 v0x633e95e3dff0_0, 0;
    %pushi/vec4 1, 0, 1;
    %assign/vec4 v0x633e95e3e0b0_0, 0;
    %jmp T_18.1;
T_18.0 ;
    %load/vec4 v0x633e95e3db50_0;
    %assign/vec4 v0x633e95e3dff0_0, 0;
    %load/vec4 v0x633e95e3dff0_0;
    %assign/vec4 v0x633e95e3e0b0_0, 0;
T_18.1 ;
    %jmp T_18;
    .thread T_18;
    .scope S_0x633e95e3c310;
T_19 ;
    %wait E_0x633e95d79a80;
    %load/vec4 v0x633e95e3da80_0;
    %flag_set/vec4 8;
    %jmp/0xz  T_19.0, 8;
    %pushi/vec4 0, 0, 7;
    %assign/vec4 v0x633e95e3d8e0_0, 0;
    %jmp T_19.1;
T_19.0 ;
    %load/vec4 v0x633e95e3de50_0;
    %cmpi/e 0, 0, 1;
    %jmp/0xz  T_19.2, 4;
    %load/vec4 v0x633e95e3d8e0_0;
    %pad/u 32;
    %cmpi/u 120, 0, 32;
    %jmp/0xz  T_19.4, 5;
    %load/vec4 v0x633e95e3d8e0_0;
    %addi 1, 0, 7;
    %assign/vec4 v0x633e95e3d8e0_0, 0;
T_19.4 ;
    %jmp T_19.3;
T_19.2 ;
    %pushi/vec4 0, 0, 7;
    %assign/vec4 v0x633e95e3d8e0_0, 0;
T_19.3 ;
T_19.1 ;
    %jmp T_19;
    .thread T_19;
    .scope S_0x633e95e3c310;
T_20 ;
    %wait E_0x633e95d79a80;
    %load/vec4 v0x633e95e3da80_0;
    %flag_set/vec4 8;
    %jmp/0xz  T_20.0, 8;
    %pushi/vec4 0, 0, 3;
    %assign/vec4 v0x633e95e3e230_0, 0;
    %pushi/vec4 0, 0, 4;
    %assign/vec4 v0x633e95e3d6a0_0, 0;
    %pushi/vec4 0, 0, 3;
    %assign/vec4 v0x633e95e3d410_0, 0;
    %pushi/vec4 0, 0, 8;
    %assign/vec4 v0x633e95e3df10_0, 0;
    %pushi/vec4 0, 0, 1;
    %assign/vec4 v0x633e95e3dd90_0, 0;
    %pushi/vec4 0, 0, 8;
    %assign/vec4 v0x633e95e3dcb0_0, 0;
    %pushi/vec4 0, 0, 1;
    %assign/vec4 v0x633e95e3e170_0, 0;
    %pushi/vec4 0, 0, 1;
    %assign/vec4 v0x633e95e3dbf0_0, 0;
    %pushi/vec4 0, 0, 1;
    %assign/vec4 v0x633e95e3d9c0_0, 0;
    %pushi/vec4 0, 0, 1;
    %assign/vec4 v0x633e95e3d820_0, 0;
    %jmp T_20.1;
T_20.0 ;
    %pushi/vec4 0, 0, 1;
    %assign/vec4 v0x633e95e3e170_0, 0;
    %pushi/vec4 0, 0, 1;
    %assign/vec4 v0x633e95e3d9c0_0, 0;
    %pushi/vec4 0, 0, 1;
    %assign/vec4 v0x633e95e3d820_0, 0;
    %load/vec4 v0x633e95e3d540_0;
    %flag_set/vec4 10;
    %flag_get/vec4 10;
    %jmp/0 T_20.5, 10;
    %load/vec4 v0x633e95e3e230_0;
    %pushi/vec4 0, 0, 3;
    %cmp/ne;
    %flag_get/vec4 4;
    %and;
T_20.5;
    %flag_set/vec4 9;
    %flag_get/vec4 9;
    %jmp/0 T_20.4, 9;
    %load/vec4 v0x633e95e3e230_0;
    %pushi/vec4 5, 0, 3;
    %cmp/ne;
    %flag_get/vec4 4;
    %and;
T_20.4;
    %flag_set/vec4 8;
    %jmp/0xz  T_20.2, 8;
    %pushi/vec4 5, 0, 3;
    %assign/vec4 v0x633e95e3e230_0, 0;
    %pushi/vec4 1, 0, 1;
    %assign/vec4 v0x633e95e3dbf0_0, 0;
    %jmp T_20.3;
T_20.2 ;
    %load/vec4 v0x633e95e3e230_0;
    %dup/vec4;
    %pushi/vec4 0, 0, 3;
    %cmp/u;
    %jmp/1 T_20.6, 6;
    %dup/vec4;
    %pushi/vec4 1, 0, 3;
    %cmp/u;
    %jmp/1 T_20.7, 6;
    %dup/vec4;
    %pushi/vec4 2, 0, 3;
    %cmp/u;
    %jmp/1 T_20.8, 6;
    %dup/vec4;
    %pushi/vec4 3, 0, 3;
    %cmp/u;
    %jmp/1 T_20.9, 6;
    %dup/vec4;
    %pushi/vec4 4, 0, 3;
    %cmp/u;
    %jmp/1 T_20.10, 6;
    %dup/vec4;
    %pushi/vec4 5, 0, 3;
    %cmp/u;
    %jmp/1 T_20.11, 6;
    %pushi/vec4 0, 0, 3;
    %assign/vec4 v0x633e95e3e230_0, 0;
    %jmp T_20.13;
T_20.6 ;
    %pushi/vec4 0, 0, 1;
    %assign/vec4 v0x633e95e3dbf0_0, 0;
    %load/vec4 v0x633e95e3de50_0;
    %cmpi/e 0, 0, 1;
    %jmp/0xz  T_20.14, 4;
    %pushi/vec4 1, 0, 1;
    %assign/vec4 v0x633e95e3dbf0_0, 0;
    %pushi/vec4 0, 0, 4;
    %assign/vec4 v0x633e95e3d6a0_0, 0;
    %pushi/vec4 1, 0, 3;
    %assign/vec4 v0x633e95e3e230_0, 0;
T_20.14 ;
    %jmp T_20.13;
T_20.7 ;
    %load/vec4 v0x633e95e3d6a0_0;
    %pad/u 32;
    %cmpi/e 4, 0, 32;
    %jmp/0xz  T_20.16, 4;
    %load/vec4 v0x633e95e3de50_0;
    %cmpi/e 0, 0, 1;
    %jmp/0xz  T_20.18, 4;
    %pushi/vec4 0, 0, 4;
    %assign/vec4 v0x633e95e3d6a0_0, 0;
    %pushi/vec4 0, 0, 3;
    %assign/vec4 v0x633e95e3d410_0, 0;
    %pushi/vec4 2, 0, 3;
    %assign/vec4 v0x633e95e3e230_0, 0;
    %jmp T_20.19;
T_20.18 ;
    %pushi/vec4 0, 0, 1;
    %assign/vec4 v0x633e95e3dbf0_0, 0;
    %pushi/vec4 0, 0, 3;
    %assign/vec4 v0x633e95e3e230_0, 0;
T_20.19 ;
    %jmp T_20.17;
T_20.16 ;
    %load/vec4 v0x633e95e3d6a0_0;
    %addi 1, 0, 4;
    %assign/vec4 v0x633e95e3d6a0_0, 0;
T_20.17 ;
    %jmp T_20.13;
T_20.8 ;
    %load/vec4 v0x633e95e3d6a0_0;
    %pad/u 32;
    %cmpi/e 9, 0, 32;
    %jmp/0xz  T_20.20, 4;
    %pushi/vec4 0, 0, 4;
    %assign/vec4 v0x633e95e3d6a0_0, 0;
    %load/vec4 v0x633e95e3de50_0;
    %ix/load 5, 0, 0;
    %ix/getv 4, v0x633e95e3d410_0;
    %assign/vec4/off/d v0x633e95e3df10_0, 4, 5;
    %load/vec4 v0x633e95e3d410_0;
    %pad/u 32;
    %cmpi/e 7, 0, 32;
    %jmp/0xz  T_20.22, 4;
    %pushi/vec4 3, 0, 3;
    %assign/vec4 v0x633e95e3e230_0, 0;
    %jmp T_20.23;
T_20.22 ;
    %load/vec4 v0x633e95e3d410_0;
    %addi 1, 0, 3;
    %assign/vec4 v0x633e95e3d410_0, 0;
T_20.23 ;
    %jmp T_20.21;
T_20.20 ;
    %load/vec4 v0x633e95e3d6a0_0;
    %addi 1, 0, 4;
    %assign/vec4 v0x633e95e3d6a0_0, 0;
T_20.21 ;
    %jmp T_20.13;
T_20.9 ;
    %load/vec4 v0x633e95e3d6a0_0;
    %pad/u 32;
    %cmpi/e 9, 0, 32;
    %jmp/0xz  T_20.24, 4;
    %pushi/vec4 0, 0, 4;
    %assign/vec4 v0x633e95e3d6a0_0, 0;
    %load/vec4 v0x633e95e3de50_0;
    %assign/vec4 v0x633e95e3dd90_0, 0;
    %pushi/vec4 4, 0, 3;
    %assign/vec4 v0x633e95e3e230_0, 0;
    %jmp T_20.25;
T_20.24 ;
    %load/vec4 v0x633e95e3d6a0_0;
    %addi 1, 0, 4;
    %assign/vec4 v0x633e95e3d6a0_0, 0;
T_20.25 ;
    %jmp T_20.13;
T_20.10 ;
    %load/vec4 v0x633e95e3d6a0_0;
    %pad/u 32;
    %cmpi/e 9, 0, 32;
    %jmp/0xz  T_20.26, 4;
    %pushi/vec4 0, 0, 1;
    %assign/vec4 v0x633e95e3dbf0_0, 0;
    %pushi/vec4 0, 0, 3;
    %assign/vec4 v0x633e95e3e230_0, 0;
    %load/vec4 v0x633e95e3df10_0;
    %assign/vec4 v0x633e95e3dcb0_0, 0;
    %load/vec4 v0x633e95e3de50_0;
    %cmpi/e 1, 0, 1;
    %jmp/0xz  T_20.28, 4;
    %pushi/vec4 0, 0, 1;
    %flag_set/vec4 8;
    %jmp/1 T_20.32, 8;
    %load/vec4 v0x633e95e3dd90_0;
    %load/vec4 v0x633e95e3d760_0;
    %cmp/e;
    %flag_or 8, 4;
T_20.32;
    %jmp/0xz  T_20.30, 8;
    %pushi/vec4 1, 0, 1;
    %assign/vec4 v0x633e95e3e170_0, 0;
    %jmp T_20.31;
T_20.30 ;
    %pushi/vec4 1, 0, 1;
    %assign/vec4 v0x633e95e3d9c0_0, 0;
T_20.31 ;
    %jmp T_20.29;
T_20.28 ;
    %pushi/vec4 1, 0, 1;
    %assign/vec4 v0x633e95e3d820_0, 0;
    %pushi/vec4 1, 0, 1;
    %flag_set/vec4 9;
    %flag_get/vec4 9;
    %jmp/0 T_20.35, 9;
    %load/vec4 v0x633e95e3dd90_0;
    %load/vec4 v0x633e95e3d760_0;
    %cmp/ne;
    %flag_get/vec4 4;
    %and;
T_20.35;
    %flag_set/vec4 8;
    %jmp/0xz  T_20.33, 8;
    %pushi/vec4 1, 0, 1;
    %assign/vec4 v0x633e95e3d9c0_0, 0;
T_20.33 ;
T_20.29 ;
    %jmp T_20.27;
T_20.26 ;
    %load/vec4 v0x633e95e3d6a0_0;
    %addi 1, 0, 4;
    %assign/vec4 v0x633e95e3d6a0_0, 0;
T_20.27 ;
    %jmp T_20.13;
T_20.11 ;
    %pushi/vec4 1, 0, 1;
    %assign/vec4 v0x633e95e3dbf0_0, 0;
    %load/vec4 v0x633e95e3de50_0;
    %cmpi/e 1, 0, 1;
    %jmp/0xz  T_20.36, 4;
    %pushi/vec4 0, 0, 1;
    %assign/vec4 v0x633e95e3dbf0_0, 0;
    %pushi/vec4 0, 0, 3;
    %assign/vec4 v0x633e95e3e230_0, 0;
T_20.36 ;
    %jmp T_20.13;
T_20.13 ;
    %pop/vec4 1;
T_20.3 ;
T_20.1 ;
    %jmp T_20;
    .thread T_20;
    .scope S_0x633e95df9620;
T_21 ;
    %pushi/vec4 0, 0, 1;
    %store/vec4 v0x633e95e40bc0_0, 0, 1;
    %pushi/vec4 1, 0, 1;
    %store/vec4 v0x633e95e41990_0, 0, 1;
    %pushi/vec4 1, 0, 1;
    %store/vec4 v0x633e95e41ec0_0, 0, 1;
    %pushi/vec4 1, 0, 1;
    %store/vec4 v0x633e95e41f90_0, 0, 1;
    %pushi/vec4 0, 0, 8;
    %store/vec4 v0x633e95e423e0_0, 0, 8;
    %pushi/vec4 0, 0, 1;
    %store/vec4 v0x633e95e42620_0, 0, 1;
    %pushi/vec4 0, 0, 1;
    %store/vec4 v0x633e95e42340_0, 0, 1;
    %pushi/vec4 0, 0, 1;
    %store/vec4 v0x633e95e424a0_0, 0, 1;
    %pushi/vec4 0, 0, 32;
    %store/vec4 v0x633e95e418f0_0, 0, 32;
    %pushi/vec4 0, 0, 32;
    %store/vec4 v0x633e95e40d00_0, 0, 32;
    %pushi/vec4 0, 0, 32;
    %store/vec4 v0x633e95e422a0_0, 0, 32;
    %end;
    .thread T_21, $init;
    .scope S_0x633e95df9620;
T_22 ;
    %delay 5000, 0;
    %load/vec4 v0x633e95e40bc0_0;
    %inv;
    %store/vec4 v0x633e95e40bc0_0, 0, 1;
    %jmp T_22;
    .thread T_22;
    .scope S_0x633e95df9620;
T_23 ;
    %vpi_call/w 3 182 "$display", "----------------------------------------" {0 0 0};
    %vpi_call/w 3 183 "$display", "UART RX UNIT TEST (parity / framing / break fault injection)" {0 0 0};
    %vpi_call/w 3 184 "$display", "----------------------------------------" {0 0 0};
    %pushi/vec4 3, 0, 32;
T_23.0 %dup/vec4;
    %pushi/vec4 0, 0, 32;
    %cmp/s;
    %jmp/1xz T_23.1, 5;
    %jmp/1 T_23.1, 4;
    %pushi/vec4 1, 0, 32;
    %sub;
    %wait E_0x633e95d79a80;
    %jmp T_23.0;
T_23.1 ;
    %pop/vec4 1;
    %wait E_0x633e95d80bc0;
    %pushi/vec4 0, 0, 32; draw_string_vec4
    %pushi/vec4 0, 0, 32; draw_string_vec4
    %concat/vec4; draw_string_vec4
    %pushi/vec4 0, 0, 32; draw_string_vec4
    %concat/vec4; draw_string_vec4
    %pushi/vec4 0, 0, 32; draw_string_vec4
    %concat/vec4; draw_string_vec4
    %pushi/vec4 0, 0, 32; draw_string_vec4
    %concat/vec4; draw_string_vec4
    %pushi/vec4 0, 0, 32; draw_string_vec4
    %concat/vec4; draw_string_vec4
    %pushi/vec4 82, 0, 32; draw_string_vec4
    %concat/vec4; draw_string_vec4
    %pushi/vec4 1702061428, 0, 32; draw_string_vec4
    %concat/vec4; draw_string_vec4
    %pushi/vec4 975204984, 0, 32; draw_string_vec4
    %concat/vec4; draw_string_vec4
    %pushi/vec4 1600288115, 0, 32; draw_string_vec4
    %concat/vec4; draw_string_vec4
    %pushi/vec4 2032168047, 0, 32; draw_string_vec4
    %concat/vec4; draw_string_vec4
    %pushi/vec4 1998596165, 0, 32; draw_string_vec4
    %concat/vec4; draw_string_vec4
    %pushi/vec4 1447382569, 0, 32; draw_string_vec4
    %concat/vec4; draw_string_vec4
    %store/vec4 v0x633e95e38ba0_0, 0, 416;
    %load/vec4 v0x633e95e41af0_0;
    %pushi/vec4 0, 0, 1;
    %cmp/e;
    %flag_get/vec4 6;
    %store/vec4 v0x633e95e38ac0_0, 0, 1;
    %fork TD_uart_rx_tb.check_cond, S_0x633e95e38890;
    %join;
    %pushi/vec4 0, 0, 32; draw_string_vec4
    %pushi/vec4 0, 0, 32; draw_string_vec4
    %concat/vec4; draw_string_vec4
    %pushi/vec4 0, 0, 32; draw_string_vec4
    %concat/vec4; draw_string_vec4
    %pushi/vec4 0, 0, 32; draw_string_vec4
    %concat/vec4; draw_string_vec4
    %pushi/vec4 0, 0, 32; draw_string_vec4
    %concat/vec4; draw_string_vec4
    %pushi/vec4 0, 0, 32; draw_string_vec4
    %concat/vec4; draw_string_vec4
    %pushi/vec4 21093, 0, 32; draw_string_vec4
    %concat/vec4; draw_string_vec4
    %pushi/vec4 1936028730, 0, 32; draw_string_vec4
    %concat/vec4; draw_string_vec4
    %pushi/vec4 544372831, 0, 32; draw_string_vec4
    %concat/vec4; draw_string_vec4
    %pushi/vec4 1986096233, 0, 32; draw_string_vec4
    %concat/vec4; draw_string_vec4
    %pushi/vec4 1679846511, 0, 32; draw_string_vec4
    %concat/vec4; draw_string_vec4
    %pushi/vec4 1998596165, 0, 32; draw_string_vec4
    %concat/vec4; draw_string_vec4
    %pushi/vec4 1447382569, 0, 32; draw_string_vec4
    %concat/vec4; draw_string_vec4
    %store/vec4 v0x633e95e38ba0_0, 0, 416;
    %load/vec4 v0x633e95e42100_0;
    %pushi/vec4 0, 0, 1;
    %cmp/e;
    %flag_get/vec4 6;
    %store/vec4 v0x633e95e38ac0_0, 0, 1;
    %fork TD_uart_rx_tb.check_cond, S_0x633e95e38890;
    %join;
    %pushi/vec4 0, 0, 32; draw_string_vec4
    %pushi/vec4 0, 0, 32; draw_string_vec4
    %concat/vec4; draw_string_vec4
    %pushi/vec4 0, 0, 32; draw_string_vec4
    %concat/vec4; draw_string_vec4
    %pushi/vec4 0, 0, 32; draw_string_vec4
    %concat/vec4; draw_string_vec4
    %pushi/vec4 0, 0, 32; draw_string_vec4
    %concat/vec4; draw_string_vec4
    %pushi/vec4 0, 0, 32; draw_string_vec4
    %concat/vec4; draw_string_vec4
    %pushi/vec4 0, 0, 32; draw_string_vec4
    %concat/vec4; draw_string_vec4
    %pushi/vec4 5399923, 0, 32; draw_string_vec4
    %concat/vec4; draw_string_vec4
    %pushi/vec4 1702115872, 0, 32; draw_string_vec4
    %concat/vec4; draw_string_vec4
    %pushi/vec4 1852776549, 0, 32; draw_string_vec4
    %concat/vec4; draw_string_vec4
    %pushi/vec4 1920102258, 0, 32; draw_string_vec4
    %concat/vec4; draw_string_vec4
    %pushi/vec4 1931487301, 0, 32; draw_string_vec4
    %concat/vec4; draw_string_vec4
    %pushi/vec4 1447382569, 0, 32; draw_string_vec4
    %concat/vec4; draw_string_vec4
    %store/vec4 v0x633e95e38ba0_0, 0, 416;
    %load/vec4 v0x633e95e41750_0;
    %cmpi/e 0, 0, 1;
    %flag_get/vec4 6;
    %jmp/0 T_23.3, 6;
    %load/vec4 v0x633e95e40e40_0;
    %pushi/vec4 0, 0, 1;
    %cmp/e;
    %flag_get/vec4 6;
    %and;
T_23.3;
    %flag_set/vec4 8;
    %flag_get/vec4 8;
    %jmp/0 T_23.2, 8;
    %load/vec4 v0x633e95e40930_0;
    %pushi/vec4 0, 0, 1;
    %cmp/e;
    %flag_get/vec4 6;
    %and;
T_23.2;
    %store/vec4 v0x633e95e38ac0_0, 0, 1;
    %fork TD_uart_rx_tb.check_cond, S_0x633e95e38890;
    %join;
    %pushi/vec4 0, 0, 1;
    %store/vec4 v0x633e95e41990_0, 0, 1;
    %wait E_0x633e95d79a80;
    %pushi/vec4 0, 0, 8;
    %ix/load 4, 0, 0;
    %flag_set/imm 4, 0;
    %store/vec4a v0x633e95e40b20, 4, 0;
    %pushi/vec4 255, 0, 8;
    %ix/load 4, 1, 0;
    %flag_set/imm 4, 0;
    %store/vec4a v0x633e95e40b20, 4, 0;
    %pushi/vec4 85, 0, 8;
    %ix/load 4, 2, 0;
    %flag_set/imm 4, 0;
    %store/vec4a v0x633e95e40b20, 4, 0;
    %pushi/vec4 170, 0, 8;
    %ix/load 4, 3, 0;
    %flag_set/imm 4, 0;
    %store/vec4a v0x633e95e40b20, 4, 0;
    %pushi/vec4 1, 0, 8;
    %ix/load 4, 4, 0;
    %flag_set/imm 4, 0;
    %store/vec4a v0x633e95e40b20, 4, 0;
    %pushi/vec4 0, 0, 32;
    %store/vec4 v0x633e95e413c0_0, 0, 32;
T_23.4 ;
    %load/vec4 v0x633e95e413c0_0;
    %cmpi/s 5, 0, 32;
    %jmp/0xz T_23.5, 5;
    %fork t_4, S_0x633e95df9620;
    %fork t_5, S_0x633e95df9620;
    %join;
    %join;
    %jmp t_3;
t_4 ;
    %ix/getv/s 4, v0x633e95e413c0_0;
    %load/vec4a v0x633e95e40b20, 4;
    %store/vec4 v0x633e95e39920_0, 0, 8;
    %pushi/vec4 0, 0, 1;
    %store/vec4 v0x633e95e39b00_0, 0, 1;
    %pushi/vec4 0, 0, 1;
    %store/vec4 v0x633e95e39bd0_0, 0, 1;
    %fork TD_uart_rx_tb.drive_frame_even, S_0x633e95e39700;
    %join;
    %end;
t_5 ;
    %fork TD_uart_rx_tb.wait_for_rx_outcome, S_0x633e95e3f6f0;
    %join;
    %load/vec4 v0x633e95e3fa70_0;
    %store/vec4 v0x633e95e41240_0, 0, 1;
    %load/vec4 v0x633e95e3f9b0_0;
    %store/vec4 v0x633e95e410c0_0, 0, 1;
    %load/vec4 v0x633e95e3f8d0_0;
    %store/vec4 v0x633e95e40f80_0, 0, 1;
    %end;
    .scope S_0x633e95df9620;
t_3 ;
    %pushi/vec4 0, 0, 32; draw_string_vec4
    %pushi/vec4 0, 0, 32; draw_string_vec4
    %concat/vec4; draw_string_vec4
    %pushi/vec4 0, 0, 32; draw_string_vec4
    %concat/vec4; draw_string_vec4
    %pushi/vec4 0, 0, 32; draw_string_vec4
    %concat/vec4; draw_string_vec4
    %pushi/vec4 71, 0, 32; draw_string_vec4
    %concat/vec4; draw_string_vec4
    %pushi/vec4 1869571104, 0, 32; draw_string_vec4
    %concat/vec4; draw_string_vec4
    %pushi/vec4 1163281742, 0, 32; draw_string_vec4
    %concat/vec4; draw_string_vec4
    %pushi/vec4 543584865, 0, 32; draw_string_vec4
    %concat/vec4; draw_string_vec4
    %pushi/vec4 1835343917, 0, 32; draw_string_vec4
    %concat/vec4; draw_string_vec4
    %pushi/vec4 1042309996, 0, 32; draw_string_vec4
    %concat/vec4; draw_string_vec4
    %pushi/vec4 1700884000, 0, 32; draw_string_vec4
    %concat/vec4; draw_string_vec4
    %pushi/vec4 1920491382, 0, 32; draw_string_vec4
    %concat/vec4; draw_string_vec4
    %pushi/vec4 1634494820, 0, 32; draw_string_vec4
    %concat/vec4; draw_string_vec4
    %store/vec4 v0x633e95e38ba0_0, 0, 416;
    %load/vec4 v0x633e95e41240_0;
    %flag_set/vec4 9;
    %flag_get/vec4 9;
    %jmp/0 T_23.7, 9;
    %load/vec4 v0x633e95e410c0_0;
    %nor/r;
    %and;
T_23.7;
    %flag_set/vec4 8;
    %flag_get/vec4 8;
    %jmp/0 T_23.6, 8;
    %load/vec4 v0x633e95e40f80_0;
    %nor/r;
    %and;
T_23.6;
    %store/vec4 v0x633e95e38ac0_0, 0, 1;
    %fork TD_uart_rx_tb.check_cond, S_0x633e95e38890;
    %join;
    %pushi/vec4 0, 0, 32; draw_string_vec4
    %pushi/vec4 0, 0, 32; draw_string_vec4
    %concat/vec4; draw_string_vec4
    %pushi/vec4 0, 0, 32; draw_string_vec4
    %concat/vec4; draw_string_vec4
    %pushi/vec4 0, 0, 32; draw_string_vec4
    %concat/vec4; draw_string_vec4
    %pushi/vec4 0, 0, 32; draw_string_vec4
    %concat/vec4; draw_string_vec4
    %pushi/vec4 4681583, 0, 32; draw_string_vec4
    %concat/vec4; draw_string_vec4
    %pushi/vec4 1679836502, 0, 32; draw_string_vec4
    %concat/vec4; draw_string_vec4
    %pushi/vec4 1162748006, 0, 32; draw_string_vec4
    %concat/vec4; draw_string_vec4
    %pushi/vec4 1918987621, 0, 32; draw_string_vec4
    %concat/vec4; draw_string_vec4
    %pushi/vec4 539835936, 0, 32; draw_string_vec4
    %concat/vec4; draw_string_vec4
    %pushi/vec4 1668248178, 0, 32; draw_string_vec4
    %concat/vec4; draw_string_vec4
    %pushi/vec4 1701016608, 0, 32; draw_string_vec4
    %concat/vec4; draw_string_vec4
    %pushi/vec4 1652126821, 0, 32; draw_string_vec4
    %concat/vec4; draw_string_vec4
    %store/vec4 v0x633e95e387a0_0, 0, 416;
    %ix/getv/s 4, v0x633e95e413c0_0;
    %load/vec4a v0x633e95e40b20, 4;
    %store/vec4 v0x633e95e386c0_0, 0, 8;
    %load/vec4 v0x633e95e414a0_0;
    %store/vec4 v0x633e95e385c0_0, 0, 8;
    %fork TD_uart_rx_tb.check_byte, S_0x633e95e383e0;
    %join;
    %load/vec4 v0x633e95e413c0_0;
    %addi 1, 0, 32;
    %store/vec4 v0x633e95e413c0_0, 0, 32;
    %jmp T_23.4;
T_23.5 ;
    %pushi/vec4 0, 0, 32;
    %store/vec4 v0x633e95e413c0_0, 0, 32;
T_23.8 ;
    %load/vec4 v0x633e95e413c0_0;
    %cmpi/s 5, 0, 32;
    %jmp/0xz T_23.9, 5;
    %fork t_7, S_0x633e95df9620;
    %fork t_8, S_0x633e95df9620;
    %join;
    %join;
    %jmp t_6;
t_7 ;
    %ix/getv/s 4, v0x633e95e413c0_0;
    %load/vec4a v0x633e95e40b20, 4;
    %store/vec4 v0x633e95e39920_0, 0, 8;
    %pushi/vec4 1, 0, 1;
    %store/vec4 v0x633e95e39b00_0, 0, 1;
    %pushi/vec4 0, 0, 1;
    %store/vec4 v0x633e95e39bd0_0, 0, 1;
    %fork TD_uart_rx_tb.drive_frame_even, S_0x633e95e39700;
    %join;
    %end;
t_8 ;
    %fork TD_uart_rx_tb.wait_for_rx_outcome, S_0x633e95e3f6f0;
    %join;
    %load/vec4 v0x633e95e3fa70_0;
    %store/vec4 v0x633e95e41240_0, 0, 1;
    %load/vec4 v0x633e95e3f9b0_0;
    %store/vec4 v0x633e95e410c0_0, 0, 1;
    %load/vec4 v0x633e95e3f8d0_0;
    %store/vec4 v0x633e95e40f80_0, 0, 1;
    %end;
    .scope S_0x633e95df9620;
t_6 ;
    %pushi/vec4 0, 0, 32; draw_string_vec4
    %pushi/vec4 1231972965, 0, 32; draw_string_vec4
    %concat/vec4; draw_string_vec4
    %pushi/vec4 1668572516, 0, 32; draw_string_vec4
    %concat/vec4; draw_string_vec4
    %pushi/vec4 543318372, 0, 32; draw_string_vec4
    %concat/vec4; draw_string_vec4
    %pushi/vec4 544235890, 0, 32; draw_string_vec4
    %concat/vec4; draw_string_vec4
    %pushi/vec4 1769240864, 0, 32; draw_string_vec4
    %concat/vec4; draw_string_vec4
    %pushi/vec4 759046256, 0, 32; draw_string_vec4
    %concat/vec4; draw_string_vec4
    %pushi/vec4 1634888052, 0, 32; draw_string_vec4
    %concat/vec4; draw_string_vec4
    %pushi/vec4 2036295026, 0, 32; draw_string_vec4
    %concat/vec4; draw_string_vec4
    %pushi/vec4 1919906348, 0, 32; draw_string_vec4
    %concat/vec4; draw_string_vec4
    %pushi/vec4 544108320, 0, 32; draw_string_vec4
    %concat/vec4; draw_string_vec4
    %pushi/vec4 1920491382, 0, 32; draw_string_vec4
    %concat/vec4; draw_string_vec4
    %pushi/vec4 1634494820, 0, 32; draw_string_vec4
    %concat/vec4; draw_string_vec4
    %store/vec4 v0x633e95e38ba0_0, 0, 416;
    %load/vec4 v0x633e95e410c0_0;
    %flag_set/vec4 9;
    %flag_get/vec4 9;
    %jmp/0 T_23.11, 9;
    %load/vec4 v0x633e95e41240_0;
    %nor/r;
    %and;
T_23.11;
    %flag_set/vec4 8;
    %flag_get/vec4 8;
    %jmp/0 T_23.10, 8;
    %load/vec4 v0x633e95e40f80_0;
    %nor/r;
    %and;
T_23.10;
    %store/vec4 v0x633e95e38ac0_0, 0, 1;
    %fork TD_uart_rx_tb.check_cond, S_0x633e95e38890;
    %join;
    %load/vec4 v0x633e95e413c0_0;
    %addi 1, 0, 32;
    %store/vec4 v0x633e95e413c0_0, 0, 32;
    %jmp T_23.8;
T_23.9 ;
    %pushi/vec4 0, 0, 32;
    %store/vec4 v0x633e95e413c0_0, 0, 32;
T_23.12 ;
    %load/vec4 v0x633e95e413c0_0;
    %cmpi/s 5, 0, 32;
    %jmp/0xz T_23.13, 5;
    %fork t_10, S_0x633e95df9620;
    %fork t_11, S_0x633e95df9620;
    %join;
    %join;
    %jmp t_9;
t_10 ;
    %ix/getv/s 4, v0x633e95e413c0_0;
    %load/vec4a v0x633e95e40b20, 4;
    %store/vec4 v0x633e95e39f70_0, 0, 8;
    %pushi/vec4 0, 0, 1;
    %store/vec4 v0x633e95e3a150_0, 0, 1;
    %pushi/vec4 0, 0, 1;
    %store/vec4 v0x633e95e3a1f0_0, 0, 1;
    %fork TD_uart_rx_tb.drive_frame_odd, S_0x633e95e39d50;
    %join;
    %end;
t_11 ;
    %fork TD_uart_rx_tb.wait_for_rx_outcome_odd, S_0x633e95e3fbf0;
    %join;
    %load/vec4 v0x633e95e3ff70_0;
    %store/vec4 v0x633e95e41300_0, 0, 1;
    %load/vec4 v0x633e95e3feb0_0;
    %store/vec4 v0x633e95e41180_0, 0, 1;
    %load/vec4 v0x633e95e3fdd0_0;
    %store/vec4 v0x633e95e41020_0, 0, 1;
    %end;
    .scope S_0x633e95df9620;
t_9 ;
    %pushi/vec4 0, 0, 32; draw_string_vec4
    %pushi/vec4 0, 0, 32; draw_string_vec4
    %concat/vec4; draw_string_vec4
    %pushi/vec4 0, 0, 32; draw_string_vec4
    %concat/vec4; draw_string_vec4
    %pushi/vec4 0, 0, 32; draw_string_vec4
    %concat/vec4; draw_string_vec4
    %pushi/vec4 0, 0, 32; draw_string_vec4
    %concat/vec4; draw_string_vec4
    %pushi/vec4 1198485348, 0, 32; draw_string_vec4
    %concat/vec4; draw_string_vec4
    %pushi/vec4 542065732, 0, 32; draw_string_vec4
    %concat/vec4; draw_string_vec4
    %pushi/vec4 543584865, 0, 32; draw_string_vec4
    %concat/vec4; draw_string_vec4
    %pushi/vec4 1835343917, 0, 32; draw_string_vec4
    %concat/vec4; draw_string_vec4
    %pushi/vec4 1042309996, 0, 32; draw_string_vec4
    %concat/vec4; draw_string_vec4
    %pushi/vec4 1700884000, 0, 32; draw_string_vec4
    %concat/vec4; draw_string_vec4
    %pushi/vec4 1920491382, 0, 32; draw_string_vec4
    %concat/vec4; draw_string_vec4
    %pushi/vec4 1634494820, 0, 32; draw_string_vec4
    %concat/vec4; draw_string_vec4
    %store/vec4 v0x633e95e38ba0_0, 0, 416;
    %load/vec4 v0x633e95e41300_0;
    %flag_set/vec4 8;
    %flag_get/vec4 8;
    %jmp/0 T_23.14, 8;
    %load/vec4 v0x633e95e41180_0;
    %nor/r;
    %and;
T_23.14;
    %store/vec4 v0x633e95e38ac0_0, 0, 1;
    %fork TD_uart_rx_tb.check_cond, S_0x633e95e38890;
    %join;
    %pushi/vec4 0, 0, 32; draw_string_vec4
    %pushi/vec4 0, 0, 32; draw_string_vec4
    %concat/vec4; draw_string_vec4
    %pushi/vec4 0, 0, 32; draw_string_vec4
    %concat/vec4; draw_string_vec4
    %pushi/vec4 0, 0, 32; draw_string_vec4
    %concat/vec4; draw_string_vec4
    %pushi/vec4 0, 0, 32; draw_string_vec4
    %concat/vec4; draw_string_vec4
    %pushi/vec4 18287, 0, 32; draw_string_vec4
    %concat/vec4; draw_string_vec4
    %pushi/vec4 1868832847, 0, 32; draw_string_vec4
    %concat/vec4; draw_string_vec4
    %pushi/vec4 1145315430, 0, 32; draw_string_vec4
    %concat/vec4; draw_string_vec4
    %pushi/vec4 1918987621, 0, 32; draw_string_vec4
    %concat/vec4; draw_string_vec4
    %pushi/vec4 539835936, 0, 32; draw_string_vec4
    %concat/vec4; draw_string_vec4
    %pushi/vec4 1668248178, 0, 32; draw_string_vec4
    %concat/vec4; draw_string_vec4
    %pushi/vec4 1701016608, 0, 32; draw_string_vec4
    %concat/vec4; draw_string_vec4
    %pushi/vec4 1652126821, 0, 32; draw_string_vec4
    %concat/vec4; draw_string_vec4
    %store/vec4 v0x633e95e387a0_0, 0, 416;
    %ix/getv/s 4, v0x633e95e413c0_0;
    %load/vec4a v0x633e95e40b20, 4;
    %store/vec4 v0x633e95e386c0_0, 0, 8;
    %load/vec4 v0x633e95e41df0_0;
    %store/vec4 v0x633e95e385c0_0, 0, 8;
    %fork TD_uart_rx_tb.check_byte, S_0x633e95e383e0;
    %join;
    %fork t_13, S_0x633e95df9620;
    %fork t_14, S_0x633e95df9620;
    %join;
    %join;
    %jmp t_12;
t_13 ;
    %ix/getv/s 4, v0x633e95e413c0_0;
    %load/vec4a v0x633e95e40b20, 4;
    %store/vec4 v0x633e95e39f70_0, 0, 8;
    %pushi/vec4 1, 0, 1;
    %store/vec4 v0x633e95e3a150_0, 0, 1;
    %pushi/vec4 0, 0, 1;
    %store/vec4 v0x633e95e3a1f0_0, 0, 1;
    %fork TD_uart_rx_tb.drive_frame_odd, S_0x633e95e39d50;
    %join;
    %end;
t_14 ;
    %fork TD_uart_rx_tb.wait_for_rx_outcome_odd, S_0x633e95e3fbf0;
    %join;
    %load/vec4 v0x633e95e3ff70_0;
    %store/vec4 v0x633e95e41300_0, 0, 1;
    %load/vec4 v0x633e95e3feb0_0;
    %store/vec4 v0x633e95e41180_0, 0, 1;
    %load/vec4 v0x633e95e3fdd0_0;
    %store/vec4 v0x633e95e41020_0, 0, 1;
    %end;
    .scope S_0x633e95df9620;
t_12 ;
    %pushi/vec4 0, 0, 32; draw_string_vec4
    %pushi/vec4 0, 0, 32; draw_string_vec4
    %concat/vec4; draw_string_vec4
    %pushi/vec4 0, 0, 32; draw_string_vec4
    %concat/vec4; draw_string_vec4
    %pushi/vec4 1329873978, 0, 32; draw_string_vec4
    %concat/vec4; draw_string_vec4
    %pushi/vec4 543780458, 0, 32; draw_string_vec4
    %concat/vec4; draw_string_vec4
    %pushi/vec4 1701016677, 0, 32; draw_string_vec4
    %concat/vec4; draw_string_vec4
    %pushi/vec4 1679843937, 0, 32; draw_string_vec4
    %concat/vec4; draw_string_vec4
    %pushi/vec4 1679847521, 0, 32; draw_string_vec4
    %concat/vec4; draw_string_vec4
    %pushi/vec4 1919513721, 0, 32; draw_string_vec4
    %concat/vec4; draw_string_vec4
    %pushi/vec4 539835936, 0, 32; draw_string_vec4
    %concat/vec4; draw_string_vec4
    %pushi/vec4 1885434473, 0, 32; draw_string_vec4
    %concat/vec4; draw_string_vec4
    %pushi/vec4 1954111333, 0, 32; draw_string_vec4
    %concat/vec4; draw_string_vec4
    %pushi/vec4 1920102258, 0, 32; draw_string_vec4
    %concat/vec4; draw_string_vec4
    %store/vec4 v0x633e95e38ba0_0, 0, 416;
    %load/vec4 v0x633e95e41180_0;
    %flag_set/vec4 8;
    %flag_get/vec4 8;
    %jmp/0 T_23.15, 8;
    %load/vec4 v0x633e95e41300_0;
    %nor/r;
    %and;
T_23.15;
    %store/vec4 v0x633e95e38ac0_0, 0, 1;
    %fork TD_uart_rx_tb.check_cond, S_0x633e95e38890;
    %join;
    %load/vec4 v0x633e95e413c0_0;
    %addi 1, 0, 32;
    %store/vec4 v0x633e95e413c0_0, 0, 32;
    %jmp T_23.12;
T_23.13 ;
    %pushi/vec4 0, 0, 32;
    %store/vec4 v0x633e95e413c0_0, 0, 32;
T_23.16 ;
    %load/vec4 v0x633e95e413c0_0;
    %cmpi/s 5, 0, 32;
    %jmp/0xz T_23.17, 5;
    %fork t_16, S_0x633e95df9620;
    %fork t_17, S_0x633e95df9620;
    %join;
    %join;
    %jmp t_15;
t_16 ;
    %ix/getv/s 4, v0x633e95e413c0_0;
    %load/vec4a v0x633e95e40b20, 4;
    %store/vec4 v0x633e95e39920_0, 0, 8;
    %pushi/vec4 0, 0, 1;
    %store/vec4 v0x633e95e39b00_0, 0, 1;
    %pushi/vec4 1, 0, 1;
    %store/vec4 v0x633e95e39bd0_0, 0, 1;
    %fork TD_uart_rx_tb.drive_frame_even, S_0x633e95e39700;
    %join;
    %end;
t_17 ;
    %fork TD_uart_rx_tb.wait_for_rx_outcome, S_0x633e95e3f6f0;
    %join;
    %load/vec4 v0x633e95e3fa70_0;
    %store/vec4 v0x633e95e41240_0, 0, 1;
    %load/vec4 v0x633e95e3f9b0_0;
    %store/vec4 v0x633e95e410c0_0, 0, 1;
    %load/vec4 v0x633e95e3f8d0_0;
    %store/vec4 v0x633e95e40f80_0, 0, 1;
    %end;
    .scope S_0x633e95df9620;
t_15 ;
    %pushi/vec4 4812394, 0, 32; draw_string_vec4
    %pushi/vec4 1701016677, 0, 32; draw_string_vec4
    %concat/vec4; draw_string_vec4
    %pushi/vec4 1679843937, 0, 32; draw_string_vec4
    %concat/vec4; draw_string_vec4
    %pushi/vec4 1679848308, 0, 32; draw_string_vec4
    %concat/vec4; draw_string_vec4
    %pushi/vec4 1869619298, 0, 32; draw_string_vec4
    %concat/vec4; draw_string_vec4
    %pushi/vec4 1769218093, 0, 32; draw_string_vec4
    %concat/vec4; draw_string_vec4
    %pushi/vec4 1042310770, 0, 32; draw_string_vec4
    %concat/vec4; draw_string_vec4
    %pushi/vec4 1634560366, 0, 32; draw_string_vec4
    %concat/vec4; draw_string_vec4
    %pushi/vec4 1734305138, 0, 32; draw_string_vec4
    %concat/vec4; draw_string_vec4
    %pushi/vec4 1919906348, 0, 32; draw_string_vec4
    %concat/vec4; draw_string_vec4
    %pushi/vec4 544108320, 0, 32; draw_string_vec4
    %concat/vec4; draw_string_vec4
    %pushi/vec4 1920491382, 0, 32; draw_string_vec4
    %concat/vec4; draw_string_vec4
    %pushi/vec4 1634494820, 0, 32; draw_string_vec4
    %concat/vec4; draw_string_vec4
    %store/vec4 v0x633e95e38ba0_0, 0, 416;
    %load/vec4 v0x633e95e40f80_0;
    %flag_set/vec4 9;
    %flag_get/vec4 9;
    %jmp/0 T_23.19, 9;
    %load/vec4 v0x633e95e41240_0;
    %nor/r;
    %and;
T_23.19;
    %flag_set/vec4 8;
    %flag_get/vec4 8;
    %jmp/0 T_23.18, 8;
    %load/vec4 v0x633e95e410c0_0;
    %nor/r;
    %and;
T_23.18;
    %store/vec4 v0x633e95e38ac0_0, 0, 1;
    %fork TD_uart_rx_tb.check_cond, S_0x633e95e38890;
    %join;
    %load/vec4 v0x633e95e413c0_0;
    %addi 1, 0, 32;
    %store/vec4 v0x633e95e413c0_0, 0, 32;
    %jmp T_23.16;
T_23.17 ;
    %fork t_19, S_0x633e95df9620;
    %fork t_20, S_0x633e95df9620;
    %join;
    %join;
    %jmp t_18;
t_19 ;
    %pushi/vec4 60, 0, 8;
    %store/vec4 v0x633e95e39920_0, 0, 8;
    %pushi/vec4 1, 0, 1;
    %store/vec4 v0x633e95e39b00_0, 0, 1;
    %pushi/vec4 1, 0, 1;
    %store/vec4 v0x633e95e39bd0_0, 0, 1;
    %fork TD_uart_rx_tb.drive_frame_even, S_0x633e95e39700;
    %join;
    %end;
t_20 ;
    %fork t_22, S_0x633e95e38c80;
    %jmp t_21;
    .scope S_0x633e95e38c80;
t_22 ;
    %pushi/vec4 0, 0, 1;
    %store/vec4 v0x633e95e39000_0, 0, 1;
    %pushi/vec4 0, 0, 1;
    %store/vec4 v0x633e95e38f40_0, 0, 1;
    %pushi/vec4 0, 0, 1;
    %store/vec4 v0x633e95e38e60_0, 0, 1;
    %pushi/vec4 0, 0, 32;
    %store/vec4 v0x633e95e390a0_0, 0, 32;
T_23.20 ;
    %load/vec4 v0x633e95e390a0_0;
    %cmpi/s 200, 0, 32;
    %jmp/0xz T_23.21, 5;
    %wait E_0x633e95d80bc0;
    %load/vec4 v0x633e95e42100_0;
    %flag_set/vec4 8;
    %jmp/0xz  T_23.22, 8;
    %pushi/vec4 1, 0, 1;
    %store/vec4 v0x633e95e39000_0, 0, 1;
T_23.22 ;
    %load/vec4 v0x633e95e41750_0;
    %flag_set/vec4 8;
    %jmp/0xz  T_23.24, 8;
    %pushi/vec4 1, 0, 1;
    %store/vec4 v0x633e95e38f40_0, 0, 1;
T_23.24 ;
    %load/vec4 v0x633e95e40e40_0;
    %flag_set/vec4 8;
    %jmp/0xz  T_23.26, 8;
    %pushi/vec4 1, 0, 1;
    %store/vec4 v0x633e95e38e60_0, 0, 1;
T_23.26 ;
    %load/vec4 v0x633e95e390a0_0;
    %addi 1, 0, 32;
    %store/vec4 v0x633e95e390a0_0, 0, 32;
    %jmp T_23.20;
T_23.21 ;
    %pushi/vec4 3437544154, 0, 33;
    %concati/vec4 3537686080, 0, 32;
    %concati/vec4 3302942928, 0, 32;
    %concati/vec4 2178795965, 0, 33;
    %concati/vec4 3114041524, 0, 32;
    %concati/vec4 4169238973, 0, 32;
    %concati/vec4 3516957077, 0, 32;
    %concati/vec4 3385441737, 0, 32;
    %concati/vec4 3431055829, 0, 32;
    %concati/vec4 2983040176, 0, 32;
    %concati/vec4 2176433281, 0, 32;
    %concati/vec4 3386998233, 0, 32;
    %concati/vec4 560752996, 0, 30;
    %store/vec4 v0x633e95e38ba0_0, 0, 416;
    %load/vec4 v0x633e95e38f40_0;
    %flag_set/vec4 9;
    %flag_get/vec4 9;
    %jmp/0 T_23.29, 9;
    %load/vec4 v0x633e95e38e60_0;
    %and;
T_23.29;
    %flag_set/vec4 8;
    %flag_get/vec4 8;
    %jmp/0 T_23.28, 8;
    %load/vec4 v0x633e95e39000_0;
    %nor/r;
    %and;
T_23.28;
    %store/vec4 v0x633e95e38ac0_0, 0, 1;
    %fork TD_uart_rx_tb.check_cond, S_0x633e95e38890;
    %join;
    %end;
    .scope S_0x633e95df9620;
t_21 %join;
    %end;
    .scope S_0x633e95df9620;
t_18 ;
    %fork t_24, S_0x633e95df9620;
    %fork t_25, S_0x633e95df9620;
    %join;
    %join;
    %jmp t_23;
t_24 ;
    %pushi/vec4 222, 0, 8;
    %store/vec4 v0x633e95e39920_0, 0, 8;
    %pushi/vec4 0, 0, 1;
    %store/vec4 v0x633e95e39b00_0, 0, 1;
    %pushi/vec4 0, 0, 1;
    %store/vec4 v0x633e95e39bd0_0, 0, 1;
    %fork TD_uart_rx_tb.drive_frame_even, S_0x633e95e39700;
    %join;
    %pushi/vec4 173, 0, 8;
    %store/vec4 v0x633e95e39920_0, 0, 8;
    %pushi/vec4 1, 0, 1;
    %store/vec4 v0x633e95e39b00_0, 0, 1;
    %pushi/vec4 0, 0, 1;
    %store/vec4 v0x633e95e39bd0_0, 0, 1;
    %fork TD_uart_rx_tb.drive_frame_even, S_0x633e95e39700;
    %join;
    %pushi/vec4 190, 0, 8;
    %store/vec4 v0x633e95e39920_0, 0, 8;
    %pushi/vec4 0, 0, 1;
    %store/vec4 v0x633e95e39b00_0, 0, 1;
    %pushi/vec4 0, 0, 1;
    %store/vec4 v0x633e95e39bd0_0, 0, 1;
    %fork TD_uart_rx_tb.drive_frame_even, S_0x633e95e39700;
    %join;
    %end;
t_25 ;
    %fork t_27, S_0x633e95e37e20;
    %jmp t_26;
    .scope S_0x633e95e37e20;
t_27 ;
    %pushi/vec4 0, 0, 32;
    %store/vec4 v0x633e95dd9d70_0, 0, 32;
    %pushi/vec4 0, 0, 32;
    %store/vec4 v0x633e95dd96d0_0, 0, 32;
    %pushi/vec4 0, 0, 32;
    %store/vec4 v0x633e95e11a50_0, 0, 32;
T_23.30 ;
    %load/vec4 v0x633e95e11a50_0;
    %cmpi/s 400, 0, 32;
    %jmp/0xz T_23.31, 5;
    %wait E_0x633e95d80bc0;
    %load/vec4 v0x633e95e42100_0;
    %flag_set/vec4 8;
    %jmp/0xz  T_23.32, 8;
    %load/vec4 v0x633e95e41d00_0;
    %ix/getv/s 4, v0x633e95dd9d70_0;
    %store/vec4a v0x633e95dfdf20, 4, 0;
    %load/vec4 v0x633e95dd9d70_0;
    %addi 1, 0, 32;
    %store/vec4 v0x633e95dd9d70_0, 0, 32;
T_23.32 ;
    %load/vec4 v0x633e95e41750_0;
    %flag_set/vec4 8;
    %jmp/0xz  T_23.34, 8;
    %load/vec4 v0x633e95dd96d0_0;
    %addi 1, 0, 32;
    %store/vec4 v0x633e95dd96d0_0, 0, 32;
T_23.34 ;
    %load/vec4 v0x633e95e11a50_0;
    %addi 1, 0, 32;
    %store/vec4 v0x633e95e11a50_0, 0, 32;
    %jmp T_23.30;
T_23.31 ;
    %pushi/vec4 0, 0, 32; draw_string_vec4
    %pushi/vec4 0, 0, 32; draw_string_vec4
    %concat/vec4; draw_string_vec4
    %pushi/vec4 1113678699, 0, 32; draw_string_vec4
    %concat/vec4; draw_string_vec4
    %pushi/vec4 762605357, 0, 32; draw_string_vec4
    %concat/vec4; draw_string_vec4
    %pushi/vec4 1650549611, 0, 32; draw_string_vec4
    %concat/vec4; draw_string_vec4
    %pushi/vec4 975201656, 0, 32; draw_string_vec4
    %concat/vec4; draw_string_vec4
    %pushi/vec4 1633907820, 0, 32; draw_string_vec4
    %concat/vec4; draw_string_vec4
    %pushi/vec4 2032153120, 0, 32; draw_string_vec4
    %concat/vec4; draw_string_vec4
    %pushi/vec4 1668048225, 0, 32; draw_string_vec4
    %concat/vec4; draw_string_vec4
    %pushi/vec4 1847616121, 0, 32; draw_string_vec4
    %concat/vec4; draw_string_vec4
    %pushi/vec4 1952805664, 0, 32; draw_string_vec4
    %concat/vec4; draw_string_vec4
    %pushi/vec4 1919247205, 0, 32; draw_string_vec4
    %concat/vec4; draw_string_vec4
    %pushi/vec4 1769366884, 0, 32; draw_string_vec4
    %concat/vec4; draw_string_vec4
    %store/vec4 v0x633e95e38ba0_0, 0, 416;
    %load/vec4 v0x633e95dd9d70_0;
    %pushi/vec4 2, 0, 32;
    %cmp/e;
    %flag_get/vec4 4;
    %store/vec4 v0x633e95e38ac0_0, 0, 1;
    %fork TD_uart_rx_tb.check_cond, S_0x633e95e38890;
    %join;
    %pushi/vec4 0, 0, 32; draw_string_vec4
    %pushi/vec4 0, 0, 32; draw_string_vec4
    %concat/vec4; draw_string_vec4
    %pushi/vec4 0, 0, 32; draw_string_vec4
    %concat/vec4; draw_string_vec4
    %pushi/vec4 0, 0, 32; draw_string_vec4
    %concat/vec4; draw_string_vec4
    %pushi/vec4 1113678699, 0, 32; draw_string_vec4
    %concat/vec4; draw_string_vec4
    %pushi/vec4 762605357, 0, 32; draw_string_vec4
    %concat/vec4; draw_string_vec4
    %pushi/vec4 1650549611, 0, 32; draw_string_vec4
    %concat/vec4; draw_string_vec4
    %pushi/vec4 975201656, 0, 32; draw_string_vec4
    %concat/vec4; draw_string_vec4
    %pushi/vec4 1633907820, 0, 32; draw_string_vec4
    %concat/vec4; draw_string_vec4
    %pushi/vec4 2032152864, 0, 32; draw_string_vec4
    %concat/vec4; draw_string_vec4
    %pushi/vec4 1885434473, 0, 32; draw_string_vec4
    %concat/vec4; draw_string_vec4
    %pushi/vec4 1954095205, 0, 32; draw_string_vec4
    %concat/vec4; draw_string_vec4
    %pushi/vec4 1920102258, 0, 32; draw_string_vec4
    %concat/vec4; draw_string_vec4
    %store/vec4 v0x633e95e38ba0_0, 0, 416;
    %load/vec4 v0x633e95dd96d0_0;
    %pushi/vec4 1, 0, 32;
    %cmp/e;
    %flag_get/vec4 4;
    %store/vec4 v0x633e95e38ac0_0, 0, 1;
    %fork TD_uart_rx_tb.check_cond, S_0x633e95e38890;
    %join;
    %load/vec4 v0x633e95dd9d70_0;
    %cmpi/e 2, 0, 32;
    %jmp/0xz  T_23.36, 4;
    %pushi/vec4 0, 0, 32; draw_string_vec4
    %pushi/vec4 0, 0, 32; draw_string_vec4
    %concat/vec4; draw_string_vec4
    %pushi/vec4 0, 0, 32; draw_string_vec4
    %concat/vec4; draw_string_vec4
    %pushi/vec4 0, 0, 32; draw_string_vec4
    %concat/vec4; draw_string_vec4
    %pushi/vec4 0, 0, 32; draw_string_vec4
    %concat/vec4; draw_string_vec4
    %pushi/vec4 0, 0, 32; draw_string_vec4
    %concat/vec4; draw_string_vec4
    %pushi/vec4 4350307, 0, 32; draw_string_vec4
    %concat/vec4; draw_string_vec4
    %pushi/vec4 1798141039, 0, 32; draw_string_vec4
    %concat/vec4; draw_string_vec4
    %pushi/vec4 761422179, 0, 32; draw_string_vec4
    %concat/vec4; draw_string_vec4
    %pushi/vec4 1797285490, 0, 32; draw_string_vec4
    %concat/vec4; draw_string_vec4
    %pushi/vec4 1634559264, 0, 32; draw_string_vec4
    %concat/vec4; draw_string_vec4
    %pushi/vec4 824191079, 0, 32; draw_string_vec4
    %concat/vec4; draw_string_vec4
    %pushi/vec4 1869571113, 0, 32; draw_string_vec4
    %concat/vec4; draw_string_vec4
    %store/vec4 v0x633e95e387a0_0, 0, 416;
    %pushi/vec4 222, 0, 8;
    %store/vec4 v0x633e95e386c0_0, 0, 8;
    %ix/load 4, 0, 0;
    %flag_set/imm 4, 0;
    %load/vec4a v0x633e95dfdf20, 4;
    %store/vec4 v0x633e95e385c0_0, 0, 8;
    %fork TD_uart_rx_tb.check_byte, S_0x633e95e383e0;
    %join;
    %pushi/vec4 0, 0, 32; draw_string_vec4
    %pushi/vec4 0, 0, 32; draw_string_vec4
    %concat/vec4; draw_string_vec4
    %pushi/vec4 0, 0, 32; draw_string_vec4
    %concat/vec4; draw_string_vec4
    %pushi/vec4 0, 0, 32; draw_string_vec4
    %concat/vec4; draw_string_vec4
    %pushi/vec4 0, 0, 32; draw_string_vec4
    %concat/vec4; draw_string_vec4
    %pushi/vec4 0, 0, 32; draw_string_vec4
    %concat/vec4; draw_string_vec4
    %pushi/vec4 4350307, 0, 32; draw_string_vec4
    %concat/vec4; draw_string_vec4
    %pushi/vec4 1798141039, 0, 32; draw_string_vec4
    %concat/vec4; draw_string_vec4
    %pushi/vec4 761422179, 0, 32; draw_string_vec4
    %concat/vec4; draw_string_vec4
    %pushi/vec4 1797285490, 0, 32; draw_string_vec4
    %concat/vec4; draw_string_vec4
    %pushi/vec4 1634559264, 0, 32; draw_string_vec4
    %concat/vec4; draw_string_vec4
    %pushi/vec4 857745511, 0, 32; draw_string_vec4
    %concat/vec4; draw_string_vec4
    %pushi/vec4 1869571113, 0, 32; draw_string_vec4
    %concat/vec4; draw_string_vec4
    %store/vec4 v0x633e95e387a0_0, 0, 416;
    %pushi/vec4 190, 0, 8;
    %store/vec4 v0x633e95e386c0_0, 0, 8;
    %ix/load 4, 1, 0;
    %flag_set/imm 4, 0;
    %load/vec4a v0x633e95dfdf20, 4;
    %store/vec4 v0x633e95e385c0_0, 0, 8;
    %fork TD_uart_rx_tb.check_byte, S_0x633e95e383e0;
    %join;
T_23.36 ;
    %end;
    .scope S_0x633e95df9620;
t_26 %join;
    %end;
    .scope S_0x633e95df9620;
t_23 ;
    %pushi/vec4 0, 0, 1;
    %store/vec4 v0x633e95e41240_0, 0, 1;
    %pushi/vec4 0, 0, 1;
    %store/vec4 v0x633e95e410c0_0, 0, 1;
    %pushi/vec4 0, 0, 1;
    %store/vec4 v0x633e95e40f80_0, 0, 1;
    %fork t_29, S_0x633e95df9620;
    %fork t_30, S_0x633e95df9620;
    %join;
    %join;
    %jmp t_28;
t_29 ;
    %fork TD_uart_rx_tb.drive_glitch_even, S_0x633e95e3a3c0;
    %join;
    %end;
t_30 ;
    %fork t_32, S_0x633e95e3e430;
    %jmp t_31;
    .scope S_0x633e95e3e430;
t_32 ;
    %pushi/vec4 0, 0, 32;
    %store/vec4 v0x633e95e3e5c0_0, 0, 32;
T_23.38 ;
    %load/vec4 v0x633e95e3e5c0_0;
    %cmpi/s 30, 0, 32;
    %jmp/0xz T_23.39, 5;
    %wait E_0x633e95d80bc0;
    %load/vec4 v0x633e95e42100_0;
    %flag_set/vec4 8;
    %jmp/0xz  T_23.40, 8;
    %pushi/vec4 1, 0, 1;
    %store/vec4 v0x633e95e41240_0, 0, 1;
T_23.40 ;
    %load/vec4 v0x633e95e41750_0;
    %flag_set/vec4 8;
    %jmp/0xz  T_23.42, 8;
    %pushi/vec4 1, 0, 1;
    %store/vec4 v0x633e95e410c0_0, 0, 1;
T_23.42 ;
    %load/vec4 v0x633e95e40e40_0;
    %flag_set/vec4 8;
    %jmp/0xz  T_23.44, 8;
    %pushi/vec4 1, 0, 1;
    %store/vec4 v0x633e95e40f80_0, 0, 1;
T_23.44 ;
    %load/vec4 v0x633e95e3e5c0_0;
    %addi 1, 0, 32;
    %store/vec4 v0x633e95e3e5c0_0, 0, 32;
    %jmp T_23.38;
T_23.39 ;
    %end;
    .scope S_0x633e95df9620;
t_31 %join;
    %end;
    .scope S_0x633e95df9620;
t_28 ;
    %pushi/vec4 3045696976, 0, 34;
    %concati/vec4 2174595493, 0, 32;
    %concati/vec4 3515719808, 0, 32;
    %concati/vec4 3036185017, 0, 32;
    %concati/vec4 3162622433, 0, 32;
    %concati/vec4 4222815075, 0, 33;
    %concati/vec4 2520909334, 0, 33;
    %concati/vec4 3863086822, 0, 32;
    %concati/vec4 4060501799, 0, 32;
    %concati/vec4 2614921241, 0, 34;
    %concati/vec4 2602064348, 0, 32;
    %concati/vec4 3357039880, 0, 32;
    %concati/vec4 6384748, 0, 26;
    %store/vec4 v0x633e95e38ba0_0, 0, 416;
    %load/vec4 v0x633e95e41240_0;
    %nor/r;
    %flag_set/vec4 9;
    %flag_get/vec4 9;
    %jmp/0 T_23.47, 9;
    %load/vec4 v0x633e95e410c0_0;
    %nor/r;
    %and;
T_23.47;
    %flag_set/vec4 8;
    %flag_get/vec4 8;
    %jmp/0 T_23.46, 8;
    %load/vec4 v0x633e95e40f80_0;
    %nor/r;
    %and;
T_23.46;
    %store/vec4 v0x633e95e38ac0_0, 0, 1;
    %fork TD_uart_rx_tb.check_cond, S_0x633e95e38890;
    %join;
    %fork t_34, S_0x633e95e380e0;
    %jmp t_33;
    .scope S_0x633e95e380e0;
t_34 ;
    %pushi/vec4 0, 0, 32;
    %store/vec4 v0x633e95e0bf80_0, 0, 32;
    %fork t_36, S_0x633e95e380e0;
    %fork t_37, S_0x633e95e380e0;
    %join;
    %join;
    %jmp t_35;
t_36 ;
    %pushi/vec4 119, 0, 32;
    %store/vec4 v0x633e95e3e9a0_0, 0, 32;
    %fork TD_uart_rx_tb.hold_low_even, S_0x633e95e3e6c0;
    %join;
    %end;
t_37 ;
    %pushi/vec4 0, 0, 32;
    %store/vec4 v0x633e95e38300_0, 0, 32;
T_23.48 ;
    %load/vec4 v0x633e95e38300_0;
    %cmpi/s 125, 0, 32;
    %jmp/0xz T_23.49, 5;
    %wait E_0x633e95d80bc0;
    %load/vec4 v0x633e95e40e40_0;
    %flag_set/vec4 8;
    %jmp/0xz  T_23.50, 8;
    %load/vec4 v0x633e95e0bf80_0;
    %addi 1, 0, 32;
    %store/vec4 v0x633e95e0bf80_0, 0, 32;
T_23.50 ;
    %load/vec4 v0x633e95e38300_0;
    %addi 1, 0, 32;
    %store/vec4 v0x633e95e38300_0, 0, 32;
    %jmp T_23.48;
T_23.49 ;
    %end;
    .scope S_0x633e95e380e0;
t_35 ;
    %pushi/vec4 3403210478, 0, 33;
    %concati/vec4 2173290901, 0, 33;
    %concati/vec4 2242675153, 0, 32;
    %concati/vec4 2714342861, 0, 32;
    %concati/vec4 2713563536, 0, 32;
    %concati/vec4 2159343745, 0, 32;
    %concati/vec4 2311689605, 0, 32;
    %concati/vec4 2910687637, 0, 32;
    %concati/vec4 3516239313, 0, 32;
    %concati/vec4 2509275577, 0, 32;
    %concati/vec4 2514064840, 0, 32;
    %concati/vec4 2173029837, 0, 32;
    %concati/vec4 628257907, 0, 30;
    %store/vec4 v0x633e95e38ba0_0, 0, 416;
    %load/vec4 v0x633e95e40930_0;
    %nor/r;
    %store/vec4 v0x633e95e38ac0_0, 0, 1;
    %fork TD_uart_rx_tb.check_cond, S_0x633e95e38890;
    %join;
    %pushi/vec4 3303328450, 0, 33;
    %concati/vec4 3594578128, 0, 32;
    %concati/vec4 3838502608, 0, 32;
    %concati/vec4 3738748992, 0, 32;
    %concati/vec4 3036184981, 0, 33;
    %concati/vec4 3783626193, 0, 32;
    %concati/vec4 2984542653, 0, 32;
    %concati/vec4 3113517489, 0, 32;
    %concati/vec4 2508558757, 0, 32;
    %concati/vec4 3114041753, 0, 32;
    %concati/vec4 3380983205, 0, 32;
    %concati/vec4 3114106261, 0, 32;
    %concati/vec4 846360434, 0, 30;
    %store/vec4 v0x633e95e38ba0_0, 0, 416;
    %load/vec4 v0x633e95e0bf80_0;
    %pushi/vec4 1, 0, 32;
    %cmp/e;
    %flag_get/vec4 4;
    %store/vec4 v0x633e95e38ac0_0, 0, 1;
    %fork TD_uart_rx_tb.check_cond, S_0x633e95e38890;
    %join;
    %end;
    .scope S_0x633e95df9620;
t_33 %join;
    %pushi/vec4 10, 0, 32;
T_23.52 %dup/vec4;
    %pushi/vec4 0, 0, 32;
    %cmp/s;
    %jmp/1xz T_23.53, 5;
    %jmp/1 T_23.53, 4;
    %pushi/vec4 1, 0, 32;
    %sub;
    %wait E_0x633e95d79a80;
    %jmp T_23.52;
T_23.53 ;
    %pop/vec4 1;
    %fork t_39, S_0x633e95df92a0;
    %jmp t_38;
    .scope S_0x633e95df92a0;
t_39 ;
    %pushi/vec4 0, 0, 1;
    %store/vec4 v0x633e95dda420_0, 0, 1;
    %fork t_41, S_0x633e95df92a0;
    %fork t_42, S_0x633e95df92a0;
    %join;
    %join;
    %jmp t_40;
t_41 ;
    %pushi/vec4 140, 0, 32;
    %store/vec4 v0x633e95e3e9a0_0, 0, 32;
    %fork TD_uart_rx_tb.hold_low_even, S_0x633e95e3e6c0;
    %join;
    %end;
t_42 ;
    %fork t_44, S_0x633e95d8fe20;
    %jmp t_43;
    .scope S_0x633e95d8fe20;
t_44 ;
    %pushi/vec4 0, 0, 32;
    %store/vec4 v0x633e95dda010_0, 0, 32;
T_23.54 ;
    %load/vec4 v0x633e95dda010_0;
    %cmpi/s 150, 0, 32;
    %jmp/0xz T_23.55, 5;
    %wait E_0x633e95d80bc0;
    %load/vec4 v0x633e95e40930_0;
    %flag_set/vec4 8;
    %jmp/0xz  T_23.56, 8;
    %pushi/vec4 1, 0, 1;
    %store/vec4 v0x633e95dda420_0, 0, 1;
T_23.56 ;
    %load/vec4 v0x633e95dda010_0;
    %addi 1, 0, 32;
    %store/vec4 v0x633e95dda010_0, 0, 32;
    %jmp T_23.54;
T_23.55 ;
    %end;
    .scope S_0x633e95df92a0;
t_43 %join;
    %end;
    .scope S_0x633e95df92a0;
t_40 ;
    %pushi/vec4 16756, 0, 32; draw_string_vec4
    %pushi/vec4 794911343, 0, 32; draw_string_vec4
    %concat/vec4; draw_string_vec4
    %pushi/vec4 1986338914, 0, 32; draw_string_vec4
    %concat/vec4; draw_string_vec4
    %pushi/vec4 1919246699, 0, 32; draw_string_vec4
    %concat/vec4; draw_string_vec4
    %pushi/vec4 544499826, 0, 32; draw_string_vec4
    %concat/vec4; draw_string_vec4
    %pushi/vec4 1702062191, 0, 32; draw_string_vec4
    %concat/vec4; draw_string_vec4
    %pushi/vec4 1818501165, 0, 32; draw_string_vec4
    %concat/vec4; draw_string_vec4
    %pushi/vec4 1042309746, 0, 32; draw_string_vec4
    %concat/vec4; draw_string_vec4
    %pushi/vec4 1700883295, 0, 32; draw_string_vec4
    %concat/vec4; draw_string_vec4
    %pushi/vec4 1684370533, 0, 32; draw_string_vec4
    %concat/vec4; draw_string_vec4
    %pushi/vec4 1668572516, 0, 32; draw_string_vec4
    %concat/vec4; draw_string_vec4
    %pushi/vec4 543257459, 0, 32; draw_string_vec4
    %concat/vec4; draw_string_vec4
    %pushi/vec4 1701999731, 0, 32; draw_string_vec4
    %concat/vec4; draw_string_vec4
    %store/vec4 v0x633e95e38ba0_0, 0, 416;
    %load/vec4 v0x633e95dda420_0;
    %store/vec4 v0x633e95e38ac0_0, 0, 1;
    %fork TD_uart_rx_tb.check_cond, S_0x633e95e38890;
    %join;
    %pushi/vec4 0, 0, 32; draw_string_vec4
    %pushi/vec4 0, 0, 32; draw_string_vec4
    %concat/vec4; draw_string_vec4
    %pushi/vec4 4286068, 0, 32; draw_string_vec4
    %concat/vec4; draw_string_vec4
    %pushi/vec4 1701978220, 0, 32; draw_string_vec4
    %concat/vec4; draw_string_vec4
    %pushi/vec4 1768842528, 0, 32; draw_string_vec4
    %concat/vec4; draw_string_vec4
    %pushi/vec4 1919249509, 0, 32; draw_string_vec4
    %concat/vec4; draw_string_vec4
    %pushi/vec4 1634952480, 0, 32; draw_string_vec4
    %concat/vec4; draw_string_vec4
    %pushi/vec4 759046242, 0, 32; draw_string_vec4
    %concat/vec4; draw_string_vec4
    %pushi/vec4 1919246699, 0, 32; draw_string_vec4
    %concat/vec4; draw_string_vec4
    %pushi/vec4 1600415092, 0, 32; draw_string_vec4
    %concat/vec4; draw_string_vec4
    %pushi/vec4 1701016677, 0, 32; draw_string_vec4
    %concat/vec4; draw_string_vec4
    %pushi/vec4 1679844204, 0, 32; draw_string_vec4
    %concat/vec4; draw_string_vec4
    %pushi/vec4 1700885107, 0, 32; draw_string_vec4
    %concat/vec4; draw_string_vec4
    %store/vec4 v0x633e95e38ba0_0, 0, 416;
    %load/vec4 v0x633e95e40930_0;
    %nor/r;
    %store/vec4 v0x633e95e38ac0_0, 0, 1;
    %fork TD_uart_rx_tb.check_cond, S_0x633e95e38890;
    %join;
    %end;
    .scope S_0x633e95df9620;
t_38 %join;
    %pushi/vec4 10, 0, 32;
T_23.58 %dup/vec4;
    %pushi/vec4 0, 0, 32;
    %cmp/s;
    %jmp/1xz T_23.59, 5;
    %jmp/1 T_23.59, 4;
    %pushi/vec4 1, 0, 32;
    %sub;
    %wait E_0x633e95d79a80;
    %jmp T_23.58;
T_23.59 ;
    %pop/vec4 1;
    %pushi/vec4 140, 0, 32;
    %store/vec4 v0x633e95e3e9a0_0, 0, 32;
    %fork TD_uart_rx_tb.hold_low_even, S_0x633e95e3e6c0;
    %join;
    %fork t_46, S_0x633e95df9620;
    %fork t_47, S_0x633e95df9620;
    %join;
    %join;
    %jmp t_45;
t_46 ;
    %pushi/vec4 90, 0, 8;
    %store/vec4 v0x633e95e39920_0, 0, 8;
    %pushi/vec4 0, 0, 1;
    %store/vec4 v0x633e95e39b00_0, 0, 1;
    %pushi/vec4 0, 0, 1;
    %store/vec4 v0x633e95e39bd0_0, 0, 1;
    %fork TD_uart_rx_tb.drive_frame_even, S_0x633e95e39700;
    %join;
    %end;
t_47 ;
    %fork TD_uart_rx_tb.wait_for_rx_outcome, S_0x633e95e3f6f0;
    %join;
    %load/vec4 v0x633e95e3fa70_0;
    %store/vec4 v0x633e95e41240_0, 0, 1;
    %load/vec4 v0x633e95e3f9b0_0;
    %store/vec4 v0x633e95e410c0_0, 0, 1;
    %load/vec4 v0x633e95e3f8d0_0;
    %store/vec4 v0x633e95e40f80_0, 0, 1;
    %end;
    .scope S_0x633e95df9620;
t_45 ;
    %pushi/vec4 3536339148, 0, 33;
    %concati/vec4 3837975242, 0, 32;
    %concati/vec4 2175120821, 0, 33;
    %concati/vec4 2509350277, 0, 32;
    %concati/vec4 3516248548, 0, 32;
    %concati/vec4 2173016529, 0, 32;
    %concati/vec4 2512945540, 0, 32;
    %concati/vec4 2173290901, 0, 32;
    %concati/vec4 2242674868, 0, 32;
    %concati/vec4 4169239985, 0, 32;
    %concati/vec4 2508568705, 0, 32;
    %concati/vec4 3386998233, 0, 32;
    %concati/vec4 560752996, 0, 30;
    %store/vec4 v0x633e95e38ba0_0, 0, 416;
    %load/vec4 v0x633e95e41240_0;
    %flag_set/vec4 9;
    %flag_get/vec4 9;
    %jmp/0 T_23.61, 9;
    %load/vec4 v0x633e95e410c0_0;
    %nor/r;
    %and;
T_23.61;
    %flag_set/vec4 8;
    %flag_get/vec4 8;
    %jmp/0 T_23.60, 8;
    %load/vec4 v0x633e95e40f80_0;
    %nor/r;
    %and;
T_23.60;
    %store/vec4 v0x633e95e38ac0_0, 0, 1;
    %fork TD_uart_rx_tb.check_cond, S_0x633e95e38890;
    %join;
    %pushi/vec4 3268989640, 0, 33;
    %concati/vec4 2174339461, 0, 33;
    %concati/vec4 3046408613, 0, 32;
    %concati/vec4 3048576401, 0, 32;
    %concati/vec4 2777010581, 0, 32;
    %concati/vec4 2984542597, 0, 32;
    %concati/vec4 2580649416, 0, 32;
    %concati/vec4 2172944777, 0, 32;
    %concati/vec4 3382019500, 0, 32;
    %concati/vec4 2159343745, 0, 32;
    %concati/vec4 2378025417, 0, 32;
    %concati/vec4 2509099137, 0, 32;
    %concati/vec4 578384997, 0, 30;
    %store/vec4 v0x633e95e387a0_0, 0, 416;
    %pushi/vec4 90, 0, 8;
    %store/vec4 v0x633e95e386c0_0, 0, 8;
    %load/vec4 v0x633e95e414a0_0;
    %store/vec4 v0x633e95e385c0_0, 0, 8;
    %fork TD_uart_rx_tb.check_byte, S_0x633e95e383e0;
    %join;
    %fork t_49, S_0x633e95df9620;
    %fork t_50, S_0x633e95df9620;
    %join;
    %join;
    %jmp t_48;
t_49 ;
    %pushi/vec4 0, 0, 1;
    %store/vec4 v0x633e95e39360_0, 0, 1;
    %fork TD_uart_rx_tb.drive_bit_even, S_0x633e95e39180;
    %join;
    %pushi/vec4 1, 0, 1;
    %store/vec4 v0x633e95e39360_0, 0, 1;
    %fork TD_uart_rx_tb.drive_bit_even, S_0x633e95e39180;
    %join;
    %pushi/vec4 0, 0, 1;
    %store/vec4 v0x633e95e39360_0, 0, 1;
    %fork TD_uart_rx_tb.drive_bit_even, S_0x633e95e39180;
    %join;
    %end;
t_50 ;
    %pushi/vec4 25, 0, 32;
T_23.62 %dup/vec4;
    %pushi/vec4 0, 0, 32;
    %cmp/s;
    %jmp/1xz T_23.63, 5;
    %jmp/1 T_23.63, 4;
    %pushi/vec4 1, 0, 32;
    %sub;
    %wait E_0x633e95d79a80;
    %jmp T_23.62;
T_23.63 ;
    %pop/vec4 1;
    %pushi/vec4 1, 0, 1;
    %store/vec4 v0x633e95e41990_0, 0, 1;
    %wait E_0x633e95d79a80;
    %pushi/vec4 0, 0, 1;
    %store/vec4 v0x633e95e41990_0, 0, 1;
    %pushi/vec4 1, 0, 1;
    %store/vec4 v0x633e95e41ec0_0, 0, 1;
    %end;
    .scope S_0x633e95df9620;
t_48 ;
    %wait E_0x633e95d80bc0;
    %pushi/vec4 0, 0, 32; draw_string_vec4
    %pushi/vec4 0, 0, 32; draw_string_vec4
    %concat/vec4; draw_string_vec4
    %pushi/vec4 0, 0, 32; draw_string_vec4
    %concat/vec4; draw_string_vec4
    %pushi/vec4 0, 0, 32; draw_string_vec4
    %concat/vec4; draw_string_vec4
    %pushi/vec4 82, 0, 32; draw_string_vec4
    %concat/vec4; draw_string_vec4
    %pushi/vec4 1702061428, 0, 32; draw_string_vec4
    %concat/vec4; draw_string_vec4
    %pushi/vec4 544041316, 0, 32; draw_string_vec4
    %concat/vec4; draw_string_vec4
    %pushi/vec4 761688673, 0, 32; draw_string_vec4
    %concat/vec4; draw_string_vec4
    %pushi/vec4 1835343917, 0, 32; draw_string_vec4
    %concat/vec4; draw_string_vec4
    %pushi/vec4 1042313848, 0, 32; draw_string_vec4
    %concat/vec4; draw_string_vec4
    %pushi/vec4 1600288115, 0, 32; draw_string_vec4
    %concat/vec4; draw_string_vec4
    %pushi/vec4 2032165740, 0, 32; draw_string_vec4
    %concat/vec4; draw_string_vec4
    %pushi/vec4 1700885107, 0, 32; draw_string_vec4
    %concat/vec4; draw_string_vec4
    %store/vec4 v0x633e95e38ba0_0, 0, 416;
    %load/vec4 v0x633e95e41af0_0;
    %pushi/vec4 0, 0, 1;
    %cmp/e;
    %flag_get/vec4 6;
    %store/vec4 v0x633e95e38ac0_0, 0, 1;
    %fork TD_uart_rx_tb.check_cond, S_0x633e95e38890;
    %join;
    %pushi/vec4 0, 0, 32; draw_string_vec4
    %pushi/vec4 21093, 0, 32; draw_string_vec4
    %concat/vec4; draw_string_vec4
    %pushi/vec4 1936028704, 0, 32; draw_string_vec4
    %concat/vec4; draw_string_vec4
    %pushi/vec4 1835623469, 0, 32; draw_string_vec4
    %concat/vec4; draw_string_vec4
    %pushi/vec4 1718772077, 0, 32; draw_string_vec4
    %concat/vec4; draw_string_vec4
    %pushi/vec4 1696607550, 0, 32; draw_string_vec4
    %concat/vec4; draw_string_vec4
    %pushi/vec4 544108320, 0, 32; draw_string_vec4
    %concat/vec4; draw_string_vec4
    %pushi/vec4 1936749938, 0, 32; draw_string_vec4
    %concat/vec4; draw_string_vec4
    %pushi/vec4 1768912243, 0, 32; draw_string_vec4
    %concat/vec4; draw_string_vec4
    %pushi/vec4 544372831, 0, 32; draw_string_vec4
    %concat/vec4; draw_string_vec4
    %pushi/vec4 1986096233, 0, 32; draw_string_vec4
    %concat/vec4; draw_string_vec4
    %pushi/vec4 1680827762, 0, 32; draw_string_vec4
    %concat/vec4; draw_string_vec4
    %pushi/vec4 1919906419, 0, 32; draw_string_vec4
    %concat/vec4; draw_string_vec4
    %store/vec4 v0x633e95e38ba0_0, 0, 416;
    %load/vec4 v0x633e95e42100_0;
    %cmpi/e 0, 0, 1;
    %flag_get/vec4 6;
    %jmp/0 T_23.65, 6;
    %load/vec4 v0x633e95e41750_0;
    %pushi/vec4 0, 0, 1;
    %cmp/e;
    %flag_get/vec4 6;
    %and;
T_23.65;
    %flag_set/vec4 8;
    %flag_get/vec4 8;
    %jmp/0 T_23.64, 8;
    %load/vec4 v0x633e95e40e40_0;
    %pushi/vec4 0, 0, 1;
    %cmp/e;
    %flag_get/vec4 6;
    %and;
T_23.64;
    %store/vec4 v0x633e95e38ac0_0, 0, 1;
    %fork TD_uart_rx_tb.check_cond, S_0x633e95e38890;
    %join;
    %pushi/vec4 5, 0, 32;
T_23.66 %dup/vec4;
    %pushi/vec4 0, 0, 32;
    %cmp/s;
    %jmp/1xz T_23.67, 5;
    %jmp/1 T_23.67, 4;
    %pushi/vec4 1, 0, 32;
    %sub;
    %wait E_0x633e95d79a80;
    %jmp T_23.66;
T_23.67 ;
    %pop/vec4 1;
    %fork t_52, S_0x633e95df9620;
    %fork t_53, S_0x633e95df9620;
    %join;
    %join;
    %jmp t_51;
t_52 ;
    %pushi/vec4 153, 0, 8;
    %store/vec4 v0x633e95e39920_0, 0, 8;
    %pushi/vec4 0, 0, 1;
    %store/vec4 v0x633e95e39b00_0, 0, 1;
    %pushi/vec4 0, 0, 1;
    %store/vec4 v0x633e95e39bd0_0, 0, 1;
    %fork TD_uart_rx_tb.drive_frame_even, S_0x633e95e39700;
    %join;
    %end;
t_53 ;
    %fork TD_uart_rx_tb.wait_for_rx_outcome, S_0x633e95e3f6f0;
    %join;
    %load/vec4 v0x633e95e3fa70_0;
    %store/vec4 v0x633e95e41240_0, 0, 1;
    %load/vec4 v0x633e95e3f9b0_0;
    %store/vec4 v0x633e95e410c0_0, 0, 1;
    %load/vec4 v0x633e95e3f8d0_0;
    %store/vec4 v0x633e95e40f80_0, 0, 1;
    %end;
    .scope S_0x633e95df9620;
t_51 ;
    %pushi/vec4 0, 0, 32; draw_string_vec4
    %pushi/vec4 5399907, 0, 32; draw_string_vec4
    %concat/vec4; draw_string_vec4
    %pushi/vec4 1701410405, 0, 32; draw_string_vec4
    %concat/vec4; draw_string_vec4
    %pushi/vec4 1914726005, 0, 32; draw_string_vec4
    %concat/vec4; draw_string_vec4
    %pushi/vec4 1852011625, 0, 32; draw_string_vec4
    %concat/vec4; draw_string_vec4
    %pushi/vec4 1869504876, 0, 32; draw_string_vec4
    %concat/vec4; draw_string_vec4
    %pushi/vec4 543254369, 0, 32; draw_string_vec4
    %concat/vec4; draw_string_vec4
    %pushi/vec4 1768824929, 0, 32; draw_string_vec4
    %concat/vec4; draw_string_vec4
    %pushi/vec4 1718904178, 0, 32; draw_string_vec4
    %concat/vec4; draw_string_vec4
    %pushi/vec4 544041316, 0, 32; draw_string_vec4
    %concat/vec4; draw_string_vec4
    %pushi/vec4 761688673, 0, 32; draw_string_vec4
    %concat/vec4; draw_string_vec4
    %pushi/vec4 1835343986, 0, 32; draw_string_vec4
    %concat/vec4; draw_string_vec4
    %pushi/vec4 1702061428, 0, 32; draw_string_vec4
    %concat/vec4; draw_string_vec4
    %store/vec4 v0x633e95e38ba0_0, 0, 416;
    %load/vec4 v0x633e95e41240_0;
    %store/vec4 v0x633e95e38ac0_0, 0, 1;
    %fork TD_uart_rx_tb.check_cond, S_0x633e95e38890;
    %join;
    %pushi/vec4 0, 0, 32; draw_string_vec4
    %pushi/vec4 0, 0, 32; draw_string_vec4
    %concat/vec4; draw_string_vec4
    %pushi/vec4 0, 0, 32; draw_string_vec4
    %concat/vec4; draw_string_vec4
    %pushi/vec4 0, 0, 32; draw_string_vec4
    %concat/vec4; draw_string_vec4
    %pushi/vec4 80, 0, 32; draw_string_vec4
    %concat/vec4; draw_string_vec4
    %pushi/vec4 1869837357, 0, 32; draw_string_vec4
    %concat/vec4; draw_string_vec4
    %pushi/vec4 1919251301, 0, 32; draw_string_vec4
    %concat/vec4; draw_string_vec4
    %pushi/vec4 1949135461, 0, 32; draw_string_vec4
    %concat/vec4; draw_string_vec4
    %pushi/vec4 1668249189, 0, 32; draw_string_vec4
    %concat/vec4; draw_string_vec4
    %pushi/vec4 1920540774, 0, 32; draw_string_vec4
    %concat/vec4; draw_string_vec4
    %pushi/vec4 1918987621, 0, 32; draw_string_vec4
    %concat/vec4; draw_string_vec4
    %pushi/vec4 543387506, 0, 32; draw_string_vec4
    %concat/vec4; draw_string_vec4
    %pushi/vec4 1919247220, 0, 32; draw_string_vec4
    %concat/vec4; draw_string_vec4
    %store/vec4 v0x633e95e387a0_0, 0, 416;
    %pushi/vec4 153, 0, 8;
    %store/vec4 v0x633e95e386c0_0, 0, 8;
    %load/vec4 v0x633e95e414a0_0;
    %store/vec4 v0x633e95e385c0_0, 0, 8;
    %fork TD_uart_rx_tb.check_byte, S_0x633e95e383e0;
    %join;
    %fork TD_uart_rx_tb.print_summary, S_0x633e95e3f120;
    %join;
    %vpi_call/w 3 422 "$finish" {0 0 0};
    %end;
    .thread T_23;
    .scope S_0x633e95df9620;
T_24 ;
    %delay 2000000000, 0;
    %vpi_call/w 3 427 "$display", "*** WATCHDOG TIMEOUT ***" {0 0 0};
    %vpi_call/w 3 428 "$finish" {0 0 0};
    %end;
    .thread T_24;
# The file index is used to find the file name in the following table.
:file_names 6;
    "N/A";
    "<interactive>";
    "-";
    "tb/uart_rx_tb.v";
    "tb/uart_tasks.v";
    "rtl/uart_rx.v";
