----------------------------------------
UART TX UNIT TEST (NONE / EVEN / ODD parity)
----------------------------------------
TEST 1: Reset: tx idle high (NONE inst)                    PASS
TEST 2: Reset: tx idle high (EVEN inst)                    PASS
TEST 3: Reset: tx idle high (ODD inst)                     PASS
TEST 4: Reset: tx_busy low (NONE inst)                     PASS
TEST 5: NONE: start bit                                    PASS
TEST 6: NONE: data bit (LSB first)                         PASS
TEST 7: NONE: data bit (LSB first)                         PASS
TEST 8: NONE: data bit (LSB first)                         PASS
TEST 9: NONE: data bit (LSB first)                         PASS
TEST 10: NONE: data bit (LSB first)                         PASS
TEST 11: NONE: data bit (LSB first)                         PASS
TEST 12: NONE: data bit (LSB first)                         PASS
TEST 13: NONE: data bit (LSB first)                         PASS
TEST 14: NONE: stop bit                                     PASS
TEST 15: NONE: start bit                                    PASS
TEST 16: NONE: data bit (LSB first)                         PASS
TEST 17: NONE: data bit (LSB first)                         PASS
TEST 18: NONE: data bit (LSB first)                         PASS
TEST 19: NONE: data bit (LSB first)                         PASS
TEST 20: NONE: data bit (LSB first)                         PASS
TEST 21: NONE: data bit (LSB first)                         PASS
TEST 22: NONE: data bit (LSB first)                         PASS
TEST 23: NONE: data bit (LSB first)                         PASS
TEST 24: NONE: stop bit                                     PASS
TEST 25: NONE: start bit                                    PASS
TEST 26: NONE: data bit (LSB first)                         PASS
TEST 27: NONE: data bit (LSB first)                         PASS
TEST 28: NONE: data bit (LSB first)                         PASS
TEST 29: NONE: data bit (LSB first)                         PASS
TEST 30: NONE: data bit (LSB first)                         PASS
TEST 31: NONE: data bit (LSB first)                         PASS
TEST 32: NONE: data bit (LSB first)                         PASS
TEST 33: NONE: data bit (LSB first)                         PASS
TEST 34: NONE: stop bit                                     PASS
TEST 35: NONE: start bit                                    PASS
TEST 36: NONE: data bit (LSB first)                         PASS
TEST 37: NONE: data bit (LSB first)                         PASS
TEST 38: NONE: data bit (LSB first)                         PASS
TEST 39: NONE: data bit (LSB first)                         PASS
TEST 40: NONE: data bit (LSB first)                         PASS
TEST 41: NONE: data bit (LSB first)                         PASS
TEST 42: NONE: data bit (LSB first)                         PASS
TEST 43: NONE: data bit (LSB first)                         PASS
TEST 44: NONE: stop bit                                     PASS
TEST 45: NONE: start bit                                    PASS
TEST 46: NONE: data bit (LSB first)                         PASS
TEST 47: NONE: data bit (LSB first)                         PASS
TEST 48: NONE: data bit (LSB first)                         PASS
TEST 49: NONE: data bit (LSB first)                         PASS
TEST 50: NONE: data bit (LSB first)                         PASS
TEST 51: NONE: data bit (LSB first)                         PASS
TEST 52: NONE: data bit (LSB first)                         PASS
TEST 53: NONE: data bit (LSB first)                         PASS
TEST 54: NONE: stop bit                                     PASS
TEST 55: NONE: start bit                                    PASS
TEST 56: NONE: data bit (LSB first)                         PASS
TEST 57: NONE: data bit (LSB first)                         PASS
TEST 58: NONE: data bit (LSB first)                         PASS
TEST 59: NONE: data bit (LSB first)                         PASS
TEST 60: NONE: data bit (LSB first)                         PASS
TEST 61: NONE: data bit (LSB first)                         PASS
TEST 62: NONE: data bit (LSB first)                         PASS
TEST 63: NONE: data bit (LSB first)                         PASS
TEST 64: NONE: stop bit                                     PASS
TEST 65: NONE: start bit                                    PASS
TEST 66: NONE: data bit (LSB first)                         PASS
TEST 67: NONE: data bit (LSB first)                         PASS
TEST 68: NONE: data bit (LSB first)                         PASS
TEST 69: NONE: data bit (LSB first)                         PASS
TEST 70: NONE: data bit (LSB first)                         PASS
TEST 71: NONE: data bit (LSB first)                         PASS
TEST 72: NONE: data bit (LSB first)                         PASS
TEST 73: NONE: data bit (LSB first)                         PASS
TEST 74: NONE: stop bit                                     PASS
TEST 75: EVEN: start bit                                    PASS
TEST 76: EVEN: data bit (LSB first)                         PASS
TEST 77: EVEN: data bit (LSB first)                         PASS
TEST 78: EVEN: data bit (LSB first)                         PASS
TEST 79: EVEN: data bit (LSB first)                         PASS
TEST 80: EVEN: data bit (LSB first)                         PASS
TEST 81: EVEN: data bit (LSB first)                         PASS
TEST 82: EVEN: data bit (LSB first)                         PASS
TEST 83: EVEN: data bit (LSB first)                         PASS
TEST 84: EVEN: parity bit                                   PASS
TEST 85: EVEN: stop bit                                     PASS
TEST 86: EVEN: start bit                                    PASS
TEST 87: EVEN: data bit (LSB first)                         PASS
TEST 88: EVEN: data bit (LSB first)                         PASS
TEST 89: EVEN: data bit (LSB first)                         PASS
TEST 90: EVEN: data bit (LSB first)                         PASS
TEST 91: EVEN: data bit (LSB first)                         PASS
TEST 92: EVEN: data bit (LSB first)                         PASS
TEST 93: EVEN: data bit (LSB first)                         PASS
TEST 94: EVEN: data bit (LSB first)                         PASS
TEST 95: EVEN: parity bit                                   PASS
TEST 96: EVEN: stop bit                                     PASS
TEST 97: EVEN: start bit                                    PASS
TEST 98: EVEN: data bit (LSB first)                         PASS
TEST 99: EVEN: data bit (LSB first)                         PASS
TEST 100: EVEN: data bit (LSB first)                         PASS
TEST 101: EVEN: data bit (LSB first)                         PASS
TEST 102: EVEN: data bit (LSB first)                         PASS
TEST 103: EVEN: data bit (LSB first)                         PASS
TEST 104: EVEN: data bit (LSB first)                         PASS
TEST 105: EVEN: data bit (LSB first)                         PASS
TEST 106: EVEN: parity bit                                   PASS
TEST 107: EVEN: stop bit                                     PASS
TEST 108: EVEN: start bit                                    PASS
TEST 109: EVEN: data bit (LSB first)                         PASS
TEST 110: EVEN: data bit (LSB first)                         PASS
TEST 111: EVEN: data bit (LSB first)                         PASS
TEST 112: EVEN: data bit (LSB first)                         PASS
TEST 113: EVEN: data bit (LSB first)                         PASS
TEST 114: EVEN: data bit (LSB first)                         PASS
TEST 115: EVEN: data bit (LSB first)                         PASS
TEST 116: EVEN: data bit (LSB first)                         PASS
TEST 117: EVEN: parity bit                                   PASS
TEST 118: EVEN: stop bit                                     PASS
TEST 119: EVEN: start bit                                    PASS
TEST 120: EVEN: data bit (LSB first)                         PASS
TEST 121: EVEN: data bit (LSB first)                         PASS
TEST 122: EVEN: data bit (LSB first)                         PASS
TEST 123: EVEN: data bit (LSB first)                         PASS
TEST 124: EVEN: data bit (LSB first)                         PASS
TEST 125: EVEN: data bit (LSB first)                         PASS
TEST 126: EVEN: data bit (LSB first)                         PASS
TEST 127: EVEN: data bit (LSB first)                         PASS
TEST 128: EVEN: parity bit                                   PASS
TEST 129: EVEN: stop bit                                     PASS
TEST 130: EVEN: start bit                                    PASS
TEST 131: EVEN: data bit (LSB first)                         PASS
TEST 132: EVEN: data bit (LSB first)                         PASS
TEST 133: EVEN: data bit (LSB first)                         PASS
TEST 134: EVEN: data bit (LSB first)                         PASS
TEST 135: EVEN: data bit (LSB first)                         PASS
TEST 136: EVEN: data bit (LSB first)                         PASS
TEST 137: EVEN: data bit (LSB first)                         PASS
TEST 138: EVEN: data bit (LSB first)                         PASS
TEST 139: EVEN: parity bit                                   PASS
TEST 140: EVEN: stop bit                                     PASS
TEST 141: EVEN: start bit                                    PASS
TEST 142: EVEN: data bit (LSB first)                         PASS
TEST 143: EVEN: data bit (LSB first)                         PASS
TEST 144: EVEN: data bit (LSB first)                         PASS
TEST 145: EVEN: data bit (LSB first)                         PASS
TEST 146: EVEN: data bit (LSB first)                         PASS
TEST 147: EVEN: data bit (LSB first)                         PASS
TEST 148: EVEN: data bit (LSB first)                         PASS
TEST 149: EVEN: data bit (LSB first)                         PASS
TEST 150: EVEN: parity bit                                   PASS
TEST 151: EVEN: stop bit                                     PASS
TEST 152: ODD: start bit                                     PASS
TEST 153: ODD: data bit (LSB first)                          PASS
TEST 154: ODD: data bit (LSB first)                          PASS
TEST 155: ODD: data bit (LSB first)                          PASS
TEST 156: ODD: data bit (LSB first)                          PASS
TEST 157: ODD: data bit (LSB first)                          PASS
TEST 158: ODD: data bit (LSB first)                          PASS
TEST 159: ODD: data bit (LSB first)                          PASS
TEST 160: ODD: data bit (LSB first)                          PASS
TEST 161: ODD: parity bit                                    PASS
TEST 162: ODD: stop bit                                      PASS
TEST 163: ODD: start bit                                     PASS
TEST 164: ODD: data bit (LSB first)                          PASS
TEST 165: ODD: data bit (LSB first)                          PASS
TEST 166: ODD: data bit (LSB first)                          PASS
TEST 167: ODD: data bit (LSB first)                          PASS
TEST 168: ODD: data bit (LSB first)                          PASS
TEST 169: ODD: data bit (LSB first)                          PASS
TEST 170: ODD: data bit (LSB first)                          PASS
TEST 171: ODD: data bit (LSB first)                          PASS
TEST 172: ODD: parity bit                                    PASS
TEST 173: ODD: stop bit                                      PASS
TEST 174: ODD: start bit                                     PASS
TEST 175: ODD: data bit (LSB first)                          PASS
TEST 176: ODD: data bit (LSB first)                          PASS
TEST 177: ODD: data bit (LSB first)                          PASS
TEST 178: ODD: data bit (LSB first)                          PASS
TEST 179: ODD: data bit (LSB first)                          PASS
TEST 180: ODD: data bit (LSB first)                          PASS
TEST 181: ODD: data bit (LSB first)                          PASS
TEST 182: ODD: data bit (LSB first)                          PASS
TEST 183: ODD: parity bit                                    PASS
TEST 184: ODD: stop bit                                      PASS
TEST 185: ODD: start bit                                     PASS
TEST 186: ODD: data bit (LSB first)                          PASS
TEST 187: ODD: data bit (LSB first)                          PASS
TEST 188: ODD: data bit (LSB first)                          PASS
TEST 189: ODD: data bit (LSB first)                          PASS
TEST 190: ODD: data bit (LSB first)                          PASS
TEST 191: ODD: data bit (LSB first)                          PASS
TEST 192: ODD: data bit (LSB first)                          PASS
TEST 193: ODD: data bit (LSB first)                          PASS
TEST 194: ODD: parity bit                                    PASS
TEST 195: ODD: stop bit                                      PASS
TEST 196: ODD: start bit                                     PASS
TEST 197: ODD: data bit (LSB first)                          PASS
TEST 198: ODD: data bit (LSB first)                          PASS
TEST 199: ODD: data bit (LSB first)                          PASS
TEST 200: ODD: data bit (LSB first)                          PASS
TEST 201: ODD: data bit (LSB first)                          PASS
TEST 202: ODD: data bit (LSB first)                          PASS
TEST 203: ODD: data bit (LSB first)                          PASS
TEST 204: ODD: data bit (LSB first)                          PASS
TEST 205: ODD: parity bit                                    PASS
TEST 206: ODD: stop bit                                      PASS
TEST 207: ODD: start bit                                     PASS
TEST 208: ODD: data bit (LSB first)                          PASS
TEST 209: ODD: data bit (LSB first)                          PASS
TEST 210: ODD: data bit (LSB first)                          PASS
TEST 211: ODD: data bit (LSB first)                          PASS
TEST 212: ODD: data bit (LSB first)                          PASS
TEST 213: ODD: data bit (LSB first)                          PASS
TEST 214: ODD: data bit (LSB first)                          PASS
TEST 215: ODD: data bit (LSB first)                          PASS
TEST 216: ODD: parity bit                                    PASS
TEST 217: ODD: stop bit                                      PASS
TEST 218: ODD: start bit                                     PASS
TEST 219: ODD: data bit (LSB first)                          PASS
TEST 220: ODD: data bit (LSB first)                          PASS
TEST 221: ODD: data bit (LSB first)                          PASS
TEST 222: ODD: data bit (LSB first)                          PASS
TEST 223: ODD: data bit (LSB first)                          PASS
TEST 224: ODD: data bit (LSB first)                          PASS
TEST 225: ODD: data bit (LSB first)                          PASS
TEST 226: ODD: data bit (LSB first)                          PASS
TEST 227: ODD: parity bit                                    PASS
TEST 228: ODD: stop bit                                      PASS
----------------------------------------
  228 / 228 tests passed
  ALL TESTS PASSED
----------------------------------------
tb/uart_tx_tb.v:237: $finish called at 22960000 (1ps)
