----------------------------------------
UART RX RANDOMIZED VECTOR REGRESSION (Python reference model)
----------------------------------------
TEST 1: Vector: expected VALID                             PASS
TEST 2: Vector: expected PARITY_ERROR                      PASS
TEST 3: Vector: expected FRAMING_ERROR                     PASS
TEST 4: Vector: expected VALID                             PASS
TEST 5: Vector: expected PARITY_ERROR                      PASS
TEST 6: Vector: expected FRAMING_ERROR                     PASS
TEST 7: Vector: expected VALID                             PASS
TEST 8: Vector: expected PARITY_ERROR                      PASS
TEST 9: Vector: expected FRAMING_ERROR                     PASS
TEST 10: Vector: expected VALID                             PASS
TEST 11: Vector: expected PARITY_ERROR                      PASS
TEST 12: Vector: expected FRAMING_ERROR                     PASS
TEST 13: Vector: expected VALID                             PASS
TEST 14: Vector: expected PARITY_ERROR                      PASS
TEST 15: Vector: expected FRAMING_ERROR                     PASS
TEST 16: Vector: expected VALID                             PASS
TEST 17: Vector: expected PARITY_ERROR                      PASS
TEST 18: Vector: expected FRAMING_ERROR                     PASS
TEST 19: Vector: expected VALID                             PASS
TEST 20: Vector: expected PARITY_ERROR                      PASS
TEST 21: Vector: expected FRAMING_ERROR                     PASS
TEST 22: Vector: expected VALID                             PASS
TEST 23: Vector: expected PARITY_ERROR                      PASS
TEST 24: Vector: expected FRAMING_ERROR                     PASS
TEST 25: Vector: expected VALID                             PASS
TEST 26: Vector: expected PARITY_ERROR                      PASS
TEST 27: Vector: expected FRAMING_ERROR                     PASS
TEST 28: Vector: expected VALID                             PASS
TEST 29: Vector: expected PARITY_ERROR                      PASS
TEST 30: Vector: expected FRAMING_ERROR                     PASS
TEST 31: Vector: expected VALID                             PASS
TEST 32: Vector: expected PARITY_ERROR                      PASS
TEST 33: Vector: expected FRAMING_ERROR                     PASS
TEST 34: Vector: expected VALID                             PASS
TEST 35: Vector: expected PARITY_ERROR                      PASS
TEST 36: Vector: expected FRAMING_ERROR                     PASS
TEST 37: Vector: expected VALID                             PASS
TEST 38: Vector: expected PARITY_ERROR                      PASS
TEST 39: Vector: expected FRAMING_ERROR                     PASS
TEST 40: Vector: expected VALID                             PASS
TEST 41: Vector: expected PARITY_ERROR                      PASS
TEST 42: Vector: expected FRAMING_ERROR                     PASS
TEST 43: Vector: expected VALID                             PASS
TEST 44: Vector: expected PARITY_ERROR                      PASS
TEST 45: Vector: expected FRAMING_ERROR                     PASS
TEST 46: Vector: expected VALID                             PASS
TEST 47: Vector: expected PARITY_ERROR                      PASS
TEST 48: Vector: expected FRAMING_ERROR                     PASS
TEST 49: Vector: expected FRAMING_ERROR                     PASS
TEST 50: Vector: expected FRAMING_ERROR                     PASS
TEST 51: Vector: expected VALID                             PASS
TEST 52: Vector: expected VALID                             PASS
TEST 53: Vector: expected VALID                             PASS
TEST 54: Vector: expected PARITY_ERROR                      PASS
TEST 55: Vector: expected VALID                             PASS
TEST 56: Vector: expected FRAMING_ERROR                     PASS
TEST 57: Vector: expected VALID                             PASS
TEST 58: Vector: expected VALID                             PASS
TEST 59: Vector: expected VALID                             PASS
TEST 60: Vector: expected FRAMING_ERROR                     PASS
TEST 61: Vector: expected VALID                             PASS
TEST 62: Vector: expected VALID                             PASS
TEST 63: Vector: expected PARITY_ERROR                      PASS
TEST 64: Vector: expected PARITY_ERROR                      PASS
TEST 65: Vector: expected BOTH_ERRORS                       PASS
TEST 66: Vector: expected VALID                             PASS
TEST 67: Vector: expected VALID                             PASS
TEST 68: Vector: expected VALID                             PASS
TEST 69: Vector: expected PARITY_ERROR                      PASS
TEST 70: Vector: expected BOTH_ERRORS                       PASS
TEST 71: Vector: expected FRAMING_ERROR                     PASS
TEST 72: Vector: expected PARITY_ERROR                      PASS
TEST 73: Vector: expected PARITY_ERROR                      PASS
TEST 74: Vector: expected VALID                             PASS
TEST 75: Vector: expected VALID                             PASS
TEST 76: Vector: expected VALID                             PASS
TEST 77: Vector: expected VALID                             PASS
TEST 78: Vector: expected VALID                             PASS
TEST 79: Vector: expected VALID                             PASS
TEST 80: Vector: expected FRAMING_ERROR                     PASS
TEST 81: Vector: expected VALID                             PASS
TEST 82: Vector: expected FRAMING_ERROR                     PASS
TEST 83: Vector: expected VALID                             PASS
TEST 84: Vector: expected VALID                             PASS
TEST 85: Vector: expected VALID                             PASS
TEST 86: Vector: expected VALID                             PASS
TEST 87: Vector: expected VALID                             PASS
TEST 88: Vector: expected PARITY_ERROR                      PASS
TEST 89: Vector: expected VALID                             PASS
TEST 90: Vector: expected PARITY_ERROR                      PASS
TEST 91: Vector: expected VALID                             PASS
TEST 92: Vector: expected VALID                             PASS
TEST 93: Vector: expected VALID                             PASS
TEST 94: Vector: expected PARITY_ERROR                      PASS
TEST 95: Vector: expected VALID                             PASS
TEST 96: Vector: expected PARITY_ERROR                      PASS
TEST 97: Vector: expected VALID                             PASS
TEST 98: Vector: expected VALID                             PASS
TEST 99: Vector: expected VALID                             PASS
TEST 100: Vector: expected VALID                             PASS
TEST 101: Vector: expected VALID                             PASS
TEST 102: Vector: expected FRAMING_ERROR                     PASS
TEST 103: Vector: expected VALID                             PASS
TEST 104: Vector: expected VALID                             PASS
TEST 105: Vector: expected FRAMING_ERROR                     PASS
TEST 106: Vector: expected VALID                             PASS
TEST 107: Vector: expected VALID                             PASS
TEST 108: Vector: expected VALID                             PASS
TEST 109: Vector: expected VALID                             PASS
TEST 110: Vector: expected VALID                             PASS
TEST 111: Vector: expected BOTH_ERRORS                       PASS
TEST 112: Vector: expected FRAMING_ERROR                     PASS
TEST 113: Vector: expected VALID                             PASS
TEST 114: Vector: expected FRAMING_ERROR                     PASS
TEST 115: Vector: expected PARITY_ERROR                      PASS
TEST 116: Vector: expected VALID                             PASS
TEST 117: Vector: expected PARITY_ERROR                      PASS
TEST 118: Vector: expected PARITY_ERROR                      PASS
TEST 119: Vector: expected VALID                             PASS
TEST 120: Vector: expected VALID                             PASS
TEST 121: Vector: expected VALID                             PASS
TEST 122: Vector: expected VALID                             PASS
TEST 123: Vector: expected PARITY_ERROR                      PASS
TEST 124: Vector: expected VALID                             PASS
TEST 125: Vector: expected VALID                             PASS
TEST 126: Vector: expected VALID                             PASS
TEST 127: Vector: expected PARITY_ERROR                      PASS
TEST 128: Vector: expected PARITY_ERROR                      PASS
TEST 129: Vector: expected FRAMING_ERROR                     PASS
TEST 130: Vector: expected VALID                             PASS
TEST 131: Vector: expected PARITY_ERROR                      PASS
TEST 132: Vector: expected PARITY_ERROR                      PASS
TEST 133: Vector: expected VALID                             PASS
TEST 134: Vector: expected BOTH_ERRORS                       PASS
TEST 135: Vector: expected VALID                             PASS
TEST 136: Vector: expected PARITY_ERROR                      PASS
TEST 137: Vector: expected VALID                             PASS
TEST 138: Vector: expected VALID                             PASS
TEST 139: Vector: expected VALID                             PASS
TEST 140: Vector: expected VALID                             PASS
TEST 141: Vector: expected VALID                             PASS
TEST 142: Vector: expected PARITY_ERROR                      PASS
TEST 143: Vector: expected VALID                             PASS
TEST 144: Vector: expected FRAMING_ERROR                     PASS
TEST 145: Vector: expected PARITY_ERROR                      PASS
TEST 146: Vector: expected VALID                             PASS
TEST 147: Vector: expected VALID                             PASS
TEST 148: Vector: expected VALID                             PASS
TEST 149: Vector: expected FRAMING_ERROR                     PASS
TEST 150: Vector: expected VALID                             PASS
TEST 151: Vector: expected VALID                             PASS
TEST 152: Vector: expected VALID                             PASS
TEST 153: Vector: expected FRAMING_ERROR                     PASS
TEST 154: Vector: expected PARITY_ERROR                      PASS
TEST 155: Vector: expected VALID                             PASS
TEST 156: Vector: expected FRAMING_ERROR                     PASS
TEST 157: Vector: expected VALID                             PASS
TEST 158: Vector: expected VALID                             PASS
TEST 159: Vector: expected PARITY_ERROR                      PASS
TEST 160: Vector: expected BOTH_ERRORS                       PASS
TEST 161: Vector: expected VALID                             PASS
TEST 162: Vector: expected VALID                             PASS
TEST 163: Vector: expected VALID                             PASS
TEST 164: Vector: expected VALID                             PASS
TEST 165: Vector: expected PARITY_ERROR                      PASS
TEST 166: Vector: expected VALID                             PASS
TEST 167: Vector: expected VALID                             PASS
TEST 168: Vector: expected VALID                             PASS
TEST 169: Vector: expected FRAMING_ERROR                     PASS
TEST 170: Vector: expected VALID                             PASS
TEST 171: Vector: expected FRAMING_ERROR                     PASS
TEST 172: Vector: expected BOTH_ERRORS                       PASS
TEST 173: Vector: expected VALID                             PASS
TEST 174: Vector: expected VALID                             PASS
TEST 175: Vector: expected VALID                             PASS
TEST 176: Vector: expected FRAMING_ERROR                     PASS
TEST 177: Vector: expected VALID                             PASS
TEST 178: Vector: expected VALID                             PASS
TEST 179: Vector: expected PARITY_ERROR                      PASS
TEST 180: Vector: expected VALID                             PASS
TEST 181: Vector: expected PARITY_ERROR                      PASS
TEST 182: Vector: expected PARITY_ERROR                      PASS
TEST 183: Vector: expected VALID                             PASS
TEST 184: Vector: expected VALID                             PASS
TEST 185: Vector: expected PARITY_ERROR                      PASS
TEST 186: Vector: expected FRAMING_ERROR                     PASS
TEST 187: Vector: expected FRAMING_ERROR                     PASS
TEST 188: Vector: expected PARITY_ERROR                      PASS
TEST 189: Vector: expected VALID                             PASS
TEST 190: Vector: expected VALID                             PASS
TEST 191: Vector: expected VALID                             PASS
TEST 192: Vector: expected VALID                             PASS
TEST 193: Vector: expected PARITY_ERROR                      PASS
TEST 194: Vector: expected VALID                             PASS
TEST 195: Vector: expected FRAMING_ERROR                     PASS
TEST 196: Vector: expected VALID                             PASS
TEST 197: Vector: expected VALID                             PASS
TEST 198: Vector: expected VALID                             PASS
TEST 199: Vector: expected VALID                             PASS
TEST 200: Vector: expected FRAMING_ERROR                     PASS
TEST 201: Vector: expected FRAMING_ERROR                     PASS
TEST 202: Vector: expected FRAMING_ERROR                     PASS
TEST 203: Vector: expected PARITY_ERROR                      PASS
TEST 204: Vector: expected PARITY_ERROR                      PASS
TEST 205: Vector: expected FRAMING_ERROR                     PASS
TEST 206: Vector: expected VALID                             PASS
TEST 207: Vector: expected PARITY_ERROR                      PASS
TEST 208: Vector: expected VALID                             PASS
TEST 209: Vector: expected PARITY_ERROR                      PASS
TEST 210: Vector: expected VALID                             PASS
TEST 211: Vector: expected PARITY_ERROR                      PASS
TEST 212: Vector: expected VALID                             PASS
TEST 213: Vector: expected PARITY_ERROR                      PASS
TEST 214: Vector: expected VALID                             PASS
TEST 215: Vector: expected VALID                             PASS
TEST 216: Vector: expected VALID                             PASS
TEST 217: Vector: expected VALID                             PASS
TEST 218: Vector: expected VALID                             PASS
TEST 219: Vector: expected FRAMING_ERROR                     PASS
TEST 220: Vector: expected VALID                             PASS
TEST 221: Vector: expected FRAMING_ERROR                     PASS
TEST 222: Vector: expected VALID                             PASS
TEST 223: Vector: expected VALID                             PASS
TEST 224: Vector: expected VALID                             PASS
TEST 225: Vector: expected PARITY_ERROR                      PASS
TEST 226: Vector: expected PARITY_ERROR                      PASS
TEST 227: Vector: expected VALID                             PASS
TEST 228: Vector: expected VALID                             PASS
TEST 229: Vector: expected VALID                             PASS
TEST 230: Vector: expected PARITY_ERROR                      PASS
TEST 231: Vector: expected VALID                             PASS
TEST 232: Vector: expected PARITY_ERROR                      PASS
TEST 233: Vector: expected VALID                             PASS
TEST 234: Vector: expected VALID                             PASS
TEST 235: Vector: expected VALID                             PASS
TEST 236: Vector: expected VALID                             PASS
TEST 237: Vector: expected BOTH_ERRORS                       PASS
TEST 238: Vector: expected PARITY_ERROR                      PASS
TEST 239: Vector: expected VALID                             PASS
TEST 240: Vector: expected VALID                             PASS
TEST 241: Vector: expected VALID                             PASS
TEST 242: Vector: expected VALID                             PASS
TEST 243: Vector: expected VALID                             PASS
TEST 244: Vector: expected VALID                             PASS
TEST 245: Vector: expected VALID                             PASS
TEST 246: Vector: expected VALID                             PASS
TEST 247: Vector: expected VALID                             PASS
TEST 248: Vector: expected VALID                             PASS
----------------------------------------
  248 vectors replayed from tb/vectors/random_vectors.txt
----------------------------------------
  248 / 248 tests passed
  ALL TESTS PASSED
----------------------------------------
tb/uart_vectors_tb.v:214: $finish called at 273590000 (1ps)
