#! /usr/bin/vvp
:ivl_version "12.0 (stable)";
:ivl_delay_selection "TYPICAL";
:vpi_time_precision - 12;
:vpi_module "/usr/lib/x86_64-linux-gnu/ivl/system.vpi";
:vpi_module "/usr/lib/x86_64-linux-gnu/ivl/vhdl_sys.vpi";
:vpi_module "/usr/lib/x86_64-linux-gnu/ivl/vhdl_textio.vpi";
:vpi_module "/usr/lib/x86_64-linux-gnu/ivl/v2005_math.vpi";
:vpi_module "/usr/lib/x86_64-linux-gnu/ivl/va_math.vpi";
:vpi_module "/usr/lib/x86_64-linux-gnu/ivl/v2009.vpi";
S_0x640c1c3718a0 .scope package, "$unit" "$unit" 2 1;
 .timescale 0 0;
S_0x640c1c3771e0 .scope module, "uart_vectors_tb" "uart_vectors_tb" 3 22;
 .timescale -9 -12;
P_0x640c1c2fead0 .param/l "CLKS_PER_BIT" 1 3 24, +C4<00000000000000000000000000001010>;
L_0x640c1c349980 .functor BUFZ 8, v0x640c1c395db0_0, C4<00000000>, C4<00000000>, C4<00000000>;
L_0x640c1c2edcb0 .functor BUFZ 1, v0x640c1c396270_0, C4<0>, C4<0>, C4<0>;
L_0x640c1c371ec0 .functor BUFZ 1, v0x640c1c395cf0_0, C4<0>, C4<0>, C4<0>;
L_0x640c1c371e50 .functor BUFZ 1, v0x640c1c395ab0_0, C4<0>, C4<0>, C4<0>;
L_0x640c1c3ad3b0 .functor BUFZ 1, v0x640c1c395910_0, C4<0>, C4<0>, C4<0>;
L_0x640c1c3ad470 .functor BUFZ 1, v0x640c1c39c070_0, C4<0>, C4<0>, C4<0>;
v0x640c1c39a7a0_0 .var/i "bad_p_val", 31 0;
v0x640c1c39a8a0_0 .var/i "bad_s_val", 31 0;
v0x640c1c39a980_0 .net "break_detected_even", 0 0, L_0x640c1c3acbb0;  1 drivers
v0x640c1c39aa80_0 .net "break_detected_odd", 0 0, L_0x640c1c3acfc0;  1 drivers
v0x640c1c39ab50_0 .var "clk", 0 0;
v0x640c1c39ac90_0 .var/i "data_val", 31 0;
v0x640c1c39ad30_0 .var/i "fail_count", 31 0;
v0x640c1c39adf0_0 .var/i "fd", 31 0;
v0x640c1c39aed0_0 .net "framing_error", 0 0, L_0x640c1c3ad3b0;  1 drivers
v0x640c1c39af90_0 .net "framing_error_even", 0 0, v0x640c1c395910_0;  1 drivers
v0x640c1c39b030_0 .net "framing_error_odd", 0 0, v0x640c1c397a40_0;  1 drivers
v0x640c1c39b0d0_0 .var "gf", 0 0;
v0x640c1c39b170_0 .var "gp", 0 0;
v0x640c1c39b210_0 .var "gv", 0 0;
v0x640c1c39b2d0_0 .var "last_rx_data", 7 0;
v0x640c1c39b3b0_0 .var "line", 2047 0;
v0x640c1c39b490_0 .var/i "mode_val", 31 0;
v0x640c1c39b680_0 .var "outcome_str", 127 0;
v0x640c1c39b760_0 .net "parity_error", 0 0, L_0x640c1c371e50;  1 drivers
v0x640c1c39b820_0 .net "parity_error_even", 0 0, v0x640c1c395ab0_0;  1 drivers
v0x640c1c39b8f0_0 .net "parity_error_odd", 0 0, v0x640c1c397be0_0;  1 drivers
v0x640c1c39b9c0_0 .var/i "pass_count", 31 0;
v0x640c1c39ba60_0 .var/i "r", 31 0;
v0x640c1c39bb40_0 .var "reset", 0 0;
v0x640c1c39bbe0_0 .net "rx_busy", 0 0, L_0x640c1c371ec0;  1 drivers
v0x640c1c39bca0_0 .net "rx_busy_even", 0 0, v0x640c1c395cf0_0;  1 drivers
v0x640c1c39bd40_0 .net "rx_busy_odd", 0 0, v0x640c1c397e10_0;  1 drivers
v0x640c1c39be10_0 .net "rx_data", 7 0, L_0x640c1c349980;  1 drivers
v0x640c1c39beb0_0 .net "rx_data_even", 7 0, v0x640c1c395db0_0;  1 drivers
v0x640c1c39bfa0_0 .net "rx_data_odd", 7 0, v0x640c1c397ed0_0;  1 drivers
v0x640c1c39c070_0 .var "rx_line_even", 0 0;
v0x640c1c39c140_0 .var "rx_line_odd", 0 0;
v0x640c1c39c210_0 .net "rx_valid", 0 0, L_0x640c1c2edcb0;  1 drivers
v0x640c1c39c2b0_0 .net "rx_valid_even", 0 0, v0x640c1c396270_0;  1 drivers
v0x640c1c39c380_0 .net "rx_valid_odd", 0 0, v0x640c1c398390_0;  1 drivers
v0x640c1c39c450_0 .var/i "test_num", 31 0;
v0x640c1c39c4f0_0 .var "tx_busy", 0 0;
v0x640c1c39c590_0 .var "tx_data", 7 0;
v0x640c1c39c650_0 .var "tx_done", 0 0;
v0x640c1c39c710_0 .net "tx_line", 0 0, L_0x640c1c3ad470;  1 drivers
v0x640c1c39c7d0_0 .var "tx_start", 0 0;
v0x640c1c39c890_0 .var/i "vec_count", 31 0;
S_0x640c1c3773c0 .scope task, "check_byte" "check_byte" 4 145, 4 145 0, S_0x640c1c3771e0;
 .timescale -9 -12;
v0x640c1c356a30_0 .var "actual", 7 0;
v0x640c1c357880_0 .var "expected", 7 0;
v0x640c1c349690_0 .var "name", 415 0;
TD_uart_vectors_tb.check_byte ;
    %load/vec4 v0x640c1c39c450_0;
    %addi 1, 0, 32;
    %store/vec4 v0x640c1c39c450_0, 0, 32;
    %load/vec4 v0x640c1c356a30_0;
    %load/vec4 v0x640c1c357880_0;
    %cmp/e;
    %jmp/0xz  T_0.0, 6;
    %load/vec4 v0x640c1c39b9c0_0;
    %addi 1, 0, 32;
    %store/vec4 v0x640c1c39b9c0_0, 0, 32;
    %vpi_call/w 4 150 "$display", "TEST %0d: %-50s PASS  (expected 0x%02h, got 0x%02h)", v0x640c1c39c450_0, v0x640c1c349690_0, v0x640c1c357880_0, v0x640c1c356a30_0 {0 0 0};
    %jmp T_0.1;
T_0.0 ;
    %load/vec4 v0x640c1c39ad30_0;
    %addi 1, 0, 32;
    %store/vec4 v0x640c1c39ad30_0, 0, 32;
    %vpi_call/w 4 154 "$display", "TEST %0d: %-50s FAIL  (expected 0x%02h, got 0x%02h)", v0x640c1c39c450_0, v0x640c1c349690_0, v0x640c1c357880_0, v0x640c1c356a30_0 {0 0 0};
T_0.1 ;
    %end;
S_0x640c1c393430 .scope task, "check_cond" "check_cond" 4 163, 4 163 0, S_0x640c1c3771e0;
 .timescale -9 -12;
v0x640c1c349aa0_0 .var "cond", 0 0;
v0x640c1c348d50_0 .var "name", 415 0;
TD_uart_vectors_tb.check_cond ;
    %load/vec4 v0x640c1c39c450_0;
    %addi 1, 0, 32;
    %store/vec4 v0x640c1c39c450_0, 0, 32;
    %load/vec4 v0x640c1c349aa0_0;
    %flag_set/vec4 8;
    %jmp/0xz  T_1.2, 8;
    %load/vec4 v0x640c1c39b9c0_0;
    %addi 1, 0, 32;
    %store/vec4 v0x640c1c39b9c0_0, 0, 32;
    %vpi_call/w 4 168 "$display", "TEST %0d: %-50s PASS", v0x640c1c39c450_0, v0x640c1c348d50_0 {0 0 0};
    %jmp T_1.3;
T_1.2 ;
    %load/vec4 v0x640c1c39ad30_0;
    %addi 1, 0, 32;
    %store/vec4 v0x640c1c39ad30_0, 0, 32;
    %vpi_call/w 4 171 "$display", "TEST %0d: %-50s FAIL", v0x640c1c39c450_0, v0x640c1c348d50_0 {0 0 0};
T_1.3 ;
    %end;
S_0x640c1c393690 .scope task, "drive_bit_even" "drive_bit_even" 3 61, 3 61 0, S_0x640c1c3771e0;
 .timescale -9 -12;
v0x640c1c3720c0_0 .var "v", 0 0;
E_0x640c1c305bd0 .event negedge, v0x640c1c3956b0_0;
TD_uart_vectors_tb.drive_bit_even ;
    %wait E_0x640c1c305bd0;
    %load/vec4 v0x640c1c3720c0_0;
    %store/vec4 v0x640c1c39c070_0, 0, 1;
    %pushi/vec4 9, 0, 32;
T_2.4 %dup/vec4;
    %pushi/vec4 0, 0, 32;
    %cmp/s;
    %jmp/1xz T_2.5, 5;
    %jmp/1 T_2.5, 4;
    %pushi/vec4 1, 0, 32;
    %sub;
    %wait E_0x640c1c305bd0;
    %jmp T_2.4;
T_2.5 ;
    %pop/vec4 1;
    %end;
S_0x640c1c3938d0 .scope task, "drive_bit_odd" "drive_bit_odd" 3 67, 3 67 0, S_0x640c1c3771e0;
 .timescale -9 -12;
v0x640c1c372160_0 .var "v", 0 0;
TD_uart_vectors_tb.drive_bit_odd ;
    %wait E_0x640c1c305bd0;
    %load/vec4 v0x640c1c372160_0;
    %store/vec4 v0x640c1c39c140_0, 0, 1;
    %pushi/vec4 9, 0, 32;
T_3.6 %dup/vec4;
    %pushi/vec4 0, 0, 32;
    %cmp/s;
    %jmp/1xz T_3.7, 5;
    %jmp/1 T_3.7, 4;
    %pushi/vec4 1, 0, 32;
    %sub;
    %wait E_0x640c1c305bd0;
    %jmp T_3.6;
T_3.7 ;
    %pop/vec4 1;
    %end;
S_0x640c1c393af0 .scope task, "drive_vector_even" "drive_vector_even" 3 74, 3 74 0, S_0x640c1c3771e0;
 .timescale -9 -12;
v0x640c1c393d60_0 .var "bad_parity", 0 0;
v0x640c1c393e40_0 .var "bad_stop", 0 0;
v0x640c1c393f00_0 .var "data", 7 0;
v0x640c1c393fc0_0 .var/i "i", 31 0;
v0x640c1c3940a0_0 .var "p", 0 0;
E_0x640c1c2ffc30 .event anyedge, v0x640c1c395cf0_0;
TD_uart_vectors_tb.drive_vector_even ;
T_4.8 ;
    %load/vec4 v0x640c1c39bca0_0;
    %pushi/vec4 0, 0, 1;
    %cmp/e;
    %flag_get/vec4 4;
    %cmpi/ne 1, 0, 1;
    %jmp/0xz T_4.9, 6;
    %wait E_0x640c1c2ffc30;
    %jmp T_4.8;
T_4.9 ;
    %alloc S_0x640c1c398650;
    %load/vec4 v0x640c1c393f00_0;
    %pushi/vec4 1, 0, 2;
    %store/vec4 v0x640c1c3989c0_0, 0, 2;
    %store/vec4 v0x640c1c3987e0_0, 0, 8;
    %callf/vec4 TD_uart_vectors_tb.model_parity_bit, S_0x640c1c398650;
    %free S_0x640c1c398650;
    %store/vec4 v0x640c1c3940a0_0, 0, 1;
    %load/vec4 v0x640c1c393d60_0;
    %flag_set/vec4 8;
    %jmp/0xz  T_4.10, 8;
    %load/vec4 v0x640c1c3940a0_0;
    %inv;
    %store/vec4 v0x640c1c3940a0_0, 0, 1;
T_4.10 ;
    %pushi/vec4 0, 0, 1;
    %store/vec4 v0x640c1c3720c0_0, 0, 1;
    %fork TD_uart_vectors_tb.drive_bit_even, S_0x640c1c393690;
    %join;
    %pushi/vec4 0, 0, 32;
    %store/vec4 v0x640c1c393fc0_0, 0, 32;
T_4.12 ;
    %load/vec4 v0x640c1c393fc0_0;
    %cmpi/s 8, 0, 32;
    %jmp/0xz T_4.13, 5;
    %load/vec4 v0x640c1c393f00_0;
    %load/vec4 v0x640c1c393fc0_0;
    %part/s 1;
    %store/vec4 v0x640c1c3720c0_0, 0, 1;
    %fork TD_uart_vectors_tb.drive_bit_even, S_0x640c1c393690;
    %join;
    %load/vec4 v0x640c1c393fc0_0;
    %addi 1, 0, 32;
    %store/vec4 v0x640c1c393fc0_0, 0, 32;
    %jmp T_4.12;
T_4.13 ;
    %load/vec4 v0x640c1c3940a0_0;
    %store/vec4 v0x640c1c3720c0_0, 0, 1;
    %fork TD_uart_vectors_tb.drive_bit_even, S_0x640c1c393690;
    %join;
    %load/vec4 v0x640c1c393e40_0;
    %flag_set/vec4 8;
    %jmp/0 T_4.14, 8;
    %pushi/vec4 0, 0, 1;
    %jmp/1 T_4.15, 8;
T_4.14 ; End of true expr.
    %pushi/vec4 1, 0, 1;
    %jmp/0 T_4.15, 8;
 ; End of false expr.
    %blend;
T_4.15;
    %store/vec4 v0x640c1c3720c0_0, 0, 1;
    %fork TD_uart_vectors_tb.drive_bit_even, S_0x640c1c393690;
    %join;
    %pushi/vec4 1, 0, 1;
    %store/vec4 v0x640c1c39c070_0, 0, 1;
    %end;
S_0x640c1c3941b0 .scope task, "drive_vector_odd" "drive_vector_odd" 3 89, 3 89 0, S_0x640c1c3771e0;
 .timescale -9 -12;
v0x640c1c3943d0_0 .var "bad_parity", 0 0;
v0x640c1c3944b0_0 .var "bad_stop", 0 0;
v0x640c1c394570_0 .var "data", 7 0;
v0x640c1c394630_0 .var/i "i", 31 0;
v0x640c1c394710_0 .var "p", 0 0;
E_0x640c1c2ffdb0 .event anyedge, v0x640c1c397e10_0;
TD_uart_vectors_tb.drive_vector_odd ;
T_5.16 ;
    %load/vec4 v0x640c1c39bd40_0;
    %pushi/vec4 0, 0, 1;
    %cmp/e;
    %flag_get/vec4 4;
    %cmpi/ne 1, 0, 1;
    %jmp/0xz T_5.17, 6;
    %wait E_0x640c1c2ffdb0;
    %jmp T_5.16;
T_5.17 ;
    %alloc S_0x640c1c398650;
    %load/vec4 v0x640c1c394570_0;
    %pushi/vec4 2, 0, 2;
    %store/vec4 v0x640c1c3989c0_0, 0, 2;
    %store/vec4 v0x640c1c3987e0_0, 0, 8;
    %callf/vec4 TD_uart_vectors_tb.model_parity_bit, S_0x640c1c398650;
    %free S_0x640c1c398650;
    %store/vec4 v0x640c1c394710_0, 0, 1;
    %load/vec4 v0x640c1c3943d0_0;
    %flag_set/vec4 8;
    %jmp/0xz  T_5.18, 8;
    %load/vec4 v0x640c1c394710_0;
    %inv;
    %store/vec4 v0x640c1c394710_0, 0, 1;
T_5.18 ;
    %pushi/vec4 0, 0, 1;
    %store/vec4 v0x640c1c372160_0, 0, 1;
    %fork TD_uart_vectors_tb.drive_bit_odd, S_0x640c1c3938d0;
    %join;
    %pushi/vec4 0, 0, 32;
    %store/vec4 v0x640c1c394630_0, 0, 32;
T_5.20 ;
    %load/vec4 v0x640c1c394630_0;
    %cmpi/s 8, 0, 32;
    %jmp/0xz T_5.21, 5;
    %load/vec4 v0x640c1c394570_0;
    %load/vec4 v0x640c1c394630_0;
    %part/s 1;
    %store/vec4 v0x640c1c372160_0, 0, 1;
    %fork TD_uart_vectors_tb.drive_bit_odd, S_0x640c1c3938d0;
    %join;
    %load/vec4 v0x640c1c394630_0;
    %addi 1, 0, 32;
    %store/vec4 v0x640c1c394630_0, 0, 32;
    %jmp T_5.20;
T_5.21 ;
    %load/vec4 v0x640c1c394710_0;
    %store/vec4 v0x640c1c372160_0, 0, 1;
    %fork TD_uart_vectors_tb.drive_bit_odd, S_0x640c1c3938d0;
    %join;
    %load/vec4 v0x640c1c3944b0_0;
    %flag_set/vec4 8;
    %jmp/0 T_5.22, 8;
    %pushi/vec4 0, 0, 1;
    %jmp/1 T_5.23, 8;
T_5.22 ; End of true expr.
    %pushi/vec4 1, 0, 1;
    %jmp/0 T_5.23, 8;
 ; End of false expr.
    %blend;
T_5.23;
    %store/vec4 v0x640c1c372160_0, 0, 1;
    %fork TD_uart_vectors_tb.drive_bit_odd, S_0x640c1c3938d0;
    %join;
    %pushi/vec4 1, 0, 1;
    %store/vec4 v0x640c1c39c140_0, 0, 1;
    %end;
S_0x640c1c394820 .scope module, "dut_even" "uart_rx" 3 37, 5 101 0, S_0x640c1c3771e0;
 .timescale 0 0;
    .port_info 0 /INPUT 1 "clk";
    .port_info 1 /INPUT 1 "reset";
    .port_info 2 /INPUT 1 "rx";
    .port_info 3 /OUTPUT 8 "rx_data";
    .port_info 4 /OUTPUT 1 "rx_valid";
    .port_info 5 /OUTPUT 1 "rx_busy";
    .port_info 6 /OUTPUT 1 "parity_error";
    .port_info 7 /OUTPUT 1 "framing_error";
    .port_info 8 /OUTPUT 1 "break_detected";
P_0x640c1c3739d0 .param/l "BIW" 1 5 124, +C4<00000000000000000000000000000011>;
P_0x640c1c373a10 .param/l "BREAK_THRESHOLD_BITS" 0 5 109, +C4<00000000000000000000000000001100>;
P_0x640c1c373a50 .param/l "BREAK_THRESHOLD_CYCLES" 1 5 144, +C4<00000000000000000000000001111000>;
P_0x640c1c373a90 .param/l "CLKS_PER_BIT" 0 5 102, +C4<00000000000000000000000000001010>;
P_0x640c1c373ad0 .param/l "CW" 1 5 181, +C4<00000000000000000000000000000100>;
P_0x640c1c373b10 .param/l "DATA_BITS" 0 5 103, +C4<00000000000000000000000000001000>;
P_0x640c1c373b50 .param/l "HALF_PERIOD" 1 5 180, +C4<00000000000000000000000000000101>;
P_0x640c1c373b90 .param/l "LRCW" 1 5 145, +C4<00000000000000000000000000000111>;
P_0x640c1c373bd0 .param/l "PARITY_MODE" 0 5 104, C4<01>;
P_0x640c1c373c10 .param/l "S_BREAK" 1 5 174, C4<101>;
P_0x640c1c373c50 .param/l "S_DATA" 1 5 171, C4<010>;
P_0x640c1c373c90 .param/l "S_IDLE" 1 5 169, C4<000>;
P_0x640c1c373cd0 .param/l "S_PARITY" 1 5 172, C4<011>;
P_0x640c1c373d10 .param/l "S_START" 1 5 170, C4<001>;
P_0x640c1c373d50 .param/l "S_STOP" 1 5 173, C4<100>;
L_0x640c1c355440 .functor BUFZ 1, v0x640c1c3961b0_0, C4<0>, C4<0>, C4<0>;
v0x640c1c3951f0_0 .net *"_ivl_2", 31 0, L_0x640c1c39c9f0;  1 drivers
L_0x6ffeb8e6b018 .functor BUFT 1, C4<0000000000000000000000000>, C4<0>, C4<0>, C4<0>;
v0x640c1c3952f0_0 .net *"_ivl_5", 24 0, L_0x6ffeb8e6b018;  1 drivers
L_0x6ffeb8e6b060 .functor BUFT 1, C4<00000000000000000000000001111000>, C4<0>, C4<0>, C4<0>;
v0x640c1c3953d0_0 .net/2u *"_ivl_6", 31 0, L_0x6ffeb8e6b060;  1 drivers
v0x640c1c3954c0_0 .var "bit_index", 2 0;
v0x640c1c3955a0_0 .net "break_detected", 0 0, L_0x640c1c3acbb0;  alias, 1 drivers
v0x640c1c3956b0_0 .net "clk", 0 0, v0x640c1c39ab50_0;  1 drivers
v0x640c1c395770_0 .var "cycle_count", 3 0;
v0x640c1c395850_0 .net "expected_parity", 0 0, L_0x640c1c3acd40;  1 drivers
v0x640c1c395910_0 .var "framing_error", 0 0;
v0x640c1c3959d0_0 .var "low_run_count", 6 0;
v0x640c1c395ab0_0 .var "parity_error", 0 0;
v0x640c1c395b70_0 .net "reset", 0 0, v0x640c1c39bb40_0;  1 drivers
v0x640c1c395c30_0 .net "rx", 0 0, v0x640c1c39c070_0;  1 drivers
v0x640c1c395cf0_0 .var "rx_busy", 0 0;
v0x640c1c395db0_0 .var "rx_data", 7 0;
v0x640c1c395e90_0 .var "rx_parity_bit", 0 0;
v0x640c1c395f50_0 .net "rx_s", 0 0, L_0x640c1c355440;  1 drivers
v0x640c1c396010_0 .var "rx_shift", 7 0;
v0x640c1c3960f0_0 .var "rx_sync1", 0 0;
v0x640c1c3961b0_0 .var "rx_sync2", 0 0;
v0x640c1c396270_0 .var "rx_valid", 0 0;
v0x640c1c396330_0 .var "state", 2 0;
E_0x640c1c2fea90 .event posedge, v0x640c1c3956b0_0;
L_0x640c1c39c9f0 .concat [ 7 25 0 0], v0x640c1c3959d0_0, L_0x6ffeb8e6b018;
L_0x640c1c3acbb0 .cmp/eq 32, L_0x640c1c39c9f0, L_0x6ffeb8e6b060;
L_0x640c1c3acd40 .reduce/xor v0x640c1c396010_0;
S_0x640c1c396530 .scope module, "dut_odd" "uart_rx" 3 43, 5 101 0, S_0x640c1c3771e0;
 .timescale 0 0;
    .port_info 0 /INPUT 1 "clk";
    .port_info 1 /INPUT 1 "reset";
    .port_info 2 /INPUT 1 "rx";
    .port_info 3 /OUTPUT 8 "rx_data";
    .port_info 4 /OUTPUT 1 "rx_valid";
    .port_info 5 /OUTPUT 1 "rx_busy";
    .port_info 6 /OUTPUT 1 "parity_error";
    .port_info 7 /OUTPUT 1 "framing_error";
    .port_info 8 /OUTPUT 1 "break_detected";
P_0x640c1c3966c0 .param/l "BIW" 1 5 124, +C4<00000000000000000000000000000011>;
P_0x640c1c396700 .param/l "BREAK_THRESHOLD_BITS" 0 5 109, +C4<00000000000000000000000000001100>;
P_0x640c1c396740 .param/l "BREAK_THRESHOLD_CYCLES" 1 5 144, +C4<00000000000000000000000001111000>;
P_0x640c1c396780 .param/l "CLKS_PER_BIT" 0 5 102, +C4<00000000000000000000000000001010>;
P_0x640c1c3967c0 .param/l "CW" 1 5 181, +C4<00000000000000000000000000000100>;
P_0x640c1c396800 .param/l "DATA_BITS" 0 5 103, +C4<00000000000000000000000000001000>;
P_0x640c1c396840 .param/l "HALF_PERIOD" 1 5 180, +C4<00000000000000000000000000000101>;
P_0x640c1c396880 .param/l "LRCW" 1 5 145, +C4<00000000000000000000000000000111>;
P_0x640c1c3968c0 .param/l "PARITY_MODE" 0 5 104, C4<10>;
P_0x640c1c396900 .param/l "S_BREAK" 1 5 174, C4<101>;
P_0x640c1c396940 .param/l "S_DATA" 1 5 171, C4<010>;
P_0x640c1c396980 .param/l "S_IDLE" 1 5 169, C4<000>;
P_0x640c1c3969c0 .param/l "S_PARITY" 1 5 172, C4<011>;
P_0x640c1c396a00 .param/l "S_START" 1 5 170, C4<001>;
P_0x640c1c396a40 .param/l "S_STOP" 1 5 173, C4<100>;
L_0x640c1c357720 .functor BUFZ 1, v0x640c1c3982d0_0, C4<0>, C4<0>, C4<0>;
L_0x640c1c349530 .functor NOT 1, L_0x640c1c3ad150, C4<0>, C4<0>, C4<0>;
v0x640c1c3972c0_0 .net *"_ivl_11", 0 0, L_0x640c1c3ad150;  1 drivers
v0x640c1c397380_0 .net *"_ivl_2", 31 0, L_0x640c1c3ace10;  1 drivers
L_0x6ffeb8e6b0a8 .functor BUFT 1, C4<0000000000000000000000000>, C4<0>, C4<0>, C4<0>;
v0x640c1c397460_0 .net *"_ivl_5", 24 0, L_0x6ffeb8e6b0a8;  1 drivers
L_0x6ffeb8e6b0f0 .functor BUFT 1, C4<00000000000000000000000001111000>, C4<0>, C4<0>, C4<0>;
v0x640c1c397550_0 .net/2u *"_ivl_6", 31 0, L_0x6ffeb8e6b0f0;  1 drivers
v0x640c1c397630_0 .var "bit_index", 2 0;
v0x640c1c397760_0 .net "break_detected", 0 0, L_0x640c1c3acfc0;  alias, 1 drivers
v0x640c1c397820_0 .net "clk", 0 0, v0x640c1c39ab50_0;  alias, 1 drivers
v0x640c1c3978c0_0 .var "cycle_count", 3 0;
v0x640c1c397980_0 .net "expected_parity", 0 0, L_0x640c1c349530;  1 drivers
v0x640c1c397a40_0 .var "framing_error", 0 0;
v0x640c1c397b00_0 .var "low_run_count", 6 0;
v0x640c1c397be0_0 .var "parity_error", 0 0;
v0x640c1c397ca0_0 .net "reset", 0 0, v0x640c1c39bb40_0;  alias, 1 drivers
v0x640c1c397d70_0 .net "rx", 0 0, v0x640c1c39c140_0;  1 drivers
v0x640c1c397e10_0 .var "rx_busy", 0 0;
v0x640c1c397ed0_0 .var "rx_data", 7 0;
v0x640c1c397fb0_0 .var "rx_parity_bit", 0 0;
v0x640c1c398070_0 .net "rx_s", 0 0, L_0x640c1c357720;  1 drivers
v0x640c1c398130_0 .var "rx_shift", 7 0;
v0x640c1c398210_0 .var "rx_sync1", 0 0;
v0x640c1c3982d0_0 .var "rx_sync2", 0 0;
v0x640c1c398390_0 .var "rx_valid", 0 0;
v0x640c1c398450_0 .var "state", 2 0;
L_0x640c1c3ace10 .concat [ 7 25 0 0], v0x640c1c397b00_0, L_0x6ffeb8e6b0a8;
L_0x640c1c3acfc0 .cmp/eq 32, L_0x640c1c3ace10, L_0x6ffeb8e6b0f0;
L_0x640c1c3ad150 .reduce/xor v0x640c1c398130_0;
S_0x640c1c398650 .scope autofunction.vec4.s1, "model_parity_bit" "model_parity_bit" 4 43, 4 43 0, S_0x640c1c3771e0;
 .timescale -9 -12;
v0x640c1c3987e0_0 .var "data", 7 0;
v0x640c1c3988e0_0 .var/i "i", 31 0;
v0x640c1c3989c0_0 .var "mode", 1 0;
; Variable model_parity_bit is vec4 return value of scope S_0x640c1c398650
v0x640c1c398b70_0 .var/i "ones", 31 0;
TD_uart_vectors_tb.model_parity_bit ;
    %pushi/vec4 0, 0, 32;
    %store/vec4 v0x640c1c398b70_0, 0, 32;
    %pushi/vec4 0, 0, 32;
    %store/vec4 v0x640c1c3988e0_0, 0, 32;
T_6.24 ;
    %load/vec4 v0x640c1c3988e0_0;
    %cmpi/s 8, 0, 32;
    %jmp/0xz T_6.25, 5;
    %load/vec4 v0x640c1c398b70_0;
    %load/vec4 v0x640c1c3987e0_0;
    %load/vec4 v0x640c1c3988e0_0;
    %part/s 1;
    %pad/u 32;
    %add;
    %store/vec4 v0x640c1c398b70_0, 0, 32;
    %load/vec4 v0x640c1c3988e0_0;
    %addi 1, 0, 32;
    %store/vec4 v0x640c1c3988e0_0, 0, 32;
    %jmp T_6.24;
T_6.25 ;
    %load/vec4 v0x640c1c3989c0_0;
    %cmpi/e 2, 0, 2;
    %jmp/0xz  T_6.26, 4;
    %load/vec4 v0x640c1c398b70_0;
    %pushi/vec4 2, 0, 32;
    %mod/s;
    %cmpi/e 0, 0, 32;
    %flag_mov 8, 4;
    %jmp/0 T_6.28, 8;
    %pushi/vec4 1, 0, 1;
    %jmp/1 T_6.29, 8;
T_6.28 ; End of true expr.
    %pushi/vec4 0, 0, 1;
    %jmp/0 T_6.29, 8;
 ; End of false expr.
    %blend;
T_6.29;
    %ret/vec4 0, 0, 1;  Assign to model_parity_bit (store_vec4_to_lval)
    %jmp T_6.27;
T_6.26 ;
    %load/vec4 v0x640c1c398b70_0;
    %pushi/vec4 2, 0, 32;
    %mod/s;
    %cmpi/e 0, 0, 32;
    %flag_mov 8, 4;
    %jmp/0 T_6.30, 8;
    %pushi/vec4 0, 0, 1;
    %jmp/1 T_6.31, 8;
T_6.30 ; End of true expr.
    %pushi/vec4 1, 0, 1;
    %jmp/0 T_6.31, 8;
 ; End of false expr.
    %blend;
T_6.31;
    %ret/vec4 0, 0, 1;  Assign to model_parity_bit (store_vec4_to_lval)
T_6.27 ;
    %end;
S_0x640c1c398c50 .scope task, "print_summary" "print_summary" 4 179, 4 179 0, S_0x640c1c3771e0;
 .timescale -9 -12;
TD_uart_vectors_tb.print_summary ;
    %vpi_call/w 4 181 "$display", "----------------------------------------" {0 0 0};
    %load/vec4 v0x640c1c39b9c0_0;
    %load/vec4 v0x640c1c39ad30_0;
    %add;
    %vpi_call/w 4 182 "$display", "  %0d / %0d tests passed", v0x640c1c39b9c0_0, S<0,vec4,s32> {1 0 0};
    %load/vec4 v0x640c1c39ad30_0;
    %cmpi/e 0, 0, 32;
    %jmp/0xz  T_7.32, 4;
    %vpi_call/w 4 184 "$display", "  ALL TESTS PASSED" {0 0 0};
    %jmp T_7.33;
T_7.32 ;
    %vpi_call/w 4 186 "$display", "  *** %0d TEST(S) FAILED ***", v0x640c1c39ad30_0 {0 0 0};
T_7.33 ;
    %vpi_call/w 4 187 "$display", "----------------------------------------" {0 0 0};
    %end;
S_0x640c1c398e30 .scope task, "send_byte" "send_byte" 4 62, 4 62 0, S_0x640c1c3771e0;
 .timescale -9 -12;
v0x640c1c399010_0 .var "data", 7 0;
TD_uart_vectors_tb.send_byte ;
    %wait E_0x640c1c2fea90;
    %load/vec4 v0x640c1c399010_0;
    %assign/vec4 v0x640c1c39c590_0, 0;
    %pushi/vec4 1, 0, 1;
    %assign/vec4 v0x640c1c39c7d0_0, 0;
    %wait E_0x640c1c2fea90;
    %pushi/vec4 0, 0, 1;
    %assign/vec4 v0x640c1c39c7d0_0, 0;
    %end;
S_0x640c1c399110 .scope task, "wait_for_rx_outcome" "wait_for_rx_outcome" 4 100, 4 100 0, S_0x640c1c3771e0;
 .timescale -9 -12;
v0x640c1c3992f0_0 .var "got_ferr", 0 0;
v0x640c1c3993d0_0 .var "got_perr", 0 0;
v0x640c1c399490_0 .var "got_valid", 0 0;
v0x640c1c399530_0 .var/i "timeout", 31 0;
TD_uart_vectors_tb.wait_for_rx_outcome ;
    %pushi/vec4 0, 0, 32;
    %store/vec4 v0x640c1c399530_0, 0, 32;
    %pushi/vec4 0, 0, 1;
    %store/vec4 v0x640c1c399490_0, 0, 1;
    %pushi/vec4 0, 0, 1;
    %store/vec4 v0x640c1c3993d0_0, 0, 1;
    %pushi/vec4 0, 0, 1;
    %store/vec4 v0x640c1c3992f0_0, 0, 1;
T_9.34 ;
    %load/vec4 v0x640c1c399490_0;
    %nor/r;
    %flag_set/vec4 11;
    %flag_get/vec4 11;
    %jmp/0 T_9.38, 11;
    %load/vec4 v0x640c1c3993d0_0;
    %nor/r;
    %and;
T_9.38;
    %flag_set/vec4 10;
    %flag_get/vec4 10;
    %jmp/0 T_9.37, 10;
    %load/vec4 v0x640c1c3992f0_0;
    %nor/r;
    %and;
T_9.37;
    %flag_set/vec4 9;
    %flag_get/vec4 9;
    %jmp/0 T_9.36, 9;
    %load/vec4 v0x640c1c399530_0;
    %cmpi/s 200000, 0, 32;
    %flag_get/vec4 5;
    %and;
T_9.36;
    %flag_set/vec4 8;
    %jmp/0xz T_9.35, 8;
    %wait E_0x640c1c305bd0;
    %load/vec4 v0x640c1c39c210_0;
    %flag_set/vec4 8;
    %jmp/0xz  T_9.39, 8;
    %pushi/vec4 1, 0, 1;
    %store/vec4 v0x640c1c399490_0, 0, 1;
T_9.39 ;
    %load/vec4 v0x640c1c39b760_0;
    %flag_set/vec4 8;
    %jmp/0xz  T_9.41, 8;
    %pushi/vec4 1, 0, 1;
    %store/vec4 v0x640c1c3993d0_0, 0, 1;
T_9.41 ;
    %load/vec4 v0x640c1c39aed0_0;
    %flag_set/vec4 8;
    %jmp/0xz  T_9.43, 8;
    %pushi/vec4 1, 0, 1;
    %store/vec4 v0x640c1c3992f0_0, 0, 1;
T_9.43 ;
    %load/vec4 v0x640c1c399530_0;
    %addi 1, 0, 32;
    %store/vec4 v0x640c1c399530_0, 0, 32;
    %jmp T_9.34;
T_9.35 ;
    %load/vec4 v0x640c1c399490_0;
    %flag_set/vec4 8;
    %jmp/0xz  T_9.45, 8;
    %load/vec4 v0x640c1c39be10_0;
    %store/vec4 v0x640c1c39b2d0_0, 0, 8;
T_9.45 ;
    %load/vec4 v0x640c1c399530_0;
    %cmpi/s 200000, 0, 32;
    %flag_inv 5; GE is !LT
    %jmp/0xz  T_9.47, 5;
    %vpi_call/w 4 116 "$display", "  *** TIMEOUT waiting for an RX outcome ***" {0 0 0};
    %load/vec4 v0x640c1c39ad30_0;
    %addi 1, 0, 32;
    %store/vec4 v0x640c1c39ad30_0, 0, 32;
T_9.47 ;
    %end;
S_0x640c1c399610 .scope task, "wait_for_tx_and_rx" "wait_for_tx_and_rx" 4 131, 4 131 0, S_0x640c1c3771e0;
 .timescale -9 -12;
v0x640c1c3997f0_0 .var "gf", 0 0;
v0x640c1c3998d0_0 .var "gp", 0 0;
v0x640c1c399990_0 .var "gv", 0 0;
TD_uart_vectors_tb.wait_for_tx_and_rx ;
    %fork t_1, S_0x640c1c399610;
    %fork t_2, S_0x640c1c399610;
    %join;
    %join;
    %jmp t_0;
t_1 ;
    %fork TD_uart_vectors_tb.wait_for_tx_done, S_0x640c1c399a60;
    %join;
    %end;
t_2 ;
    %fork TD_uart_vectors_tb.wait_for_rx_outcome, S_0x640c1c399110;
    %join;
    %load/vec4 v0x640c1c399490_0;
    %store/vec4 v0x640c1c399990_0, 0, 1;
    %load/vec4 v0x640c1c3993d0_0;
    %store/vec4 v0x640c1c3998d0_0, 0, 1;
    %load/vec4 v0x640c1c3992f0_0;
    %store/vec4 v0x640c1c3997f0_0, 0, 1;
    %end;
    .scope S_0x640c1c399610;
t_0 ;
    %end;
S_0x640c1c399a60 .scope task, "wait_for_tx_done" "wait_for_tx_done" 4 75, 4 75 0, S_0x640c1c3771e0;
 .timescale -9 -12;
v0x640c1c399c40_0 .var/i "timeout", 31 0;
TD_uart_vectors_tb.wait_for_tx_done ;
    %pushi/vec4 0, 0, 32;
    %store/vec4 v0x640c1c399c40_0, 0, 32;
T_11.49 ;
    %load/vec4 v0x640c1c39c650_0;
    %cmpi/ne 1, 0, 1;
    %flag_get/vec4 6;
    %jmp/0 T_11.51, 6;
    %load/vec4 v0x640c1c399c40_0;
    %cmpi/s 200000, 0, 32;
    %flag_get/vec4 5;
    %and;
T_11.51;
    %flag_set/vec4 8;
    %jmp/0xz T_11.50, 8;
    %wait E_0x640c1c305bd0;
    %load/vec4 v0x640c1c399c40_0;
    %addi 1, 0, 32;
    %store/vec4 v0x640c1c399c40_0, 0, 32;
    %jmp T_11.49;
T_11.50 ;
    %load/vec4 v0x640c1c399c40_0;
    %cmpi/s 200000, 0, 32;
    %flag_inv 5; GE is !LT
    %jmp/0xz  T_11.52, 5;
    %vpi_call/w 4 87 "$display", "  *** TIMEOUT waiting for tx_done ***" {0 0 0};
    %load/vec4 v0x640c1c39ad30_0;
    %addi 1, 0, 32;
    %store/vec4 v0x640c1c39ad30_0, 0, 32;
T_11.52 ;
    %end;
S_0x640c1c399d40 .scope task, "wait_outcome_even" "wait_outcome_even" 3 104, 3 104 0, S_0x640c1c3771e0;
 .timescale -9 -12;
v0x640c1c399f20_0 .var "gf", 0 0;
v0x640c1c39a000_0 .var "gp", 0 0;
v0x640c1c39a0c0_0 .var "gv", 0 0;
v0x640c1c39a190_0 .var/i "timeout", 31 0;
TD_uart_vectors_tb.wait_outcome_even ;
    %pushi/vec4 0, 0, 32;
    %store/vec4 v0x640c1c39a190_0, 0, 32;
    %pushi/vec4 0, 0, 1;
    %store/vec4 v0x640c1c39a0c0_0, 0, 1;
    %pushi/vec4 0, 0, 1;
    %store/vec4 v0x640c1c39a000_0, 0, 1;
    %pushi/vec4 0, 0, 1;
    %store/vec4 v0x640c1c399f20_0, 0, 1;
T_12.54 ;
    %load/vec4 v0x640c1c39a0c0_0;
    %nor/r;
    %flag_set/vec4 11;
    %flag_get/vec4 11;
    %jmp/0 T_12.58, 11;
    %load/vec4 v0x640c1c39a000_0;
    %nor/r;
    %and;
T_12.58;
    %flag_set/vec4 10;
    %flag_get/vec4 10;
    %jmp/0 T_12.57, 10;
    %load/vec4 v0x640c1c399f20_0;
    %nor/r;
    %and;
T_12.57;
    %flag_set/vec4 9;
    %flag_get/vec4 9;
    %jmp/0 T_12.56, 9;
    %load/vec4 v0x640c1c39a190_0;
    %cmpi/s 200000, 0, 32;
    %flag_get/vec4 5;
    %and;
T_12.56;
    %flag_set/vec4 8;
    %jmp/0xz T_12.55, 8;
    %wait E_0x640c1c305bd0;
    %load/vec4 v0x640c1c39c2b0_0;
    %flag_set/vec4 8;
    %jmp/0xz  T_12.59, 8;
    %pushi/vec4 1, 0, 1;
    %store/vec4 v0x640c1c39a0c0_0, 0, 1;
T_12.59 ;
    %load/vec4 v0x640c1c39b820_0;
    %flag_set/vec4 8;
    %jmp/0xz  T_12.61, 8;
    %pushi/vec4 1, 0, 1;
    %store/vec4 v0x640c1c39a000_0, 0, 1;
T_12.61 ;
    %load/vec4 v0x640c1c39af90_0;
    %flag_set/vec4 8;
    %jmp/0xz  T_12.63, 8;
    %pushi/vec4 1, 0, 1;
    %store/vec4 v0x640c1c399f20_0, 0, 1;
T_12.63 ;
    %load/vec4 v0x640c1c39a190_0;
    %addi 1, 0, 32;
    %store/vec4 v0x640c1c39a190_0, 0, 32;
    %jmp T_12.54;
T_12.55 ;
    %end;
S_0x640c1c39a270 .scope task, "wait_outcome_odd" "wait_outcome_odd" 3 117, 3 117 0, S_0x640c1c3771e0;
 .timescale -9 -12;
v0x640c1c39a450_0 .var "gf", 0 0;
v0x640c1c39a530_0 .var "gp", 0 0;
v0x640c1c39a5f0_0 .var "gv", 0 0;
v0x640c1c39a6c0_0 .var/i "timeout", 31 0;
TD_uart_vectors_tb.wait_outcome_odd ;
    %pushi/vec4 0, 0, 32;
    %store/vec4 v0x640c1c39a6c0_0, 0, 32;
    %pushi/vec4 0, 0, 1;
    %store/vec4 v0x640c1c39a5f0_0, 0, 1;
    %pushi/vec4 0, 0, 1;
    %store/vec4 v0x640c1c39a530_0, 0, 1;
    %pushi/vec4 0, 0, 1;
    %store/vec4 v0x640c1c39a450_0, 0, 1;
T_13.65 ;
    %load/vec4 v0x640c1c39a5f0_0;
    %nor/r;
    %flag_set/vec4 11;
    %flag_get/vec4 11;
    %jmp/0 T_13.69, 11;
    %load/vec4 v0x640c1c39a530_0;
    %nor/r;
    %and;
T_13.69;
    %flag_set/vec4 10;
    %flag_get/vec4 10;
    %jmp/0 T_13.68, 10;
    %load/vec4 v0x640c1c39a450_0;
    %nor/r;
    %and;
T_13.68;
    %flag_set/vec4 9;
    %flag_get/vec4 9;
    %jmp/0 T_13.67, 9;
    %load/vec4 v0x640c1c39a6c0_0;
    %cmpi/s 200000, 0, 32;
    %flag_get/vec4 5;
    %and;
T_13.67;
    %flag_set/vec4 8;
    %jmp/0xz T_13.66, 8;
    %wait E_0x640c1c305bd0;
    %load/vec4 v0x640c1c39c380_0;
    %flag_set/vec4 8;
    %jmp/0xz  T_13.70, 8;
    %pushi/vec4 1, 0, 1;
    %store/vec4 v0x640c1c39a5f0_0, 0, 1;
T_13.70 ;
    %load/vec4 v0x640c1c39b8f0_0;
    %flag_set/vec4 8;
    %jmp/0xz  T_13.72, 8;
    %pushi/vec4 1, 0, 1;
    %store/vec4 v0x640c1c39a530_0, 0, 1;
T_13.72 ;
    %load/vec4 v0x640c1c39b030_0;
    %flag_set/vec4 8;
    %jmp/0xz  T_13.74, 8;
    %pushi/vec4 1, 0, 1;
    %store/vec4 v0x640c1c39a450_0, 0, 1;
T_13.74 ;
    %load/vec4 v0x640c1c39a6c0_0;
    %addi 1, 0, 32;
    %store/vec4 v0x640c1c39a6c0_0, 0, 32;
    %jmp T_13.65;
T_13.66 ;
    %end;
    .scope S_0x640c1c394820;
T_14 ;
    %wait E_0x640c1c2fea90;
    %load/vec4 v0x640c1c395b70_0;
    %flag_set/vec4 8;
    %jmp/0xz  T_14.0, 8;
    %pushi/vec4 1, 0, 1;
    %assign/vec4 v0x640c1c3960f0_0, 0;
    %pushi/vec4 1, 0, 1;
    %assign/vec4 v0x640c1c3961b0_0, 0;
    %jmp T_14.1;
T_14.0 ;
    %load/vec4 v0x640c1c395c30_0;
    %assign/vec4 v0x640c1c3960f0_0, 0;
    %load/vec4 v0x640c1c3960f0_0;
    %assign/vec4 v0x640c1c3961b0_0, 0;
T_14.1 ;
    %jmp T_14;
    .thread T_14;
    .scope S_0x640c1c394820;
T_15 ;
    %wait E_0x640c1c2fea90;
    %load/vec4 v0x640c1c395b70_0;
    %flag_set/vec4 8;
    %jmp/0xz  T_15.0, 8;
    %pushi/vec4 0, 0, 7;
    %assign/vec4 v0x640c1c3959d0_0, 0;
    %jmp T_15.1;
T_15.0 ;
    %load/vec4 v0x640c1c395f50_0;
    %cmpi/e 0, 0, 1;
    %jmp/0xz  T_15.2, 4;
    %load/vec4 v0x640c1c3959d0_0;
    %pad/u 32;
    %cmpi/u 120, 0, 32;
    %jmp/0xz  T_15.4, 5;
    %load/vec4 v0x640c1c3959d0_0;
    %addi 1, 0, 7;
    %assign/vec4 v0x640c1c3959d0_0, 0;
T_15.4 ;
    %jmp T_15.3;
T_15.2 ;
    %pushi/vec4 0, 0, 7;
    %assign/vec4 v0x640c1c3959d0_0, 0;
T_15.3 ;
T_15.1 ;
    %jmp T_15;
    .thread T_15;
    .scope S_0x640c1c394820;
T_16 ;
    %wait E_0x640c1c2fea90;
    %load/vec4 v0x640c1c395b70_0;
    %flag_set/vec4 8;
    %jmp/0xz  T_16.0, 8;
    %pushi/vec4 0, 0, 3;
    %assign/vec4 v0x640c1c396330_0, 0;
    %pushi/vec4 0, 0, 4;
    %assign/vec4 v0x640c1c395770_0, 0;
    %pushi/vec4 0, 0, 3;
    %assign/vec4 v0x640c1c3954c0_0, 0;
    %pushi/vec4 0, 0, 8;
    %assign/vec4 v0x640c1c396010_0, 0;
    %pushi/vec4 0, 0, 1;
    %assign/vec4 v0x640c1c395e90_0, 0;
    %pushi/vec4 0, 0, 8;
    %assign/vec4 v0x640c1c395db0_0, 0;
    %pushi/vec4 0, 0, 1;
    %assign/vec4 v0x640c1c396270_0, 0;
    %pushi/vec4 0, 0, 1;
    %assign/vec4 v0x640c1c395cf0_0, 0;
    %pushi/vec4 0, 0, 1;
    %assign/vec4 v0x640c1c395ab0_0, 0;
    %pushi/vec4 0, 0, 1;
    %assign/vec4 v0x640c1c395910_0, 0;
    %jmp T_16.1;
T_16.0 ;
    %pushi/vec4 0, 0, 1;
    %assign/vec4 v0x640c1c396270_0, 0;
    %pushi/vec4 0, 0, 1;
    %assign/vec4 v0x640c1c395ab0_0, 0;
    %pushi/vec4 0, 0, 1;
    %assign/vec4 v0x640c1c395910_0, 0;
    %load/vec4 v0x640c1c3955a0_0;
    %flag_set/vec4 10;
    %flag_get/vec4 10;
    %jmp/0 T_16.5, 10;
    %load/vec4 v0x640c1c396330_0;
    %pushi/vec4 0, 0, 3;
    %cmp/ne;
    %flag_get/vec4 4;
    %and;
T_16.5;
    %flag_set/vec4 9;
    %flag_get/vec4 9;
    %jmp/0 T_16.4, 9;
    %load/vec4 v0x640c1c396330_0;
    %pushi/vec4 5, 0, 3;
    %cmp/ne;
    %flag_get/vec4 4;
    %and;
T_16.4;
    %flag_set/vec4 8;
    %jmp/0xz  T_16.2, 8;
    %pushi/vec4 5, 0, 3;
    %assign/vec4 v0x640c1c396330_0, 0;
    %pushi/vec4 1, 0, 1;
    %assign/vec4 v0x640c1c395cf0_0, 0;
    %jmp T_16.3;
T_16.2 ;
    %load/vec4 v0x640c1c396330_0;
    %dup/vec4;
    %pushi/vec4 0, 0, 3;
    %cmp/u;
    %jmp/1 T_16.6, 6;
    %dup/vec4;
    %pushi/vec4 1, 0, 3;
    %cmp/u;
    %jmp/1 T_16.7, 6;
    %dup/vec4;
    %pushi/vec4 2, 0, 3;
    %cmp/u;
    %jmp/1 T_16.8, 6;
    %dup/vec4;
    %pushi/vec4 3, 0, 3;
    %cmp/u;
    %jmp/1 T_16.9, 6;
    %dup/vec4;
    %pushi/vec4 4, 0, 3;
    %cmp/u;
    %jmp/1 T_16.10, 6;
    %dup/vec4;
    %pushi/vec4 5, 0, 3;
    %cmp/u;
    %jmp/1 T_16.11, 6;
    %pushi/vec4 0, 0, 3;
    %assign/vec4 v0x640c1c396330_0, 0;
    %jmp T_16.13;
T_16.6 ;
    %pushi/vec4 0, 0, 1;
    %assign/vec4 v0x640c1c395cf0_0, 0;
    %load/vec4 v0x640c1c395f50_0;
    %cmpi/e 0, 0, 1;
    %jmp/0xz  T_16.14, 4;
    %pushi/vec4 1, 0, 1;
    %assign/vec4 v0x640c1c395cf0_0, 0;
    %pushi/vec4 0, 0, 4;
    %assign/vec4 v0x640c1c395770_0, 0;
    %pushi/vec4 1, 0, 3;
    %assign/vec4 v0x640c1c396330_0, 0;
T_16.14 ;
    %jmp T_16.13;
T_16.7 ;
    %load/vec4 v0x640c1c395770_0;
    %pad/u 32;
    %cmpi/e 4, 0, 32;
    %jmp/0xz  T_16.16, 4;
    %load/vec4 v0x640c1c395f50_0;
    %cmpi/e 0, 0, 1;
    %jmp/0xz  T_16.18, 4;
    %pushi/vec4 0, 0, 4;
    %assign/vec4 v0x640c1c395770_0, 0;
    %pushi/vec4 0, 0, 3;
    %assign/vec4 v0x640c1c3954c0_0, 0;
    %pushi/vec4 2, 0, 3;
    %assign/vec4 v0x640c1c396330_0, 0;
    %jmp T_16.19;
T_16.18 ;
    %pushi/vec4 0, 0, 1;
    %assign/vec4 v0x640c1c395cf0_0, 0;
    %pushi/vec4 0, 0, 3;
    %assign/vec4 v0x640c1c396330_0, 0;
T_16.19 ;
    %jmp T_16.17;
T_16.16 ;
    %load/vec4 v0x640c1c395770_0;
    %addi 1, 0, 4;
    %assign/vec4 v0x640c1c395770_0, 0;
T_16.17 ;
    %jmp T_16.13;
T_16.8 ;
    %load/vec4 v0x640c1c395770_0;
    %pad/u 32;
    %cmpi/e 9, 0, 32;
    %jmp/0xz  T_16.20, 4;
    %pushi/vec4 0, 0, 4;
    %assign/vec4 v0x640c1c395770_0, 0;
    %load/vec4 v0x640c1c395f50_0;
    %ix/load 5, 0, 0;
    %ix/getv 4, v0x640c1c3954c0_0;
    %assign/vec4/off/d v0x640c1c396010_0, 4, 5;
    %load/vec4 v0x640c1c3954c0_0;
    %pad/u 32;
    %cmpi/e 7, 0, 32;
    %jmp/0xz  T_16.22, 4;
    %pushi/vec4 3, 0, 3;
    %assign/vec4 v0x640c1c396330_0, 0;
    %jmp T_16.23;
T_16.22 ;
    %load/vec4 v0x640c1c3954c0_0;
    %addi 1, 0, 3;
    %assign/vec4 v0x640c1c3954c0_0, 0;
T_16.23 ;
    %jmp T_16.21;
T_16.20 ;
    %load/vec4 v0x640c1c395770_0;
    %addi 1, 0, 4;
    %assign/vec4 v0x640c1c395770_0, 0;
T_16.21 ;
    %jmp T_16.13;
T_16.9 ;
    %load/vec4 v0x640c1c395770_0;
    %pad/u 32;
    %cmpi/e 9, 0, 32;
    %jmp/0xz  T_16.24, 4;
    %pushi/vec4 0, 0, 4;
    %assign/vec4 v0x640c1c395770_0, 0;
    %load/vec4 v0x640c1c395f50_0;
    %assign/vec4 v0x640c1c395e90_0, 0;
    %pushi/vec4 4, 0, 3;
    %assign/vec4 v0x640c1c396330_0, 0;
    %jmp T_16.25;
T_16.24 ;
    %load/vec4 v0x640c1c395770_0;
    %addi 1, 0, 4;
    %assign/vec4 v0x640c1c395770_0, 0;
T_16.25 ;
    %jmp T_16.13;
T_16.10 ;
    %load/vec4 v0x640c1c395770_0;
    %pad/u 32;
    %cmpi/e 9, 0, 32;
    %jmp/0xz  T_16.26, 4;
    %pushi/vec4 0, 0, 1;
    %assign/vec4 v0x640c1c395cf0_0, 0;
    %pushi/vec4 0, 0, 3;
    %assign/vec4 v0x640c1c396330_0, 0;
    %load/vec4 v0x640c1c396010_0;
    %assign/vec4 v0x640c1c395db0_0, 0;
    %load/vec4 v0x640c1c395f50_0;
    %cmpi/e 1, 0, 1;
    %jmp/0xz  T_16.28, 4;
    %pushi/vec4 0, 0, 1;
    %flag_set/vec4 8;
    %jmp/1 T_16.32, 8;
    %load/vec4 v0x640c1c395e90_0;
    %load/vec4 v0x640c1c395850_0;
    %cmp/e;
    %flag_or 8, 4;
T_16.32;
    %jmp/0xz  T_16.30, 8;
    %pushi/vec4 1, 0, 1;
    %assign/vec4 v0x640c1c396270_0, 0;
    %jmp T_16.31;
T_16.30 ;
    %pushi/vec4 1, 0, 1;
    %assign/vec4 v0x640c1c395ab0_0, 0;
T_16.31 ;
    %jmp T_16.29;
T_16.28 ;
    %pushi/vec4 1, 0, 1;
    %assign/vec4 v0x640c1c395910_0, 0;
    %pushi/vec4 1, 0, 1;
    %flag_set/vec4 9;
    %flag_get/vec4 9;
    %jmp/0 T_16.35, 9;
    %load/vec4 v0x640c1c395e90_0;
    %load/vec4 v0x640c1c395850_0;
    %cmp/ne;
    %flag_get/vec4 4;
    %and;
T_16.35;
    %flag_set/vec4 8;
    %jmp/0xz  T_16.33, 8;
    %pushi/vec4 1, 0, 1;
    %assign/vec4 v0x640c1c395ab0_0, 0;
T_16.33 ;
T_16.29 ;
    %jmp T_16.27;
T_16.26 ;
    %load/vec4 v0x640c1c395770_0;
    %addi 1, 0, 4;
    %assign/vec4 v0x640c1c395770_0, 0;
T_16.27 ;
    %jmp T_16.13;
T_16.11 ;
    %pushi/vec4 1, 0, 1;
    %assign/vec4 v0x640c1c395cf0_0, 0;
    %load/vec4 v0x640c1c395f50_0;
    %cmpi/e 1, 0, 1;
    %jmp/0xz  T_16.36, 4;
    %pushi/vec4 0, 0, 1;
    %assign/vec4 v0x640c1c395cf0_0, 0;
    %pushi/vec4 0, 0, 3;
    %assign/vec4 v0x640c1c396330_0, 0;
T_16.36 ;
    %jmp T_16.13;
T_16.13 ;
    %pop/vec4 1;
T_16.3 ;
T_16.1 ;
    %jmp T_16;
    .thread T_16;
    .scope S_0x640c1c396530;
T_17 ;
    %wait E_0x640c1c2fea90;
    %load/vec4 v0x640c1c397ca0_0;
    %flag_set/vec4 8;
    %jmp/0xz  T_17.0, 8;
    %pushi/vec4 1, 0, 1;
    %assign/vec4 v0x640c1c398210_0, 0;
    %pushi/vec4 1, 0, 1;
    %assign/vec4 v0x640c1c3982d0_0, 0;
    %jmp T_17.1;
T_17.0 ;
    %load/vec4 v0x640c1c397d70_0;
    %assign/vec4 v0x640c1c398210_0, 0;
    %load/vec4 v0x640c1c398210_0;
    %assign/vec4 v0x640c1c3982d0_0, 0;
T_17.1 ;
    %jmp T_17;
    .thread T_17;
    .scope S_0x640c1c396530;
T_18 ;
    %wait E_0x640c1c2fea90;
    %load/vec4 v0x640c1c397ca0_0;
    %flag_set/vec4 8;
    %jmp/0xz  T_18.0, 8;
    %pushi/vec4 0, 0, 7;
    %assign/vec4 v0x640c1c397b00_0, 0;
    %jmp T_18.1;
T_18.0 ;
    %load/vec4 v0x640c1c398070_0;
    %cmpi/e 0, 0, 1;
    %jmp/0xz  T_18.2, 4;
    %load/vec4 v0x640c1c397b00_0;
    %pad/u 32;
    %cmpi/u 120, 0, 32;
    %jmp/0xz  T_18.4, 5;
    %load/vec4 v0x640c1c397b00_0;
    %addi 1, 0, 7;
    %assign/vec4 v0x640c1c397b00_0, 0;
T_18.4 ;
    %jmp T_18.3;
T_18.2 ;
    %pushi/vec4 0, 0, 7;
    %assign/vec4 v0x640c1c397b00_0, 0;
T_18.3 ;
T_18.1 ;
    %jmp T_18;
    .thread T_18;
    .scope S_0x640c1c396530;
T_19 ;
    %wait E_0x640c1c2fea90;
    %load/vec4 v0x640c1c397ca0_0;
    %flag_set/vec4 8;
    %jmp/0xz  T_19.0, 8;
    %pushi/vec4 0, 0, 3;
    %assign/vec4 v0x640c1c398450_0, 0;
    %pushi/vec4 0, 0, 4;
    %assign/vec4 v0x640c1c3978c0_0, 0;
    %pushi/vec4 0, 0, 3;
    %assign/vec4 v0x640c1c397630_0, 0;
    %pushi/vec4 0, 0, 8;
    %assign/vec4 v0x640c1c398130_0, 0;
    %pushi/vec4 0, 0, 1;
    %assign/vec4 v0x640c1c397fb0_0, 0;
    %pushi/vec4 0, 0, 8;
    %assign/vec4 v0x640c1c397ed0_0, 0;
    %pushi/vec4 0, 0, 1;
    %assign/vec4 v0x640c1c398390_0, 0;
    %pushi/vec4 0, 0, 1;
    %assign/vec4 v0x640c1c397e10_0, 0;
    %pushi/vec4 0, 0, 1;
    %assign/vec4 v0x640c1c397be0_0, 0;
    %pushi/vec4 0, 0, 1;
    %assign/vec4 v0x640c1c397a40_0, 0;
    %jmp T_19.1;
T_19.0 ;
    %pushi/vec4 0, 0, 1;
    %assign/vec4 v0x640c1c398390_0, 0;
    %pushi/vec4 0, 0, 1;
    %assign/vec4 v0x640c1c397be0_0, 0;
    %pushi/vec4 0, 0, 1;
    %assign/vec4 v0x640c1c397a40_0, 0;
    %load/vec4 v0x640c1c397760_0;
    %flag_set/vec4 10;
    %flag_get/vec4 10;
    %jmp/0 T_19.5, 10;
    %load/vec4 v0x640c1c398450_0;
    %pushi/vec4 0, 0, 3;
    %cmp/ne;
    %flag_get/vec4 4;
    %and;
T_19.5;
    %flag_set/vec4 9;
    %flag_get/vec4 9;
    %jmp/0 T_19.4, 9;
    %load/vec4 v0x640c1c398450_0;
    %pushi/vec4 5, 0, 3;
    %cmp/ne;
    %flag_get/vec4 4;
    %and;
T_19.4;
    %flag_set/vec4 8;
    %jmp/0xz  T_19.2, 8;
    %pushi/vec4 5, 0, 3;
    %assign/vec4 v0x640c1c398450_0, 0;
    %pushi/vec4 1, 0, 1;
    %assign/vec4 v0x640c1c397e10_0, 0;
    %jmp T_19.3;
T_19.2 ;
    %load/vec4 v0x640c1c398450_0;
    %dup/vec4;
    %pushi/vec4 0, 0, 3;
    %cmp/u;
    %jmp/1 T_19.6, 6;
    %dup/vec4;
    %pushi/vec4 1, 0, 3;
    %cmp/u;
    %jmp/1 T_19.7, 6;
    %dup/vec4;
    %pushi/vec4 2, 0, 3;
    %cmp/u;
    %jmp/1 T_19.8, 6;
    %dup/vec4;
    %pushi/vec4 3, 0, 3;
    %cmp/u;
    %jmp/1 T_19.9, 6;
    %dup/vec4;
    %pushi/vec4 4, 0, 3;
    %cmp/u;
    %jmp/1 T_19.10, 6;
    %dup/vec4;
    %pushi/vec4 5, 0, 3;
    %cmp/u;
    %jmp/1 T_19.11, 6;
    %pushi/vec4 0, 0, 3;
    %assign/vec4 v0x640c1c398450_0, 0;
    %jmp T_19.13;
T_19.6 ;
    %pushi/vec4 0, 0, 1;
    %assign/vec4 v0x640c1c397e10_0, 0;
    %load/vec4 v0x640c1c398070_0;
    %cmpi/e 0, 0, 1;
    %jmp/0xz  T_19.14, 4;
    %pushi/vec4 1, 0, 1;
    %assign/vec4 v0x640c1c397e10_0, 0;
    %pushi/vec4 0, 0, 4;
    %assign/vec4 v0x640c1c3978c0_0, 0;
    %pushi/vec4 1, 0, 3;
    %assign/vec4 v0x640c1c398450_0, 0;
T_19.14 ;
    %jmp T_19.13;
T_19.7 ;
    %load/vec4 v0x640c1c3978c0_0;
    %pad/u 32;
    %cmpi/e 4, 0, 32;
    %jmp/0xz  T_19.16, 4;
    %load/vec4 v0x640c1c398070_0;
    %cmpi/e 0, 0, 1;
    %jmp/0xz  T_19.18, 4;
    %pushi/vec4 0, 0, 4;
    %assign/vec4 v0x640c1c3978c0_0, 0;
    %pushi/vec4 0, 0, 3;
    %assign/vec4 v0x640c1c397630_0, 0;
    %pushi/vec4 2, 0, 3;
    %assign/vec4 v0x640c1c398450_0, 0;
    %jmp T_19.19;
T_19.18 ;
    %pushi/vec4 0, 0, 1;
    %assign/vec4 v0x640c1c397e10_0, 0;
    %pushi/vec4 0, 0, 3;
    %assign/vec4 v0x640c1c398450_0, 0;
T_19.19 ;
    %jmp T_19.17;
T_19.16 ;
    %load/vec4 v0x640c1c3978c0_0;
    %addi 1, 0, 4;
    %assign/vec4 v0x640c1c3978c0_0, 0;
T_19.17 ;
    %jmp T_19.13;
T_19.8 ;
    %load/vec4 v0x640c1c3978c0_0;
    %pad/u 32;
    %cmpi/e 9, 0, 32;
    %jmp/0xz  T_19.20, 4;
    %pushi/vec4 0, 0, 4;
    %assign/vec4 v0x640c1c3978c0_0, 0;
    %load/vec4 v0x640c1c398070_0;
    %ix/load 5, 0, 0;
    %ix/getv 4, v0x640c1c397630_0;
    %assign/vec4/off/d v0x640c1c398130_0, 4, 5;
    %load/vec4 v0x640c1c397630_0;
    %pad/u 32;
    %cmpi/e 7, 0, 32;
    %jmp/0xz  T_19.22, 4;
    %pushi/vec4 3, 0, 3;
    %assign/vec4 v0x640c1c398450_0, 0;
    %jmp T_19.23;
T_19.22 ;
    %load/vec4 v0x640c1c397630_0;
    %addi 1, 0, 3;
    %assign/vec4 v0x640c1c397630_0, 0;
T_19.23 ;
    %jmp T_19.21;
T_19.20 ;
    %load/vec4 v0x640c1c3978c0_0;
    %addi 1, 0, 4;
    %assign/vec4 v0x640c1c3978c0_0, 0;
T_19.21 ;
    %jmp T_19.13;
T_19.9 ;
    %load/vec4 v0x640c1c3978c0_0;
    %pad/u 32;
    %cmpi/e 9, 0, 32;
    %jmp/0xz  T_19.24, 4;
    %pushi/vec4 0, 0, 4;
    %assign/vec4 v0x640c1c3978c0_0, 0;
    %load/vec4 v0x640c1c398070_0;
    %assign/vec4 v0x640c1c397fb0_0, 0;
    %pushi/vec4 4, 0, 3;
    %assign/vec4 v0x640c1c398450_0, 0;
    %jmp T_19.25;
T_19.24 ;
    %load/vec4 v0x640c1c3978c0_0;
    %addi 1, 0, 4;
    %assign/vec4 v0x640c1c3978c0_0, 0;
T_19.25 ;
    %jmp T_19.13;
T_19.10 ;
    %load/vec4 v0x640c1c3978c0_0;
    %pad/u 32;
    %cmpi/e 9, 0, 32;
    %jmp/0xz  T_19.26, 4;
    %pushi/vec4 0, 0, 1;
    %assign/vec4 v0x640c1c397e10_0, 0;
    %pushi/vec4 0, 0, 3;
    %assign/vec4 v0x640c1c398450_0, 0;
    %load/vec4 v0x640c1c398130_0;
    %assign/vec4 v0x640c1c397ed0_0, 0;
    %load/vec4 v0x640c1c398070_0;
    %cmpi/e 1, 0, 1;
    %jmp/0xz  T_19.28, 4;
    %pushi/vec4 0, 0, 1;
    %flag_set/vec4 8;
    %jmp/1 T_19.32, 8;
    %load/vec4 v0x640c1c397fb0_0;
    %load/vec4 v0x640c1c397980_0;
    %cmp/e;
    %flag_or 8, 4;
T_19.32;
    %jmp/0xz  T_19.30, 8;
    %pushi/vec4 1, 0, 1;
    %assign/vec4 v0x640c1c398390_0, 0;
    %jmp T_19.31;
T_19.30 ;
    %pushi/vec4 1, 0, 1;
    %assign/vec4 v0x640c1c397be0_0, 0;
T_19.31 ;
    %jmp T_19.29;
T_19.28 ;
    %pushi/vec4 1, 0, 1;
    %assign/vec4 v0x640c1c397a40_0, 0;
    %pushi/vec4 1, 0, 1;
    %flag_set/vec4 9;
    %flag_get/vec4 9;
    %jmp/0 T_19.35, 9;
    %load/vec4 v0x640c1c397fb0_0;
    %load/vec4 v0x640c1c397980_0;
    %cmp/ne;
    %flag_get/vec4 4;
    %and;
T_19.35;
    %flag_set/vec4 8;
    %jmp/0xz  T_19.33, 8;
    %pushi/vec4 1, 0, 1;
    %assign/vec4 v0x640c1c397be0_0, 0;
T_19.33 ;
T_19.29 ;
    %jmp T_19.27;
T_19.26 ;
    %load/vec4 v0x640c1c3978c0_0;
    %addi 1, 0, 4;
    %assign/vec4 v0x640c1c3978c0_0, 0;
T_19.27 ;
    %jmp T_19.13;
T_19.11 ;
    %pushi/vec4 1, 0, 1;
    %assign/vec4 v0x640c1c397e10_0, 0;
    %load/vec4 v0x640c1c398070_0;
    %cmpi/e 1, 0, 1;
    %jmp/0xz  T_19.36, 4;
    %pushi/vec4 0, 0, 1;
    %assign/vec4 v0x640c1c397e10_0, 0;
    %pushi/vec4 0, 0, 3;
    %assign/vec4 v0x640c1c398450_0, 0;
T_19.36 ;
    %jmp T_19.13;
T_19.13 ;
    %pop/vec4 1;
T_19.3 ;
T_19.1 ;
    %jmp T_19;
    .thread T_19;
    .scope S_0x640c1c3771e0;
T_20 ;
    %pushi/vec4 0, 0, 1;
    %store/vec4 v0x640c1c39ab50_0, 0, 1;
    %pushi/vec4 1, 0, 1;
    %store/vec4 v0x640c1c39bb40_0, 0, 1;
    %pushi/vec4 1, 0, 1;
    %store/vec4 v0x640c1c39c070_0, 0, 1;
    %pushi/vec4 1, 0, 1;
    %store/vec4 v0x640c1c39c140_0, 0, 1;
    %pushi/vec4 0, 0, 8;
    %store/vec4 v0x640c1c39c590_0, 0, 8;
    %pushi/vec4 0, 0, 1;
    %store/vec4 v0x640c1c39c7d0_0, 0, 1;
    %pushi/vec4 0, 0, 1;
    %store/vec4 v0x640c1c39c4f0_0, 0, 1;
    %pushi/vec4 0, 0, 1;
    %store/vec4 v0x640c1c39c650_0, 0, 1;
    %pushi/vec4 0, 0, 32;
    %store/vec4 v0x640c1c39b9c0_0, 0, 32;
    %pushi/vec4 0, 0, 32;
    %store/vec4 v0x640c1c39ad30_0, 0, 32;
    %pushi/vec4 0, 0, 32;
    %store/vec4 v0x640c1c39c450_0, 0, 32;
    %end;
    .thread T_20, $init;
    .scope S_0x640c1c3771e0;
T_21 ;
    %delay 5000, 0;
    %load/vec4 v0x640c1c39ab50_0;
    %inv;
    %store/vec4 v0x640c1c39ab50_0, 0, 1;
    %jmp T_21;
    .thread T_21;
    .scope S_0x640c1c3771e0;
T_22 ;
    %pushi/vec4 0, 0, 8;
    %store/vec4 v0x640c1c39c590_0, 0, 8;
    %pushi/vec4 0, 0, 1;
    %store/vec4 v0x640c1c39c7d0_0, 0, 1;
    %vpi_call/w 3 153 "$display", "----------------------------------------" {0 0 0};
    %vpi_call/w 3 154 "$display", "UART RX RANDOMIZED VECTOR REGRESSION (Python reference model)" {0 0 0};
    %vpi_call/w 3 155 "$display", "----------------------------------------" {0 0 0};
    %pushi/vec4 3, 0, 32;
T_22.0 %dup/vec4;
    %pushi/vec4 0, 0, 32;
    %cmp/s;
    %jmp/1xz T_22.1, 5;
    %jmp/1 T_22.1, 4;
    %pushi/vec4 1, 0, 32;
    %sub;
    %wait E_0x640c1c2fea90;
    %jmp T_22.0;
T_22.1 ;
    %pop/vec4 1;
    %pushi/vec4 0, 0, 1;
    %store/vec4 v0x640c1c39bb40_0, 0, 1;
    %wait E_0x640c1c2fea90;
    %vpi_func 3 161 "$fopen" 32, "tb/vectors/random_vectors.txt", "r" {0 0 0};
    %store/vec4 v0x640c1c39adf0_0, 0, 32;
    %load/vec4 v0x640c1c39adf0_0;
    %cmpi/e 0, 0, 32;
    %jmp/0xz  T_22.2, 4;
    %vpi_call/w 3 163 "$display", "*** ERROR: could not open tb/vectors/random_vectors.txt" {0 0 0};
    %vpi_call/w 3 164 "$display", "    Run `make vectors` (or: python3 scripts/gen_vectors.py > tb/vectors/random_vectors.txt)" {0 0 0};
    %vpi_call/w 3 165 "$display", "    from the project root before running this testbench." {0 0 0};
    %vpi_call/w 3 166 "$finish" {0 0 0};
T_22.2 ;
    %pushi/vec4 0, 0, 32;
    %store/vec4 v0x640c1c39c890_0, 0, 32;
T_22.4 ;
    %vpi_func 3 170 "$feof" 32, v0x640c1c39adf0_0 {0 0 0};
    %nor/r;
    %flag_set/vec4 8;
    %jmp/0xz T_22.5, 8;
    %vpi_func 3 171 "$fgets" 32, v0x640c1c39b3b0_0, v0x640c1c39adf0_0 {0 0 0};
    %store/vec4 v0x640c1c39ba60_0, 0, 32;
    %load/vec4 v0x640c1c39ba60_0;
    %cmpi/s 0, 0, 32;
    %flag_or 5, 4; GT is !LE
    %flag_inv 5;
    %jmp/0xz  T_22.6, 5;
    %load/vec4 v0x640c1c39b3b0_0;
    %parti/s 8, 2040, 12;
    %pushi/vec4 35, 0, 8; draw_string_vec4
    %cmp/ne;
    %flag_get/vec4 4;
    %jmp/0 T_22.10, 4;
    %load/vec4 v0x640c1c39b3b0_0;
    %parti/s 8, 2033, 12;
    %pushi/vec4 35, 0, 8; draw_string_vec4
    %cmp/ne;
    %flag_get/vec4 4;
    %and;
T_22.10;
    %flag_set/vec4 8;
    %jmp/0xz  T_22.8, 8;
T_22.8 ;
    %vpi_func 3 179 "$sscanf" 32, v0x640c1c39b3b0_0, "%h %d %d %d %s", v0x640c1c39ac90_0, v0x640c1c39b490_0, v0x640c1c39a7a0_0, v0x640c1c39a8a0_0, v0x640c1c39b680_0 {0 0 0};
    %store/vec4 v0x640c1c39ba60_0, 0, 32;
    %load/vec4 v0x640c1c39ba60_0;
    %cmpi/e 5, 0, 32;
    %jmp/0xz  T_22.11, 4;
    %load/vec4 v0x640c1c39c890_0;
    %addi 1, 0, 32;
    %store/vec4 v0x640c1c39c890_0, 0, 32;
    %load/vec4 v0x640c1c39b490_0;
    %cmpi/e 1, 0, 32;
    %jmp/0xz  T_22.13, 4;
    %fork t_4, S_0x640c1c3771e0;
    %fork t_5, S_0x640c1c3771e0;
    %join;
    %join;
    %jmp t_3;
t_4 ;
    %load/vec4 v0x640c1c39ac90_0;
    %parti/s 8, 0, 2;
    %store/vec4 v0x640c1c393f00_0, 0, 8;
    %load/vec4 v0x640c1c39a7a0_0;
    %parti/s 1, 0, 2;
    %store/vec4 v0x640c1c393d60_0, 0, 1;
    %load/vec4 v0x640c1c39a8a0_0;
    %parti/s 1, 0, 2;
    %store/vec4 v0x640c1c393e40_0, 0, 1;
    %fork TD_uart_vectors_tb.drive_vector_even, S_0x640c1c393af0;
    %join;
    %end;
t_5 ;
    %fork TD_uart_vectors_tb.wait_outcome_even, S_0x640c1c399d40;
    %join;
    %load/vec4 v0x640c1c39a0c0_0;
    %store/vec4 v0x640c1c39b210_0, 0, 1;
    %load/vec4 v0x640c1c39a000_0;
    %store/vec4 v0x640c1c39b170_0, 0, 1;
    %load/vec4 v0x640c1c399f20_0;
    %store/vec4 v0x640c1c39b0d0_0, 0, 1;
    %end;
    .scope S_0x640c1c3771e0;
t_3 ;
    %jmp T_22.14;
T_22.13 ;
    %fork t_7, S_0x640c1c3771e0;
    %fork t_8, S_0x640c1c3771e0;
    %join;
    %join;
    %jmp t_6;
t_7 ;
    %load/vec4 v0x640c1c39ac90_0;
    %parti/s 8, 0, 2;
    %store/vec4 v0x640c1c394570_0, 0, 8;
    %load/vec4 v0x640c1c39a7a0_0;
    %parti/s 1, 0, 2;
    %store/vec4 v0x640c1c3943d0_0, 0, 1;
    %load/vec4 v0x640c1c39a8a0_0;
    %parti/s 1, 0, 2;
    %store/vec4 v0x640c1c3944b0_0, 0, 1;
    %fork TD_uart_vectors_tb.drive_vector_odd, S_0x640c1c3941b0;
    %join;
    %end;
t_8 ;
    %fork TD_uart_vectors_tb.wait_outcome_odd, S_0x640c1c39a270;
    %join;
    %load/vec4 v0x640c1c39a5f0_0;
    %store/vec4 v0x640c1c39b210_0, 0, 1;
    %load/vec4 v0x640c1c39a530_0;
    %store/vec4 v0x640c1c39b170_0, 0, 1;
    %load/vec4 v0x640c1c39a450_0;
    %store/vec4 v0x640c1c39b0d0_0, 0, 1;
    %end;
    .scope S_0x640c1c3771e0;
t_6 ;
T_22.14 ;
    %load/vec4 v0x640c1c39b680_0;
    %pushi/vec4 0, 0, 32; draw_string_vec4
    %pushi/vec4 0, 0, 32; draw_string_vec4
    %concat/vec4; draw_string_vec4
    %pushi/vec4 86, 0, 32; draw_string_vec4
    %concat/vec4; draw_string_vec4
    %pushi/vec4 1095518532, 0, 32; draw_string_vec4
    %concat/vec4; draw_string_vec4
    %cmp/e;
    %jmp/0xz  T_22.15, 4;
    %pushi/vec4 0, 0, 32; draw_string_vec4
    %pushi/vec4 0, 0, 32; draw_string_vec4
    %concat/vec4; draw_string_vec4
    %pushi/vec4 0, 0, 32; draw_string_vec4
    %concat/vec4; draw_string_vec4
    %pushi/vec4 0, 0, 32; draw_string_vec4
    %concat/vec4; draw_string_vec4
    %pushi/vec4 0, 0, 32; draw_string_vec4
    %concat/vec4; draw_string_vec4
    %pushi/vec4 0, 0, 32; draw_string_vec4
    %concat/vec4; draw_string_vec4
    %pushi/vec4 0, 0, 32; draw_string_vec4
    %concat/vec4; draw_string_vec4
    %pushi/vec4 22117, 0, 32; draw_string_vec4
    %concat/vec4; draw_string_vec4
    %pushi/vec4 1668575090, 0, 32; draw_string_vec4
    %concat/vec4; draw_string_vec4
    %pushi/vec4 975201656, 0, 32; draw_string_vec4
    %concat/vec4; draw_string_vec4
    %pushi/vec4 1885692788, 0, 32; draw_string_vec4
    %concat/vec4; draw_string_vec4
    %pushi/vec4 1701060694, 0, 32; draw_string_vec4
    %concat/vec4; draw_string_vec4
    %pushi/vec4 1095518532, 0, 32; draw_string_vec4
    %concat/vec4; draw_string_vec4
    %store/vec4 v0x640c1c348d50_0, 0, 416;
    %load/vec4 v0x640c1c39b210_0;
    %flag_set/vec4 9;
    %flag_get/vec4 9;
    %jmp/0 T_22.18, 9;
    %load/vec4 v0x640c1c39b170_0;
    %nor/r;
    %and;
T_22.18;
    %flag_set/vec4 8;
    %flag_get/vec4 8;
    %jmp/0 T_22.17, 8;
    %load/vec4 v0x640c1c39b0d0_0;
    %nor/r;
    %and;
T_22.17;
    %store/vec4 v0x640c1c349aa0_0, 0, 1;
    %fork TD_uart_vectors_tb.check_cond, S_0x640c1c393430;
    %join;
    %jmp T_22.16;
T_22.15 ;
    %load/vec4 v0x640c1c39b680_0;
    %pushi/vec4 0, 0, 32; draw_string_vec4
    %pushi/vec4 1346458185, 0, 32; draw_string_vec4
    %concat/vec4; draw_string_vec4
    %pushi/vec4 1415143237, 0, 32; draw_string_vec4
    %concat/vec4; draw_string_vec4
    %pushi/vec4 1381125970, 0, 32; draw_string_vec4
    %concat/vec4; draw_string_vec4
    %cmp/e;
    %jmp/0xz  T_22.19, 4;
    %pushi/vec4 0, 0, 32; draw_string_vec4
    %pushi/vec4 0, 0, 32; draw_string_vec4
    %concat/vec4; draw_string_vec4
    %pushi/vec4 0, 0, 32; draw_string_vec4
    %concat/vec4; draw_string_vec4
    %pushi/vec4 0, 0, 32; draw_string_vec4
    %concat/vec4; draw_string_vec4
    %pushi/vec4 0, 0, 32; draw_string_vec4
    %concat/vec4; draw_string_vec4
    %pushi/vec4 86, 0, 32; draw_string_vec4
    %concat/vec4; draw_string_vec4
    %pushi/vec4 1701016687, 0, 32; draw_string_vec4
    %concat/vec4; draw_string_vec4
    %pushi/vec4 1916412005, 0, 32; draw_string_vec4
    %concat/vec4; draw_string_vec4
    %pushi/vec4 2020631907, 0, 32; draw_string_vec4
    %concat/vec4; draw_string_vec4
    %pushi/vec4 1952801824, 0, 32; draw_string_vec4
    %concat/vec4; draw_string_vec4
    %pushi/vec4 1346458185, 0, 32; draw_string_vec4
    %concat/vec4; draw_string_vec4
    %pushi/vec4 1415143237, 0, 32; draw_string_vec4
    %concat/vec4; draw_string_vec4
    %pushi/vec4 1381125970, 0, 32; draw_string_vec4
    %concat/vec4; draw_string_vec4
    %store/vec4 v0x640c1c348d50_0, 0, 416;
    %load/vec4 v0x640c1c39b170_0;
    %flag_set/vec4 9;
    %flag_get/vec4 9;
    %jmp/0 T_22.22, 9;
    %load/vec4 v0x640c1c39b210_0;
    %nor/r;
    %and;
T_22.22;
    %flag_set/vec4 8;
    %flag_get/vec4 8;
    %jmp/0 T_22.21, 8;
    %load/vec4 v0x640c1c39b0d0_0;
    %nor/r;
    %and;
T_22.21;
    %store/vec4 v0x640c1c349aa0_0, 0, 1;
    %fork TD_uart_vectors_tb.check_cond, S_0x640c1c393430;
    %join;
    %jmp T_22.20;
T_22.19 ;
    %load/vec4 v0x640c1c39b680_0;
    %pushi/vec4 70, 0, 32; draw_string_vec4
    %pushi/vec4 1380011337, 0, 32; draw_string_vec4
    %concat/vec4; draw_string_vec4
    %pushi/vec4 1313300293, 0, 32; draw_string_vec4
    %concat/vec4; draw_string_vec4
    %pushi/vec4 1381125970, 0, 32; draw_string_vec4
    %concat/vec4; draw_string_vec4
    %cmp/e;
    %jmp/0xz  T_22.23, 4;
    %pushi/vec4 0, 0, 32; draw_string_vec4
    %pushi/vec4 0, 0, 32; draw_string_vec4
    %concat/vec4; draw_string_vec4
    %pushi/vec4 0, 0, 32; draw_string_vec4
    %concat/vec4; draw_string_vec4
    %pushi/vec4 0, 0, 32; draw_string_vec4
    %concat/vec4; draw_string_vec4
    %pushi/vec4 0, 0, 32; draw_string_vec4
    %concat/vec4; draw_string_vec4
    %pushi/vec4 22117, 0, 32; draw_string_vec4
    %concat/vec4; draw_string_vec4
    %pushi/vec4 1668575090, 0, 32; draw_string_vec4
    %concat/vec4; draw_string_vec4
    %pushi/vec4 975201656, 0, 32; draw_string_vec4
    %concat/vec4; draw_string_vec4
    %pushi/vec4 1885692788, 0, 32; draw_string_vec4
    %concat/vec4; draw_string_vec4
    %pushi/vec4 1701060678, 0, 32; draw_string_vec4
    %concat/vec4; draw_string_vec4
    %pushi/vec4 1380011337, 0, 32; draw_string_vec4
    %concat/vec4; draw_string_vec4
    %pushi/vec4 1313300293, 0, 32; draw_string_vec4
    %concat/vec4; draw_string_vec4
    %pushi/vec4 1381125970, 0, 32; draw_string_vec4
    %concat/vec4; draw_string_vec4
    %store/vec4 v0x640c1c348d50_0, 0, 416;
    %load/vec4 v0x640c1c39b0d0_0;
    %flag_set/vec4 9;
    %flag_get/vec4 9;
    %jmp/0 T_22.26, 9;
    %load/vec4 v0x640c1c39b210_0;
    %nor/r;
    %and;
T_22.26;
    %flag_set/vec4 8;
    %flag_get/vec4 8;
    %jmp/0 T_22.25, 8;
    %load/vec4 v0x640c1c39b170_0;
    %nor/r;
    %and;
T_22.25;
    %store/vec4 v0x640c1c349aa0_0, 0, 1;
    %fork TD_uart_vectors_tb.check_cond, S_0x640c1c393430;
    %join;
    %jmp T_22.24;
T_22.23 ;
    %load/vec4 v0x640c1c39b680_0;
    %pushi/vec4 0, 0, 32; draw_string_vec4
    %pushi/vec4 4345684, 0, 32; draw_string_vec4
    %concat/vec4; draw_string_vec4
    %pushi/vec4 1214203218, 0, 32; draw_string_vec4
    %concat/vec4; draw_string_vec4
    %pushi/vec4 1380930131, 0, 32; draw_string_vec4
    %concat/vec4; draw_string_vec4
    %cmp/e;
    %jmp/0xz  T_22.27, 4;
    %pushi/vec4 0, 0, 32; draw_string_vec4
    %pushi/vec4 0, 0, 32; draw_string_vec4
    %concat/vec4; draw_string_vec4
    %pushi/vec4 0, 0, 32; draw_string_vec4
    %concat/vec4; draw_string_vec4
    %pushi/vec4 0, 0, 32; draw_string_vec4
    %concat/vec4; draw_string_vec4
    %pushi/vec4 0, 0, 32; draw_string_vec4
    %concat/vec4; draw_string_vec4
    %pushi/vec4 0, 0, 32; draw_string_vec4
    %concat/vec4; draw_string_vec4
    %pushi/vec4 1449485172, 0, 32; draw_string_vec4
    %concat/vec4; draw_string_vec4
    %pushi/vec4 1869756960, 0, 32; draw_string_vec4
    %concat/vec4; draw_string_vec4
    %pushi/vec4 1702391909, 0, 32; draw_string_vec4
    %concat/vec4; draw_string_vec4
    %pushi/vec4 1668572516, 0, 32; draw_string_vec4
    %concat/vec4; draw_string_vec4
    %pushi/vec4 541216596, 0, 32; draw_string_vec4
    %concat/vec4; draw_string_vec4
    %pushi/vec4 1214203218, 0, 32; draw_string_vec4
    %concat/vec4; draw_string_vec4
    %pushi/vec4 1380930131, 0, 32; draw_string_vec4
    %concat/vec4; draw_string_vec4
    %store/vec4 v0x640c1c348d50_0, 0, 416;
    %load/vec4 v0x640c1c39b170_0;
    %flag_set/vec4 9;
    %flag_get/vec4 9;
    %jmp/0 T_22.30, 9;
    %load/vec4 v0x640c1c39b0d0_0;
    %and;
T_22.30;
    %flag_set/vec4 8;
    %flag_get/vec4 8;
    %jmp/0 T_22.29, 8;
    %load/vec4 v0x640c1c39b210_0;
    %nor/r;
    %and;
T_22.29;
    %store/vec4 v0x640c1c349aa0_0, 0, 1;
    %fork TD_uart_vectors_tb.check_cond, S_0x640c1c393430;
    %join;
    %jmp T_22.28;
T_22.27 ;
    %vpi_call/w 3 203 "$display", "  *** unrecognized expected outcome '%0s' in vector file ***", v0x640c1c39b680_0 {0 0 0};
    %load/vec4 v0x640c1c39ad30_0;
    %addi 1, 0, 32;
    %store/vec4 v0x640c1c39ad30_0, 0, 32;
T_22.28 ;
T_22.24 ;
T_22.20 ;
T_22.16 ;
T_22.11 ;
T_22.6 ;
    %jmp T_22.4;
T_22.5 ;
    %vpi_call/w 3 209 "$fclose", v0x640c1c39adf0_0 {0 0 0};
    %vpi_call/w 3 211 "$display", "----------------------------------------" {0 0 0};
    %vpi_call/w 3 212 "$display", "  %0d vectors replayed from tb/vectors/random_vectors.txt", v0x640c1c39c890_0 {0 0 0};
    %fork TD_uart_vectors_tb.print_summary, S_0x640c1c398c50;
    %join;
    %vpi_call/w 3 214 "$finish" {0 0 0};
    %end;
    .thread T_22;
    .scope S_0x640c1c3771e0;
T_23 ;
    %delay 2820130816, 4;
    %vpi_call/w 3 219 "$display", "*** WATCHDOG TIMEOUT ***" {0 0 0};
    %vpi_call/w 3 220 "$finish" {0 0 0};
    %end;
    .thread T_23;
# The file index is used to find the file name in the following table.
:file_names 6;
    "N/A";
    "<interactive>";
    "-";
    "tb/uart_vectors_tb.v";
    "tb/uart_tasks.v";
    "rtl/uart_rx.v";
