----------------------------------------
UART RX UNIT TEST (parity / framing / break fault injection)
----------------------------------------
TEST 1: Reset: rx_busy low (EVEN)                          PASS
TEST 2: Reset: rx_valid low (EVEN)                         PASS
TEST 3: Reset: no errors (EVEN)                            PASS
TEST 4: Good EVEN frame -> clean rx_valid                  PASS
TEST 5: Good EVEN frame -> correct byte                    PASS  (expected 0x00, got 0x00)
TEST 6: Good EVEN frame -> clean rx_valid                  PASS
TEST 7: Good EVEN frame -> correct byte                    PASS  (expected 0xff, got 0xff)
TEST 8: Good EVEN frame -> clean rx_valid                  PASS
TEST 9: Good EVEN frame -> correct byte                    PASS  (expected 0x55, got 0x55)
TEST 10: Good EVEN frame -> clean rx_valid                  PASS
TEST 11: Good EVEN frame -> correct byte                    PASS  (expected 0xaa, got 0xaa)
TEST 12: Good EVEN frame -> clean rx_valid                  PASS
TEST 13: Good EVEN frame -> correct byte                    PASS  (expected 0x01, got 0x01)
TEST 14: Injected bad parity -> parity_error, no rx_valid   PASS
TEST 15: Injected bad parity -> parity_error, no rx_valid   PASS
TEST 16: Injected bad parity -> parity_error, no rx_valid   PASS
TEST 17: Injected bad parity -> parity_error, no rx_valid   PASS
TEST 18: Injected bad parity -> parity_error, no rx_valid   PASS
TEST 19: Good ODD frame -> clean rx_valid                   PASS
TEST 20: Good ODD frame -> correct byte                     PASS  (expected 0x00, got 0x00)
TEST 21: ODD: injected bad parity -> parity_error           PASS
TEST 22: Good ODD frame -> clean rx_valid                   PASS
TEST 23: Good ODD frame -> correct byte                     PASS  (expected 0xff, got 0xff)
TEST 24: ODD: injected bad parity -> parity_error           PASS
TEST 25: Good ODD frame -> clean rx_valid                   PASS
TEST 26: Good ODD frame -> correct byte                     PASS  (expected 0x55, got 0x55)
TEST 27: ODD: injected bad parity -> parity_error           PASS
TEST 28: Good ODD frame -> clean rx_valid                   PASS
TEST 29: Good ODD frame -> correct byte                     PASS  (expected 0xaa, got 0xaa)
TEST 30: ODD: injected bad parity -> parity_error           PASS
TEST 31: Good ODD frame -> clean rx_valid                   PASS
TEST 32: Good ODD frame -> correct byte                     PASS  (expected 0x01, got 0x01)
TEST 33: ODD: injected bad parity -> parity_error           PASS
TEST 34: Injected bad stop bit -> framing_error, no rx_valid PASS
TEST 35: Injected bad stop bit -> framing_error, no rx_valid PASS
TEST 36: Injected bad stop bit -> framing_error, no rx_valid PASS
TEST 37: Injected bad stop bit -> framing_error, no rx_valid PASS
TEST 38: Injected bad stop bit -> framing_error, no rx_valid PASS
TEST 39: framing both wrong -> both errors pulse, no rx_valid PASS
TEST 40: Back-to-back: exactly 2 clean bytes received       PASS
TEST 41: Back-to-back: exactly 1 parity error               PASS
TEST 42: Back-to-back frame 1 (good)                        PASS  (expected 0xde, got 0xde)
TEST 43: Back-to-back frame 3 (good)                        PASS  (expected 0xbe, got 0xbe)
TEST 44: -bit glitch -> no rx_valid and no error flags at all PASS
TEST 45: elow break threshold -> break_detected never asserts PASS
TEST 46: break threshold -> exactly one leading framing_error PASS
TEST 47: At/above break threshold -> break_detected asserts PASS
TEST 48: After line release -> break_detected clears        PASS
TEST 49: id frame immediately after a break -> clean rx_valid PASS
TEST 50: alid frame immediately after a break -> correct byte PASS  (expected 0x5a, got 0x5a)
TEST 51: Reset mid-frame -> rx_busy clears                  PASS
TEST 52: Reset mid-frame -> no spurious rx_valid/errors     PASS
TEST 53: Receiver functional again after mid-frame reset    PASS
TEST 54: Post-reset-recovery frame correct                  PASS  (expected 0x99, got 0x99)
----------------------------------------
  54 / 54 tests passed
  ALL TESTS PASSED
----------------------------------------
tb/uart_rx_tb.v:422: $finish called at 40890000 (1ps)
